{
    "-stub": {
        "content": [
            76,
            {
                "BCFTOOLS_DEDUP": {
                    "bcftools": 1.18
                },
                "BCFTOOLS_MERGE": {
                    "bcftools": 1.2
                },
                "BCFTOOLS_NORM": {
                    "bcftools": 1.18
                },
                "BCFTOOLS_REHEADER": {
                    "bcftools": 1.18
                },
                "BCFTOOLS_SORT": {
                    "bcftools": 1.18
                },
                "BCFTOOLS_STATS": {
                    "bcftools": 1.18
                },
                "DATAVZRD": {
                    "datavzrd": "2.36.12"
                },
                "HAPPY_HAPPY": {
                    "hap.py": "0.3.14"
                },
                "HAPPY_PREPY": {
                    "pre.py": "0.3.14"
                },
                "MERGE_REPORTS": {
                    "python": "3.8.6"
                },
                "PLOTS": {
                    "r-base": "4.3.1"
                },
                "REFORMAT_HEADER": {
                    "tabix": 1.12
                },
                "RTGTOOLS_FORMAT": {
                    "rtg-tools": "3.12.1"
                },
                "RTGTOOLS_VCFEVAL": {
                    "rtg-tools": "3.12.1"
                },
                "TABIX_BGZIP": {
                    "tabix": "1.19.1"
                },
                "TABIX_TABIX": {
                    "tabix": "1.19.1"
                },
                "VCF_TO_CSV": {
                    "python": "3.12.4"
                },
                "Workflow": {
                    "nf-core/variantbenchmarking": "v1.0dev"
                }
            },
            [
                "pipeline_info",
                "pipeline_info/nf_core_pipeline_software_mqc_versions.yml",
                "references",
                "references/rtgtools",
                "references/rtgtools/genome.sdf",
                "small",
                "small/HG002",
                "small/HG002/preprocess",
                "small/HG002/preprocess/HG002_GRCh38_CMRG_smallvar_v1.00.rh.norm.dedup.sort.vcf.gz",
                "small/HG002/stats",
                "small/HG002/stats/bcftools",
                "small/HG002/stats/bcftools/HG002.bcftools_stats.txt",
                "small/multiqc",
                "small/multiqc/multiqc_data",
                "small/multiqc/multiqc_plots",
                "small/multiqc/multiqc_report.html",
                "small/summary",
                "small/summary/comparisons",
                "small/summary/comparisons/small",
                "small/summary/comparisons/small/rtgtools.FN.csv",
                "small/summary/comparisons/small/rtgtools.FP.csv",
                "small/summary/comparisons/small/rtgtools.TP_base.csv",
                "small/summary/comparisons/small/rtgtools.TP_comp.csv",
                "small/summary/datavzrd",
                "small/summary/datavzrd/happy",
                "small/summary/datavzrd/happy/index.html",
                "small/summary/datavzrd/happy/network",
                "small/summary/datavzrd/happy/network/config.js",
                "small/summary/datavzrd/happy/network/data",
                "small/summary/datavzrd/happy/network/data/data_1.js",
                "small/summary/datavzrd/happy/network/functions.js",
                "small/summary/datavzrd/happy/network/heatmap.js",
                "small/summary/datavzrd/happy/network/index_1.html",
                "small/summary/datavzrd/happy/network/plots",
                "small/summary/datavzrd/happy/network/plots/plot_0.js",
                "small/summary/datavzrd/happy/static",
                "small/summary/datavzrd/happy/static/bootstrap-select.min.css",
                "small/summary/datavzrd/happy/static/bootstrap-table-fixed-columns.min.css",
                "small/summary/datavzrd/happy/static/bootstrap-table.min.css",
                "small/summary/datavzrd/happy/static/bootstrap.min.css",
                "small/summary/datavzrd/happy/static/bundle.js",
                "small/summary/datavzrd/happy/static/datavzrd.css",
                "small/summary/datavzrd/rtgtools",
                "small/summary/datavzrd/rtgtools/index.html",
                "small/summary/datavzrd/rtgtools/network",
                "small/summary/datavzrd/rtgtools/network/config.js",
                "small/summary/datavzrd/rtgtools/network/data",
                "small/summary/datavzrd/rtgtools/network/data/data_1.js",
                "small/summary/datavzrd/rtgtools/network/functions.js",
                "small/summary/datavzrd/rtgtools/network/heatmap.js",
                "small/summary/datavzrd/rtgtools/network/index_1.html",
                "small/summary/datavzrd/rtgtools/network/plots",
                "small/summary/datavzrd/rtgtools/network/plots/plot_0.js",
                "small/summary/datavzrd/rtgtools/static",
                "small/summary/datavzrd/rtgtools/static/bootstrap-select.min.css",
                "small/summary/datavzrd/rtgtools/static/bootstrap-table-fixed-columns.min.css",
                "small/summary/datavzrd/rtgtools/static/bootstrap-table.min.css",
                "small/summary/datavzrd/rtgtools/static/bootstrap.min.css",
                "small/summary/datavzrd/rtgtools/static/bundle.js",
                "small/summary/datavzrd/rtgtools/static/datavzrd.css",
                "small/summary/datavzrd/versions.yml",
                "small/summary/plots",
                "small/summary/plots/happy",
                "small/summary/plots/happy/metric_by_tool_happy.png",
                "small/summary/plots/happy/variants_by_tool_happy.png",
                "small/summary/plots/rtgtools",
                "small/summary/plots/rtgtools/metric_by_tool_rtgtools.png",
                "small/summary/plots/rtgtools/variants_by_tool_rtgtools.png",
                "small/summary/tables",
                "small/summary/tables/happy",
                "small/summary/tables/happy/happy.regions.csv",
                "small/summary/tables/happy/happy.summary.csv",
                "small/summary/tables/rtgtools",
                "small/summary/tables/rtgtools/rtgtools.regions.csv",
                "small/summary/tables/rtgtools/rtgtools.summary.csv",
                "small/test1",
                "small/test1/benchmarks",
                "small/test1/benchmarks/happy",
                "small/test1/benchmarks/happy/test1.HG002.strelka.extended.csv",
                "small/test1/benchmarks/happy/test1.HG002.strelka.metrics.json.gz",
                "small/test1/benchmarks/happy/test1.HG002.strelka.roc.Locations.INDEL.PASS.csv.gz",
                "small/test1/benchmarks/happy/test1.HG002.strelka.roc.Locations.INDEL.csv.gz",
                "small/test1/benchmarks/happy/test1.HG002.strelka.roc.Locations.SNP.PASS.csv.gz",
                "small/test1/benchmarks/happy/test1.HG002.strelka.roc.Locations.SNP.csv.gz",
                "small/test1/benchmarks/happy/test1.HG002.strelka.roc.all.csv.gz",
                "small/test1/benchmarks/happy/test1.HG002.strelka.runinfo.json",
                "small/test1/benchmarks/happy/test1.HG002.strelka.summary.csv",
                "small/test1/benchmarks/happy/test1.HG002.strelka.vcf.gz",
                "small/test1/benchmarks/happy/test1.HG002.strelka.vcf.gz.tbi",
                "small/test1/benchmarks/rtgtools",
                "small/test1/benchmarks/rtgtools/test1.HG002.strelka.fn.vcf.gz",
                "small/test1/benchmarks/rtgtools/test1.HG002.strelka.fn.vcf.gz.tbi",
                "small/test1/benchmarks/rtgtools/test1.HG002.strelka.fp.vcf.gz",
                "small/test1/benchmarks/rtgtools/test1.HG002.strelka.fp.vcf.gz.tbi",
                "small/test1/benchmarks/rtgtools/test1.HG002.strelka.non_snp_roc.tsv.gz",
                "small/test1/benchmarks/rtgtools/test1.HG002.strelka.phasing.txt",
                "small/test1/benchmarks/rtgtools/test1.HG002.strelka.snp_roc.tsv.gz",
                "small/test1/benchmarks/rtgtools/test1.HG002.strelka.summary.txt",
                "small/test1/benchmarks/rtgtools/test1.HG002.strelka.tp-baseline.vcf.gz",
                "small/test1/benchmarks/rtgtools/test1.HG002.strelka.tp-baseline.vcf.gz.tbi",
                "small/test1/benchmarks/rtgtools/test1.HG002.strelka.tp.vcf.gz",
                "small/test1/benchmarks/rtgtools/test1.HG002.strelka.tp.vcf.gz.tbi",
                "small/test1/benchmarks/rtgtools/test1.HG002.strelka.weighted_roc.tsv.gz",
                "small/test1/preprocess",
                "small/test1/preprocess/test1.HG002.strelka.prepy.vcf.gz",
                "small/test1/preprocess/test1.dedup.sort.vcf.gz",
                "small/test1/stats",
                "small/test1/stats/bcftools",
                "small/test1/stats/bcftools/test1.strelka.bcftools_stats.txt",
                "small/test2",
                "small/test2/benchmarks",
                "small/test2/benchmarks/happy",
                "small/test2/benchmarks/happy/test2.HG002.bcftools.extended.csv",
                "small/test2/benchmarks/happy/test2.HG002.bcftools.metrics.json.gz",
                "small/test2/benchmarks/happy/test2.HG002.bcftools.roc.Locations.INDEL.PASS.csv.gz",
                "small/test2/benchmarks/happy/test2.HG002.bcftools.roc.Locations.INDEL.csv.gz",
                "small/test2/benchmarks/happy/test2.HG002.bcftools.roc.Locations.SNP.PASS.csv.gz",
                "small/test2/benchmarks/happy/test2.HG002.bcftools.roc.Locations.SNP.csv.gz",
                "small/test2/benchmarks/happy/test2.HG002.bcftools.roc.all.csv.gz",
                "small/test2/benchmarks/happy/test2.HG002.bcftools.runinfo.json",
                "small/test2/benchmarks/happy/test2.HG002.bcftools.summary.csv",
                "small/test2/benchmarks/happy/test2.HG002.bcftools.vcf.gz",
                "small/test2/benchmarks/happy/test2.HG002.bcftools.vcf.gz.tbi",
                "small/test2/benchmarks/rtgtools",
                "small/test2/benchmarks/rtgtools/test2.HG002.bcftools.fn.vcf.gz",
                "small/test2/benchmarks/rtgtools/test2.HG002.bcftools.fn.vcf.gz.tbi",
                "small/test2/benchmarks/rtgtools/test2.HG002.bcftools.fp.vcf.gz",
                "small/test2/benchmarks/rtgtools/test2.HG002.bcftools.fp.vcf.gz.tbi",
                "small/test2/benchmarks/rtgtools/test2.HG002.bcftools.non_snp_roc.tsv.gz",
                "small/test2/benchmarks/rtgtools/test2.HG002.bcftools.phasing.txt",
                "small/test2/benchmarks/rtgtools/test2.HG002.bcftools.snp_roc.tsv.gz",
                "small/test2/benchmarks/rtgtools/test2.HG002.bcftools.summary.txt",
                "small/test2/benchmarks/rtgtools/test2.HG002.bcftools.tp-baseline.vcf.gz",
                "small/test2/benchmarks/rtgtools/test2.HG002.bcftools.tp-baseline.vcf.gz.tbi",
                "small/test2/benchmarks/rtgtools/test2.HG002.bcftools.tp.vcf.gz",
                "small/test2/benchmarks/rtgtools/test2.HG002.bcftools.tp.vcf.gz.tbi",
                "small/test2/benchmarks/rtgtools/test2.HG002.bcftools.weighted_roc.tsv.gz",
                "small/test2/preprocess",
                "small/test2/preprocess/test2.HG002.bcftools.prepy.vcf.gz",
                "small/test2/preprocess/test2.dedup.sort.vcf.gz",
                "small/test2/stats",
                "small/test2/stats/bcftools",
                "small/test2/stats/bcftools/test2.bcftools.bcftools_stats.txt"
            ],
            [
                "genome.sdf:md5,d41d8cd98f00b204e9800998ecf8427e",
                "HG002.bcftools_stats.txt:md5,d41d8cd98f00b204e9800998ecf8427e",
                "multiqc_plots:md5,d41d8cd98f00b204e9800998ecf8427e",
                "config.js:md5,d41d8cd98f00b204e9800998ecf8427e",
                "data_1.js:md5,d41d8cd98f00b204e9800998ecf8427e",
                "functions.js:md5,d41d8cd98f00b204e9800998ecf8427e",
                "heatmap.js:md5,d41d8cd98f00b204e9800998ecf8427e",
                "index_1.html:md5,d41d8cd98f00b204e9800998ecf8427e",
                "plot_0.js:md5,d41d8cd98f00b204e9800998ecf8427e",
                "config.js:md5,d41d8cd98f00b204e9800998ecf8427e",
                "data_1.js:md5,d41d8cd98f00b204e9800998ecf8427e",
                "functions.js:md5,d41d8cd98f00b204e9800998ecf8427e",
                "heatmap.js:md5,d41d8cd98f00b204e9800998ecf8427e",
                "index_1.html:md5,d41d8cd98f00b204e9800998ecf8427e",
                "plot_0.js:md5,d41d8cd98f00b204e9800998ecf8427e",
                "test1.HG002.strelka.extended.csv:md5,d41d8cd98f00b204e9800998ecf8427e",
                "test1.HG002.strelka.roc.Locations.INDEL.PASS.csv.gz:md5,68b329da9893e34099c7d8ad5cb9c940",
                "test1.HG002.strelka.roc.Locations.INDEL.csv.gz:md5,68b329da9893e34099c7d8ad5cb9c940",
                "test1.HG002.strelka.roc.Locations.SNP.PASS.csv.gz:md5,68b329da9893e34099c7d8ad5cb9c940",
                "test1.HG002.strelka.roc.Locations.SNP.csv.gz:md5,68b329da9893e34099c7d8ad5cb9c940",
                "test1.HG002.strelka.roc.all.csv.gz:md5,68b329da9893e34099c7d8ad5cb9c940",
                "test1.HG002.strelka.summary.csv:md5,d41d8cd98f00b204e9800998ecf8427e",
                "test1.HG002.strelka.phasing.txt:md5,d41d8cd98f00b204e9800998ecf8427e",
                "test1.HG002.strelka.summary.txt:md5,d41d8cd98f00b204e9800998ecf8427e",
                "test1.strelka.bcftools_stats.txt:md5,d41d8cd98f00b204e9800998ecf8427e",
                "test2.HG002.bcftools.extended.csv:md5,d41d8cd98f00b204e9800998ecf8427e",
                "test2.HG002.bcftools.roc.Locations.INDEL.PASS.csv.gz:md5,68b329da9893e34099c7d8ad5cb9c940",
                "test2.HG002.bcftools.roc.Locations.INDEL.csv.gz:md5,68b329da9893e34099c7d8ad5cb9c940",
                "test2.HG002.bcftools.roc.Locations.SNP.PASS.csv.gz:md5,68b329da9893e34099c7d8ad5cb9c940",
                "test2.HG002.bcftools.roc.Locations.SNP.csv.gz:md5,68b329da9893e34099c7d8ad5cb9c940",
                "test2.HG002.bcftools.roc.all.csv.gz:md5,68b329da9893e34099c7d8ad5cb9c940",
                "test2.HG002.bcftools.summary.csv:md5,d41d8cd98f00b204e9800998ecf8427e",
                "test2.HG002.bcftools.phasing.txt:md5,d41d8cd98f00b204e9800998ecf8427e",
                "test2.HG002.bcftools.summary.txt:md5,d41d8cd98f00b204e9800998ecf8427e",
                "test2.bcftools.bcftools_stats.txt:md5,d41d8cd98f00b204e9800998ecf8427e"
            ]
        ],
        "meta": {
            "nf-test": "0.9.0",
            "nextflow": "24.10.0"
        },
        "timestamp": "2024-11-12T16:10:22.614364432"
    },
    "Params: --analysis 'germline' --variant_type 'small' --method 'happy,rtgtools'": {
        "content": [
            76,
            {
                "BCFTOOLS_DEDUP": {
                    "bcftools": 1.18
                },
                "BCFTOOLS_MERGE": {
                    "bcftools": 1.2
                },
                "BCFTOOLS_NORM": {
                    "bcftools": 1.18
                },
                "BCFTOOLS_REHEADER": {
                    "bcftools": 1.18
                },
                "BCFTOOLS_SORT": {
                    "bcftools": 1.18
                },
                "BCFTOOLS_STATS": {
                    "bcftools": 1.18
                },
                "DATAVZRD": {
                    "datavzrd": "2.36.12"
                },
                "HAPPY_HAPPY": {
                    "hap.py": "0.3.14"
                },
                "HAPPY_PREPY": {
                    "pre.py": "0.3.14"
                },
                "MERGE_REPORTS": {
                    "python": "3.8.6"
                },
                "PLOTS": {
                    "r-base": "4.3.1"
                },
                "REFORMAT_HEADER": {
                    "tabix": 1.12
                },
                "RTGTOOLS_FORMAT": {
                    "rtg-tools": "3.12.1"
                },
                "RTGTOOLS_VCFEVAL": {
                    "rtg-tools": "3.12.1"
                },
                "TABIX_BGZIP": {
                    "tabix": "1.19.1"
                },
                "TABIX_TABIX": {
                    "tabix": "1.19.1"
                },
                "VCF_TO_CSV": {
                    "python": "3.12.4"
                },
                "Workflow": {
                    "nf-core/variantbenchmarking": "v1.0dev"
                }
            },
            [
                "pipeline_info",
                "pipeline_info/nf_core_pipeline_software_mqc_versions.yml",
                "references",
                "references/rtgtools",
                "references/rtgtools/genome.sdf",
                "references/rtgtools/genome.sdf/done",
                "references/rtgtools/genome.sdf/format.log",
                "references/rtgtools/genome.sdf/mainIndex",
                "references/rtgtools/genome.sdf/nameIndex0",
                "references/rtgtools/genome.sdf/namedata0",
                "references/rtgtools/genome.sdf/namepointer0",
                "references/rtgtools/genome.sdf/progress",
                "references/rtgtools/genome.sdf/reference.txt",
                "references/rtgtools/genome.sdf/seqdata0",
                "references/rtgtools/genome.sdf/seqdata1",
                "references/rtgtools/genome.sdf/seqdata2",
                "references/rtgtools/genome.sdf/seqdata3",
                "references/rtgtools/genome.sdf/seqpointer0",
                "references/rtgtools/genome.sdf/seqpointer1",
                "references/rtgtools/genome.sdf/seqpointer2",
                "references/rtgtools/genome.sdf/seqpointer3",
                "references/rtgtools/genome.sdf/sequenceIndex0",
                "references/rtgtools/genome.sdf/suffixIndex0",
                "references/rtgtools/genome.sdf/suffixdata0",
                "references/rtgtools/genome.sdf/suffixpointer0",
                "references/rtgtools/genome.sdf/summary.txt",
                "small",
                "small/HG002",
                "small/HG002/preprocess",
                "small/HG002/preprocess/HG002_GRCh38_CMRG_smallvar_v1.00.rh.norm.dedup.sort.vcf.gz",
                "small/HG002/stats",
                "small/HG002/stats/bcftools",
                "small/HG002/stats/bcftools/HG002.bcftools_stats.txt",
                "small/multiqc",
                "small/multiqc/multiqc_data",
                "small/multiqc/multiqc_data/multiqc.log",
                "small/multiqc/multiqc_data/multiqc_citations.txt",
                "small/multiqc/multiqc_data/multiqc_data.json",
                "small/multiqc/multiqc_data/multiqc_software_versions.txt",
                "small/multiqc/multiqc_data/multiqc_sources.txt",
                "small/multiqc/multiqc_report.html",
                "small/summary",
                "small/summary/comparisons",
                "small/summary/comparisons/small",
                "small/summary/comparisons/small/rtgtools.FN.csv",
                "small/summary/comparisons/small/rtgtools.FP.csv",
                "small/summary/comparisons/small/rtgtools.TP_base.csv",
                "small/summary/comparisons/small/rtgtools.TP_comp.csv",
                "small/summary/datavzrd",
                "small/summary/datavzrd/happy",
                "small/summary/datavzrd/happy/index.html",
                "small/summary/datavzrd/happy/static",
                "small/summary/datavzrd/happy/static/bootstrap-select.min.css",
                "small/summary/datavzrd/happy/static/bootstrap-table-fixed-columns.min.css",
                "small/summary/datavzrd/happy/static/bootstrap-table.min.css",
                "small/summary/datavzrd/happy/static/bootstrap.min.css",
                "small/summary/datavzrd/happy/static/bundle.js",
                "small/summary/datavzrd/happy/static/datavzrd.css",
                "small/summary/datavzrd/happy/test",
                "small/summary/datavzrd/happy/test/config.js",
                "small/summary/datavzrd/happy/test/data",
                "small/summary/datavzrd/happy/test/data/data_1.js",
                "small/summary/datavzrd/happy/test/functions.js",
                "small/summary/datavzrd/happy/test/heatmap.js",
                "small/summary/datavzrd/happy/test/index_1.html",
                "small/summary/datavzrd/happy/test/plots",
                "small/summary/datavzrd/happy/test/plots/plot_0.js",
                "small/summary/datavzrd/happy/test/plots/plot_1.js",
                "small/summary/datavzrd/happy/test/plots/plot_10.js",
                "small/summary/datavzrd/happy/test/plots/plot_11.js",
                "small/summary/datavzrd/happy/test/plots/plot_12.js",
                "small/summary/datavzrd/happy/test/plots/plot_13.js",
                "small/summary/datavzrd/happy/test/plots/plot_14.js",
                "small/summary/datavzrd/happy/test/plots/plot_15.js",
                "small/summary/datavzrd/happy/test/plots/plot_16.js",
                "small/summary/datavzrd/happy/test/plots/plot_17.js",
                "small/summary/datavzrd/happy/test/plots/plot_18.js",
                "small/summary/datavzrd/happy/test/plots/plot_2.js",
                "small/summary/datavzrd/happy/test/plots/plot_3.js",
                "small/summary/datavzrd/happy/test/plots/plot_4.js",
                "small/summary/datavzrd/happy/test/plots/plot_5.js",
                "small/summary/datavzrd/happy/test/plots/plot_6.js",
                "small/summary/datavzrd/happy/test/plots/plot_7.js",
                "small/summary/datavzrd/happy/test/plots/plot_8.js",
                "small/summary/datavzrd/happy/test/plots/plot_9.js",
                "small/summary/datavzrd/rtgtools",
                "small/summary/datavzrd/rtgtools/index.html",
                "small/summary/datavzrd/rtgtools/static",
                "small/summary/datavzrd/rtgtools/static/bootstrap-select.min.css",
                "small/summary/datavzrd/rtgtools/static/bootstrap-table-fixed-columns.min.css",
                "small/summary/datavzrd/rtgtools/static/bootstrap-table.min.css",
                "small/summary/datavzrd/rtgtools/static/bootstrap.min.css",
                "small/summary/datavzrd/rtgtools/static/bundle.js",
                "small/summary/datavzrd/rtgtools/static/datavzrd.css",
                "small/summary/datavzrd/rtgtools/test",
                "small/summary/datavzrd/rtgtools/test/config.js",
                "small/summary/datavzrd/rtgtools/test/data",
                "small/summary/datavzrd/rtgtools/test/data/data_1.js",
                "small/summary/datavzrd/rtgtools/test/functions.js",
                "small/summary/datavzrd/rtgtools/test/heatmap.js",
                "small/summary/datavzrd/rtgtools/test/index_1.html",
                "small/summary/datavzrd/rtgtools/test/plots",
                "small/summary/datavzrd/rtgtools/test/plots/plot_0.js",
                "small/summary/datavzrd/rtgtools/test/plots/plot_1.js",
                "small/summary/datavzrd/rtgtools/test/plots/plot_2.js",
                "small/summary/datavzrd/rtgtools/test/plots/plot_3.js",
                "small/summary/datavzrd/rtgtools/test/plots/plot_4.js",
                "small/summary/datavzrd/rtgtools/test/plots/plot_5.js",
                "small/summary/datavzrd/rtgtools/test/plots/plot_6.js",
                "small/summary/datavzrd/rtgtools/test/plots/plot_7.js",
                "small/summary/datavzrd/rtgtools/test/plots/plot_8.js",
                "small/summary/datavzrd/versions.yml",
                "small/summary/plots",
                "small/summary/plots/happy",
                "small/summary/plots/happy/INDEL_ALL_metric_by_tool_happy.png",
                "small/summary/plots/happy/INDEL_ALL_variants_by_tool_happy.png",
                "small/summary/plots/happy/INDEL_PASS_metric_by_tool_happy.png",
                "small/summary/plots/happy/INDEL_PASS_variants_by_tool_happy.png",
                "small/summary/plots/happy/SNP_ALL_metric_by_tool_happy.png",
                "small/summary/plots/happy/SNP_ALL_variants_by_tool_happy.png",
                "small/summary/plots/happy/SNP_PASS_metric_by_tool_happy.png",
                "small/summary/plots/happy/SNP_PASS_variants_by_tool_happy.png",
                "small/summary/plots/rtgtools",
                "small/summary/plots/rtgtools/metric_by_tool_rtgtools.png",
                "small/summary/plots/rtgtools/variants_by_tool_rtgtools.png",
                "small/summary/tables",
                "small/summary/tables/happy",
                "small/summary/tables/happy/happy.summary.csv",
                "small/summary/tables/rtgtools",
                "small/summary/tables/rtgtools/rtgtools.summary.csv",
                "small/test1",
                "small/test1/benchmarks",
                "small/test1/benchmarks/happy",
                "small/test1/benchmarks/happy/test1.HG002.strelka.extended.csv",
                "small/test1/benchmarks/happy/test1.HG002.strelka.metrics.json.gz",
                "small/test1/benchmarks/happy/test1.HG002.strelka.roc.Locations.INDEL.PASS.csv.gz",
                "small/test1/benchmarks/happy/test1.HG002.strelka.roc.Locations.INDEL.csv.gz",
                "small/test1/benchmarks/happy/test1.HG002.strelka.roc.Locations.SNP.PASS.csv.gz",
                "small/test1/benchmarks/happy/test1.HG002.strelka.roc.Locations.SNP.csv.gz",
                "small/test1/benchmarks/happy/test1.HG002.strelka.roc.all.csv.gz",
                "small/test1/benchmarks/happy/test1.HG002.strelka.runinfo.json",
                "small/test1/benchmarks/happy/test1.HG002.strelka.summary.csv",
                "small/test1/benchmarks/happy/test1.HG002.strelka.vcf.gz",
                "small/test1/benchmarks/happy/test1.HG002.strelka.vcf.gz.tbi",
                "small/test1/benchmarks/rtgtools",
                "small/test1/benchmarks/rtgtools/test1.HG002.strelka.fn.vcf.gz",
                "small/test1/benchmarks/rtgtools/test1.HG002.strelka.fn.vcf.gz.tbi",
                "small/test1/benchmarks/rtgtools/test1.HG002.strelka.fp.vcf.gz",
                "small/test1/benchmarks/rtgtools/test1.HG002.strelka.fp.vcf.gz.tbi",
                "small/test1/benchmarks/rtgtools/test1.HG002.strelka.non_snp_roc.tsv.gz",
                "small/test1/benchmarks/rtgtools/test1.HG002.strelka.phasing.txt",
                "small/test1/benchmarks/rtgtools/test1.HG002.strelka.snp_roc.tsv.gz",
                "small/test1/benchmarks/rtgtools/test1.HG002.strelka.summary.txt",
                "small/test1/benchmarks/rtgtools/test1.HG002.strelka.tp-baseline.vcf.gz",
                "small/test1/benchmarks/rtgtools/test1.HG002.strelka.tp-baseline.vcf.gz.tbi",
                "small/test1/benchmarks/rtgtools/test1.HG002.strelka.tp.vcf.gz",
                "small/test1/benchmarks/rtgtools/test1.HG002.strelka.tp.vcf.gz.tbi",
                "small/test1/benchmarks/rtgtools/test1.HG002.strelka.weighted_roc.tsv.gz",
                "small/test1/preprocess",
                "small/test1/preprocess/test1.HG002.strelka.prepy.vcf.gz",
                "small/test1/preprocess/test1.dedup.sort.vcf.gz",
                "small/test1/stats",
                "small/test1/stats/bcftools",
                "small/test1/stats/bcftools/test1.strelka.bcftools_stats.txt",
                "small/test2",
                "small/test2/benchmarks",
                "small/test2/benchmarks/happy",
                "small/test2/benchmarks/happy/test2.HG002.bcftools.extended.csv",
                "small/test2/benchmarks/happy/test2.HG002.bcftools.metrics.json.gz",
                "small/test2/benchmarks/happy/test2.HG002.bcftools.roc.Locations.INDEL.PASS.csv.gz",
                "small/test2/benchmarks/happy/test2.HG002.bcftools.roc.Locations.INDEL.csv.gz",
                "small/test2/benchmarks/happy/test2.HG002.bcftools.roc.Locations.SNP.PASS.csv.gz",
                "small/test2/benchmarks/happy/test2.HG002.bcftools.roc.Locations.SNP.csv.gz",
                "small/test2/benchmarks/happy/test2.HG002.bcftools.roc.all.csv.gz",
                "small/test2/benchmarks/happy/test2.HG002.bcftools.runinfo.json",
                "small/test2/benchmarks/happy/test2.HG002.bcftools.summary.csv",
                "small/test2/benchmarks/happy/test2.HG002.bcftools.vcf.gz",
                "small/test2/benchmarks/happy/test2.HG002.bcftools.vcf.gz.tbi",
                "small/test2/benchmarks/rtgtools",
                "small/test2/benchmarks/rtgtools/test2.HG002.bcftools.fn.vcf.gz",
                "small/test2/benchmarks/rtgtools/test2.HG002.bcftools.fn.vcf.gz.tbi",
                "small/test2/benchmarks/rtgtools/test2.HG002.bcftools.fp.vcf.gz",
                "small/test2/benchmarks/rtgtools/test2.HG002.bcftools.fp.vcf.gz.tbi",
                "small/test2/benchmarks/rtgtools/test2.HG002.bcftools.non_snp_roc.tsv.gz",
                "small/test2/benchmarks/rtgtools/test2.HG002.bcftools.phasing.txt",
                "small/test2/benchmarks/rtgtools/test2.HG002.bcftools.snp_roc.tsv.gz",
                "small/test2/benchmarks/rtgtools/test2.HG002.bcftools.summary.txt",
                "small/test2/benchmarks/rtgtools/test2.HG002.bcftools.tp-baseline.vcf.gz",
                "small/test2/benchmarks/rtgtools/test2.HG002.bcftools.tp-baseline.vcf.gz.tbi",
                "small/test2/benchmarks/rtgtools/test2.HG002.bcftools.tp.vcf.gz",
                "small/test2/benchmarks/rtgtools/test2.HG002.bcftools.tp.vcf.gz.tbi",
                "small/test2/benchmarks/rtgtools/test2.HG002.bcftools.weighted_roc.tsv.gz",
                "small/test2/preprocess",
                "small/test2/preprocess/test2.HG002.bcftools.prepy.vcf.gz",
                "small/test2/preprocess/test2.dedup.sort.vcf.gz",
                "small/test2/stats",
                "small/test2/stats/bcftools",
                "small/test2/stats/bcftools/test2.bcftools.bcftools_stats.txt"
            ],
            [
                "nameIndex0:md5,720ad6dfad3d1ee07a3a2bc3ed953395",
                "namedata0:md5,758c4a60948aed6c6a4c78323aa73ab3",
                "namepointer0:md5,319f9f665b338f0e218677e036637e94",
                "reference.txt:md5,c9f7ef637449eb0f006d90080a130e30",
                "seqdata0:md5,ea8728adf43db158305ba188de66e838",
                "seqdata1:md5,d3470516d52b20e9477323d051846c3f",
                "seqdata2:md5,1fd1a98f39b966aac0b696b122a1c6d5",
                "seqdata3:md5,49ba3e2d1b4ada1d7ed2c29079833491",
                "seqpointer0:md5,77ad13d617e120eadad10bdec41cc00f",
                "seqpointer1:md5,fce3fdba9b237ec51f3c356086d0f8b9",
                "seqpointer2:md5,3d99bc0313f17f491a0a2903d6585b14",
                "seqpointer3:md5,2a69114e099aa0752e78f417cc8fe7bb",
                "sequenceIndex0:md5,18c7d37abf02d389fda5d9945b16b614",
                "suffixIndex0:md5,b7bb2ba061ab54c0bf07c0a941d0277a",
                "suffixdata0:md5,f2876dd730673cd49c4de191001f634e",
                "suffixpointer0:md5,468281ffb10d7dd934289af762a03781",
                "HG002.bcftools_stats.txt:md5,b215fc0030c53bc8887e28b23b97efb6",
                "test1.HG002.strelka.extended.csv:md5,098dc352d1beeab27e72f97e64fc182e",
                "test1.HG002.strelka.roc.Locations.INDEL.PASS.csv.gz:md5,bd1f1a1e138f75511de7aae157fa2fa4",
                "test1.HG002.strelka.roc.Locations.INDEL.csv.gz:md5,8912022beb3c5b234d29300b764b56bc",
                "test1.HG002.strelka.roc.Locations.SNP.PASS.csv.gz:md5,63279f14076a5a9919a4d30b0fbb7746",
                "test1.HG002.strelka.roc.Locations.SNP.csv.gz:md5,77aedefc4516566b136acfba82bed147",
                "test1.HG002.strelka.roc.all.csv.gz:md5,ccefcf1ff7ef04c9d97b8afbbcfb3c51",
                "test1.HG002.strelka.summary.csv:md5,c14117d825b861657b38c058644896f9",
                "test1.HG002.strelka.phasing.txt:md5,5ab9ffbd7c18a5512851086b6e7ecf59",
                "test1.HG002.strelka.summary.txt:md5,e045d6a048bdec24cb55f9dd1b55ffe7",
                "test1.strelka.bcftools_stats.txt:md5,f9f8cf5c1be9c88754888ef8cbfb06f4",
                "test2.HG002.bcftools.extended.csv:md5,14392c3b5a1c060d63414cfc10e670b6",
                "test2.HG002.bcftools.roc.Locations.INDEL.PASS.csv.gz:md5,507b54e5b6d1f956f557b39a7dc38ff4",
                "test2.HG002.bcftools.roc.Locations.INDEL.csv.gz:md5,4694d6169ce0819d36768045a7ef43d0",
                "test2.HG002.bcftools.roc.Locations.SNP.PASS.csv.gz:md5,83d1fa126072c16b0471fb8877c5c818",
                "test2.HG002.bcftools.roc.Locations.SNP.csv.gz:md5,10045ce81f85c51e142a7ff30d7579bb",
                "test2.HG002.bcftools.roc.all.csv.gz:md5,b176e3c9910ecf3209353682553c1a06",
                "test2.HG002.bcftools.summary.csv:md5,3815ea18e8fc11f198a5821dee79a3c7",
                "test2.HG002.bcftools.phasing.txt:md5,38920536b8c3e241e873c07ba61762e6",
                "test2.HG002.bcftools.summary.txt:md5,b9a0c74a8b5af4f2c1c0623b61d7cbe3",
                "test2.bcftools.bcftools_stats.txt:md5,57aff2f0a6f830e920869b987502a343"
            ]
        ],
        "meta": {
            "nf-test": "0.9.0",
            "nextflow": "24.10.0"
        },
        "timestamp": "2024-11-13T08:41:21.414009313"
    }
}