{
    "Params: --analysis 'germline' --variant_type 'small' --method 'happy,rtgtools' --liftover": {
        "content": [
            85,
            {
                "BCFTOOLS_DEDUP": {
                    "bcftools": 1.18
                },
                "BCFTOOLS_MERGE": {
                    "bcftools": 1.2
                },
                "BCFTOOLS_NORM": {
                    "bcftools": 1.18
                },
                "BCFTOOLS_REHEADER": {
                    "bcftools": 1.18
                },
                "BCFTOOLS_SORT": {
                    "bcftools": 1.18
                },
                "BCFTOOLS_STATS": {
                    "bcftools": 1.18
                },
                "BCFTOOLS_VIEW_CONTIGS": {
                    "bcftools": 1.18
                },
                "DATAVZRD": {
                    "datavzrd": "2.36.12"
                },
                "HAPPY_HAPPY": {
                    "hap.py": "0.3.14"
                },
                "MERGE_REPORTS": {
                    "python": "3.8.6"
                },
                "PLOTS": {
                    "r-base": "4.3.1"
                },
                "REFORMAT_HEADER": {
                    "tabix": 1.12
                },
                "RTGTOOLS_FORMAT": {
                    "rtg-tools": "3.12.1"
                },
                "RTGTOOLS_VCFEVAL": {
                    "rtg-tools": "3.12.1"
                },
                "TABIX_BGZIP": {
                    "tabix": "1.19.1"
                },
                "TABIX_BGZIPTABIX": {
                    "tabix": "1.19.1"
                },
                "TABIX_TABIX": {
                    "tabix": "1.19.1"
                },
                "UCSC_LIFTOVER": {
                    "ucsc": 377
                },
                "VCF_TO_CSV": {
                    "python": "3.12.4"
                },
                "Workflow": {
                    "nf-core/variantbenchmarking": "v1.0dev"
                }
            },
            [
                "HG002",
                "HG002/liftover",
                "HG002/liftover/HG002.renamechr.vcf.gz",
                "pipeline_info",
                "pipeline_info/nf_core_pipeline_software_mqc_versions.yml",
                "references",
                "references/dictionary",
                "references/dictionary/genome.dict",
                "references/rtgtools",
                "references/rtgtools/genome.sdf",
                "references/rtgtools/genome.sdf/done",
                "references/rtgtools/genome.sdf/format.log",
                "references/rtgtools/genome.sdf/mainIndex",
                "references/rtgtools/genome.sdf/nameIndex0",
                "references/rtgtools/genome.sdf/namedata0",
                "references/rtgtools/genome.sdf/namepointer0",
                "references/rtgtools/genome.sdf/progress",
                "references/rtgtools/genome.sdf/reference.txt",
                "references/rtgtools/genome.sdf/seqdata0",
                "references/rtgtools/genome.sdf/seqdata1",
                "references/rtgtools/genome.sdf/seqdata2",
                "references/rtgtools/genome.sdf/seqdata3",
                "references/rtgtools/genome.sdf/seqpointer0",
                "references/rtgtools/genome.sdf/seqpointer1",
                "references/rtgtools/genome.sdf/seqpointer2",
                "references/rtgtools/genome.sdf/seqpointer3",
                "references/rtgtools/genome.sdf/sequenceIndex0",
                "references/rtgtools/genome.sdf/suffixIndex0",
                "references/rtgtools/genome.sdf/suffixdata0",
                "references/rtgtools/genome.sdf/suffixpointer0",
                "references/rtgtools/genome.sdf/summary.txt",
                "small",
                "small/HG002",
                "small/HG002/liftover",
                "small/HG002/liftover/HG002.sort.merged.bed",
                "small/HG002/preprocess",
                "small/HG002/preprocess/HG002.renamechr.rh.norm.dedup.sort.vcf.gz",
                "small/HG002/stats",
                "small/HG002/stats/bcftools",
                "small/HG002/stats/bcftools/HG002.bcftools_stats.txt",
                "small/multiqc",
                "small/multiqc/multiqc_data",
                "small/multiqc/multiqc_data/multiqc.log",
                "small/multiqc/multiqc_data/multiqc_citations.txt",
                "small/multiqc/multiqc_data/multiqc_data.json",
                "small/multiqc/multiqc_data/multiqc_software_versions.txt",
                "small/multiqc/multiqc_data/multiqc_sources.txt",
                "small/multiqc/multiqc_report.html",
                "small/summary",
                "small/summary/comparisons",
                "small/summary/comparisons/small",
                "small/summary/comparisons/small/rtgtools.FN.csv",
                "small/summary/comparisons/small/rtgtools.FP.csv",
                "small/summary/comparisons/small/rtgtools.TP_base.csv",
                "small/summary/comparisons/small/rtgtools.TP_comp.csv",
                "small/summary/datavzrd",
                "small/summary/datavzrd/happy",
                "small/summary/datavzrd/happy/index.html",
                "small/summary/datavzrd/happy/static",
                "small/summary/datavzrd/happy/static/bootstrap-select.min.css",
                "small/summary/datavzrd/happy/static/bootstrap-table-fixed-columns.min.css",
                "small/summary/datavzrd/happy/static/bootstrap-table.min.css",
                "small/summary/datavzrd/happy/static/bootstrap.min.css",
                "small/summary/datavzrd/happy/static/bundle.js",
                "small/summary/datavzrd/happy/static/datavzrd.css",
                "small/summary/datavzrd/happy/test",
                "small/summary/datavzrd/happy/test/config.js",
                "small/summary/datavzrd/happy/test/data",
                "small/summary/datavzrd/happy/test/data/data_1.js",
                "small/summary/datavzrd/happy/test/functions.js",
                "small/summary/datavzrd/happy/test/heatmap.js",
                "small/summary/datavzrd/happy/test/index_1.html",
                "small/summary/datavzrd/happy/test/plots",
                "small/summary/datavzrd/happy/test/plots/plot_0.js",
                "small/summary/datavzrd/happy/test/plots/plot_1.js",
                "small/summary/datavzrd/happy/test/plots/plot_10.js",
                "small/summary/datavzrd/happy/test/plots/plot_11.js",
                "small/summary/datavzrd/happy/test/plots/plot_12.js",
                "small/summary/datavzrd/happy/test/plots/plot_13.js",
                "small/summary/datavzrd/happy/test/plots/plot_14.js",
                "small/summary/datavzrd/happy/test/plots/plot_15.js",
                "small/summary/datavzrd/happy/test/plots/plot_16.js",
                "small/summary/datavzrd/happy/test/plots/plot_17.js",
                "small/summary/datavzrd/happy/test/plots/plot_18.js",
                "small/summary/datavzrd/happy/test/plots/plot_2.js",
                "small/summary/datavzrd/happy/test/plots/plot_3.js",
                "small/summary/datavzrd/happy/test/plots/plot_4.js",
                "small/summary/datavzrd/happy/test/plots/plot_5.js",
                "small/summary/datavzrd/happy/test/plots/plot_6.js",
                "small/summary/datavzrd/happy/test/plots/plot_7.js",
                "small/summary/datavzrd/happy/test/plots/plot_8.js",
                "small/summary/datavzrd/happy/test/plots/plot_9.js",
                "small/summary/datavzrd/rtgtools",
                "small/summary/datavzrd/rtgtools/index.html",
                "small/summary/datavzrd/rtgtools/static",
                "small/summary/datavzrd/rtgtools/static/bootstrap-select.min.css",
                "small/summary/datavzrd/rtgtools/static/bootstrap-table-fixed-columns.min.css",
                "small/summary/datavzrd/rtgtools/static/bootstrap-table.min.css",
                "small/summary/datavzrd/rtgtools/static/bootstrap.min.css",
                "small/summary/datavzrd/rtgtools/static/bundle.js",
                "small/summary/datavzrd/rtgtools/static/datavzrd.css",
                "small/summary/datavzrd/rtgtools/test",
                "small/summary/datavzrd/rtgtools/test/config.js",
                "small/summary/datavzrd/rtgtools/test/data",
                "small/summary/datavzrd/rtgtools/test/data/data_1.js",
                "small/summary/datavzrd/rtgtools/test/functions.js",
                "small/summary/datavzrd/rtgtools/test/heatmap.js",
                "small/summary/datavzrd/rtgtools/test/index_1.html",
                "small/summary/datavzrd/rtgtools/test/plots",
                "small/summary/datavzrd/rtgtools/test/plots/plot_0.js",
                "small/summary/datavzrd/rtgtools/test/plots/plot_1.js",
                "small/summary/datavzrd/rtgtools/test/plots/plot_2.js",
                "small/summary/datavzrd/rtgtools/test/plots/plot_3.js",
                "small/summary/datavzrd/rtgtools/test/plots/plot_4.js",
                "small/summary/datavzrd/rtgtools/test/plots/plot_5.js",
                "small/summary/datavzrd/rtgtools/test/plots/plot_6.js",
                "small/summary/datavzrd/rtgtools/test/plots/plot_7.js",
                "small/summary/datavzrd/rtgtools/test/plots/plot_8.js",
                "small/summary/datavzrd/versions.yml",
                "small/summary/plots",
                "small/summary/plots/happy",
                "small/summary/plots/happy/INDEL_ALL_metric_by_tool_happy.png",
                "small/summary/plots/happy/INDEL_ALL_variants_by_tool_happy.png",
                "small/summary/plots/happy/INDEL_PASS_metric_by_tool_happy.png",
                "small/summary/plots/happy/INDEL_PASS_variants_by_tool_happy.png",
                "small/summary/plots/happy/SNP_ALL_metric_by_tool_happy.png",
                "small/summary/plots/happy/SNP_ALL_variants_by_tool_happy.png",
                "small/summary/plots/happy/SNP_PASS_metric_by_tool_happy.png",
                "small/summary/plots/happy/SNP_PASS_variants_by_tool_happy.png",
                "small/summary/plots/rtgtools",
                "small/summary/plots/rtgtools/metric_by_tool_rtgtools.png",
                "small/summary/plots/rtgtools/variants_by_tool_rtgtools.png",
                "small/summary/tables",
                "small/summary/tables/happy",
                "small/summary/tables/happy/happy.summary.csv",
                "small/summary/tables/rtgtools",
                "small/summary/tables/rtgtools/rtgtools.summary.csv",
                "small/test1",
                "small/test1/benchmarks",
                "small/test1/benchmarks/happy",
                "small/test1/benchmarks/happy/test1.HG002.strelka.extended.csv",
                "small/test1/benchmarks/happy/test1.HG002.strelka.metrics.json.gz",
                "small/test1/benchmarks/happy/test1.HG002.strelka.roc.Locations.INDEL.PASS.csv.gz",
                "small/test1/benchmarks/happy/test1.HG002.strelka.roc.Locations.INDEL.csv.gz",
                "small/test1/benchmarks/happy/test1.HG002.strelka.roc.Locations.SNP.PASS.csv.gz",
                "small/test1/benchmarks/happy/test1.HG002.strelka.roc.Locations.SNP.csv.gz",
                "small/test1/benchmarks/happy/test1.HG002.strelka.roc.all.csv.gz",
                "small/test1/benchmarks/happy/test1.HG002.strelka.runinfo.json",
                "small/test1/benchmarks/happy/test1.HG002.strelka.summary.csv",
                "small/test1/benchmarks/happy/test1.HG002.strelka.vcf.gz",
                "small/test1/benchmarks/happy/test1.HG002.strelka.vcf.gz.tbi",
                "small/test1/benchmarks/rtgtools",
                "small/test1/benchmarks/rtgtools/test1.HG002.strelka.fn.vcf.gz",
                "small/test1/benchmarks/rtgtools/test1.HG002.strelka.fn.vcf.gz.tbi",
                "small/test1/benchmarks/rtgtools/test1.HG002.strelka.fp.vcf.gz",
                "small/test1/benchmarks/rtgtools/test1.HG002.strelka.fp.vcf.gz.tbi",
                "small/test1/benchmarks/rtgtools/test1.HG002.strelka.non_snp_roc.tsv.gz",
                "small/test1/benchmarks/rtgtools/test1.HG002.strelka.phasing.txt",
                "small/test1/benchmarks/rtgtools/test1.HG002.strelka.snp_roc.tsv.gz",
                "small/test1/benchmarks/rtgtools/test1.HG002.strelka.summary.txt",
                "small/test1/benchmarks/rtgtools/test1.HG002.strelka.tp-baseline.vcf.gz",
                "small/test1/benchmarks/rtgtools/test1.HG002.strelka.tp-baseline.vcf.gz.tbi",
                "small/test1/benchmarks/rtgtools/test1.HG002.strelka.tp.vcf.gz",
                "small/test1/benchmarks/rtgtools/test1.HG002.strelka.tp.vcf.gz.tbi",
                "small/test1/benchmarks/rtgtools/test1.HG002.strelka.weighted_roc.tsv.gz",
                "small/test1/preprocess",
                "small/test1/preprocess/test1.dedup.sort.vcf.gz",
                "small/test1/stats",
                "small/test1/stats/bcftools",
                "small/test1/stats/bcftools/test1.strelka.bcftools_stats.txt",
                "small/test2",
                "small/test2/benchmarks",
                "small/test2/benchmarks/happy",
                "small/test2/benchmarks/happy/test2.HG002.bcftools.extended.csv",
                "small/test2/benchmarks/happy/test2.HG002.bcftools.metrics.json.gz",
                "small/test2/benchmarks/happy/test2.HG002.bcftools.roc.Locations.INDEL.PASS.csv.gz",
                "small/test2/benchmarks/happy/test2.HG002.bcftools.roc.Locations.INDEL.csv.gz",
                "small/test2/benchmarks/happy/test2.HG002.bcftools.roc.Locations.SNP.PASS.csv.gz",
                "small/test2/benchmarks/happy/test2.HG002.bcftools.roc.Locations.SNP.csv.gz",
                "small/test2/benchmarks/happy/test2.HG002.bcftools.roc.all.csv.gz",
                "small/test2/benchmarks/happy/test2.HG002.bcftools.runinfo.json",
                "small/test2/benchmarks/happy/test2.HG002.bcftools.summary.csv",
                "small/test2/benchmarks/happy/test2.HG002.bcftools.vcf.gz",
                "small/test2/benchmarks/happy/test2.HG002.bcftools.vcf.gz.tbi",
                "small/test2/benchmarks/rtgtools",
                "small/test2/benchmarks/rtgtools/test2.HG002.bcftools.fn.vcf.gz",
                "small/test2/benchmarks/rtgtools/test2.HG002.bcftools.fn.vcf.gz.tbi",
                "small/test2/benchmarks/rtgtools/test2.HG002.bcftools.fp.vcf.gz",
                "small/test2/benchmarks/rtgtools/test2.HG002.bcftools.fp.vcf.gz.tbi",
                "small/test2/benchmarks/rtgtools/test2.HG002.bcftools.non_snp_roc.tsv.gz",
                "small/test2/benchmarks/rtgtools/test2.HG002.bcftools.phasing.txt",
                "small/test2/benchmarks/rtgtools/test2.HG002.bcftools.snp_roc.tsv.gz",
                "small/test2/benchmarks/rtgtools/test2.HG002.bcftools.summary.txt",
                "small/test2/benchmarks/rtgtools/test2.HG002.bcftools.tp-baseline.vcf.gz",
                "small/test2/benchmarks/rtgtools/test2.HG002.bcftools.tp-baseline.vcf.gz.tbi",
                "small/test2/benchmarks/rtgtools/test2.HG002.bcftools.tp.vcf.gz",
                "small/test2/benchmarks/rtgtools/test2.HG002.bcftools.tp.vcf.gz.tbi",
                "small/test2/benchmarks/rtgtools/test2.HG002.bcftools.weighted_roc.tsv.gz",
                "small/test2/preprocess",
                "small/test2/preprocess/test2.dedup.sort.vcf.gz",
                "small/test2/stats",
                "small/test2/stats/bcftools",
                "small/test2/stats/bcftools/test2.bcftools.bcftools_stats.txt"
            ],
            [
                "HG002.renamechr.vcf.gz:md5,93eb3287bd3792d642891a2f92b6daa9",
                "genome.dict:md5,6b9fba7378340a89ccf1278ce99f380c",
                "done:md5,86e8e531982976a15363ec8abfcd4c11",
                "format.log:md5,a0c27c2c4382b58a3b47879f7fc239e6",
                "mainIndex:md5,e64ab063d211ff6f8e583ba6a8726a40",
                "nameIndex0:md5,720ad6dfad3d1ee07a3a2bc3ed953395",
                "namedata0:md5,758c4a60948aed6c6a4c78323aa73ab3",
                "namepointer0:md5,319f9f665b338f0e218677e036637e94",
                "progress:md5,534e62225e8fbb7d0d41bee26453e8f7",
                "reference.txt:md5,c9f7ef637449eb0f006d90080a130e30",
                "seqdata0:md5,ea8728adf43db158305ba188de66e838",
                "seqdata1:md5,d3470516d52b20e9477323d051846c3f",
                "seqdata2:md5,1fd1a98f39b966aac0b696b122a1c6d5",
                "seqdata3:md5,49ba3e2d1b4ada1d7ed2c29079833491",
                "seqpointer0:md5,77ad13d617e120eadad10bdec41cc00f",
                "seqpointer1:md5,fce3fdba9b237ec51f3c356086d0f8b9",
                "seqpointer2:md5,3d99bc0313f17f491a0a2903d6585b14",
                "seqpointer3:md5,2a69114e099aa0752e78f417cc8fe7bb",
                "sequenceIndex0:md5,18c7d37abf02d389fda5d9945b16b614",
                "suffixIndex0:md5,b7bb2ba061ab54c0bf07c0a941d0277a",
                "suffixdata0:md5,f2876dd730673cd49c4de191001f634e",
                "suffixpointer0:md5,468281ffb10d7dd934289af762a03781",
                "summary.txt:md5,f371fbe9235331a38c18b292f705dff9",
                "HG002.sort.merged.bed:md5,5e997133249c2227cb5363b314245636",
                "HG002.renamechr.rh.norm.dedup.sort.vcf.gz:md5,0f7e555619c993b25bcdc1cfb5aec371",
                "HG002.bcftools_stats.txt:md5,07fafa430abc857969015ea6a41d1032",
                "index.html:md5,01d8751c7e9107446222eedc86ff3190",
                "bootstrap-select.min.css:md5,a04495fa5762cca97a2df5b310e7a386",
                "bootstrap-table-fixed-columns.min.css:md5,a5f4a3d7eeb08832c3d8d59ece24db2d",
                "bootstrap-table.min.css:md5,3d1a5af7ebee2e0d5d8dc8e04493b2c6",
                "bootstrap.min.css:md5,816af0eddd3b4822c2756227c7e7b7ee",
                "bundle.js:md5,991c8d5442045b8afc071b4eee9b1796",
                "datavzrd.css:md5,dfad5e534ff98d8d7642f080cd7d0ff5",
                "functions.js:md5,d41d8cd98f00b204e9800998ecf8427e",
                "heatmap.js:md5,a28f8eeccf1b40dcdf0a6dac25dc6147",
                "plot_0.js:md5,dbe8a6f9908a3b27cb37296a68f8848f",
                "plot_1.js:md5,84aa48f7741aaba5a48cc07c9a29847e",
                "plot_10.js:md5,249d82bf09606974e7c1e5f3f1f272f1",
                "plot_11.js:md5,eea42f74a783d9a51951a5d4b240a86d",
                "plot_12.js:md5,7cdfc893d03c59d6196955a1a656cb19",
                "plot_13.js:md5,6ca0704ef172af1e9064a200e6d91577",
                "plot_14.js:md5,c3ead9ae72411c5e754d7202284ef9af",
                "plot_15.js:md5,0f5297a0af47acd55612d85a6c35515e",
                "plot_16.js:md5,4dbc825f32947064229d1724dcb47ba3",
                "plot_17.js:md5,441865aae7a99fb657a1ac1e623da445",
                "plot_18.js:md5,ccbe703dc869f75597694034d31ae756",
                "plot_2.js:md5,f4b5f17ffdfa21a90c382a277baf44c0",
                "plot_3.js:md5,42259116010c0a99382d4d1c5e73223b",
                "plot_4.js:md5,729673a360189e3128e11988b24471c3",
                "plot_5.js:md5,dc6ec568bea43ecf7bea3c830d2c6c4c",
                "plot_6.js:md5,c88bc2505514e32d9fd5296d28945340",
                "plot_7.js:md5,f71f9bfd5871a53811798f18eb6c9143",
                "plot_8.js:md5,2f45e9362d47f2476c692979660b3485",
                "plot_9.js:md5,ce09d1c37ce08471a37ed378d11f5cd1",
                "index.html:md5,01d8751c7e9107446222eedc86ff3190",
                "bootstrap-select.min.css:md5,a04495fa5762cca97a2df5b310e7a386",
                "bootstrap-table-fixed-columns.min.css:md5,a5f4a3d7eeb08832c3d8d59ece24db2d",
                "bootstrap-table.min.css:md5,3d1a5af7ebee2e0d5d8dc8e04493b2c6",
                "bootstrap.min.css:md5,816af0eddd3b4822c2756227c7e7b7ee",
                "bundle.js:md5,991c8d5442045b8afc071b4eee9b1796",
                "datavzrd.css:md5,dfad5e534ff98d8d7642f080cd7d0ff5",
                "functions.js:md5,d41d8cd98f00b204e9800998ecf8427e",
                "heatmap.js:md5,948f8529ae473f76675d36411c378c76",
                "plot_0.js:md5,b7f0e3251ea8ed21eed8c70da70defc6",
                "plot_1.js:md5,4822e8f30420e2e662b6b2e321d0a52f",
                "plot_2.js:md5,c3b2e59dc30137c6347297d318a2207d",
                "plot_3.js:md5,c095ad6760be6b2a669e733d35a5581d",
                "plot_4.js:md5,203fcdfec472bb2f3e14ba1f20a62253",
                "plot_5.js:md5,19f2db45ef7ed0370c3bca4b6b111508",
                "plot_6.js:md5,3c894bf8d0d222df05f6e28d4d9c1952",
                "plot_7.js:md5,be02e8fb6537fe6823fa969625c37d51",
                "plot_8.js:md5,7b15158e4fd36cc6b06b63c48572787b",
                "versions.yml:md5,d503c03a8d9f5141f0bc1547d4edd8ec",
                "INDEL_ALL_metric_by_tool_happy.png:md5,38d10bce0563b80c6e6a628983d72fa8",
                "INDEL_ALL_variants_by_tool_happy.png:md5,3dfa6989e511e151dcbb77249946aaee",
                "INDEL_PASS_metric_by_tool_happy.png:md5,44578525af34ee851d20a4c9aa312531",
                "INDEL_PASS_variants_by_tool_happy.png:md5,3f9ba418c4677363abc7628d914b8d6e",
                "SNP_ALL_metric_by_tool_happy.png:md5,01e431ad96f0dac0b78eb25e618b03c1",
                "SNP_ALL_variants_by_tool_happy.png:md5,5470ab976e21e7fa5a7898a04c817fa3",
                "SNP_PASS_metric_by_tool_happy.png:md5,9e9ba5f36bf741109bc68fe9bf8b0857",
                "SNP_PASS_variants_by_tool_happy.png:md5,d6cef7c8865329925213063821b69d5d",
                "metric_by_tool_rtgtools.png:md5,022825153811ea1430a84f7b47b3014b",
                "variants_by_tool_rtgtools.png:md5,67282d70650518b8d10eb7679e2ffaf3",
                "test1.HG002.strelka.extended.csv:md5,fadf06276179c1cc388007e5651fb9af",
                "test1.HG002.strelka.roc.Locations.INDEL.PASS.csv.gz:md5,a08665be8ea20855a14d6418d07521dc",
                "test1.HG002.strelka.roc.Locations.INDEL.csv.gz:md5,8d4a20a5914379230952aeb252845e2d",
                "test1.HG002.strelka.roc.Locations.SNP.PASS.csv.gz:md5,c546609a3e23b4c5c97ee0fc2e864e07",
                "test1.HG002.strelka.roc.Locations.SNP.csv.gz:md5,8d2600c17665ed1299e2dd483705ddaa",
                "test1.HG002.strelka.roc.all.csv.gz:md5,d0a4408438b2182cb82caec918c090f1",
                "test1.HG002.strelka.summary.csv:md5,001fa2371777d1d2dc3eb0f4dcaca197",
                "test1.HG002.strelka.phasing.txt:md5,0c9340e64e032b5f74d0ea3773464afd",
                "test1.HG002.strelka.summary.txt:md5,4b775edb878759727ef66d5d5b2b9ee8",
                "test1.dedup.sort.vcf.gz:md5,7d1d8b823c3fc108a3f4dd873b9aefc4",
                "test1.strelka.bcftools_stats.txt:md5,f9f8cf5c1be9c88754888ef8cbfb06f4",
                "test2.HG002.bcftools.extended.csv:md5,05c6efd85a9b9823a5ddfe6619be3323",
                "test2.HG002.bcftools.roc.Locations.INDEL.PASS.csv.gz:md5,463cee548b7bdf133c0ae9b5803a50ca",
                "test2.HG002.bcftools.roc.Locations.INDEL.csv.gz:md5,424e39c327ae6ef9001942bc895abdc9",
                "test2.HG002.bcftools.roc.Locations.SNP.PASS.csv.gz:md5,508277f9aa9a541812360bbf914ae3fc",
                "test2.HG002.bcftools.roc.Locations.SNP.csv.gz:md5,87a524b9f5eefdd4d300e696b21948a2",
                "test2.HG002.bcftools.roc.all.csv.gz:md5,73a59d38316a913e6ec445ef4efec207",
                "test2.HG002.bcftools.summary.csv:md5,38f3d8eb32c4d006a5623777ad265c39",
                "test2.HG002.bcftools.phasing.txt:md5,38920536b8c3e241e873c07ba61762e6",
                "test2.HG002.bcftools.summary.txt:md5,264eb2b064a9ee4b098470a13c2887c9",
                "test2.dedup.sort.vcf.gz:md5,18f7737250a7e5f88b6a613805041d1d",
                "test2.bcftools.bcftools_stats.txt:md5,57aff2f0a6f830e920869b987502a343"
            ]
        ],
        "meta": {
            "nf-test": "0.9.0",
            "nextflow": "24.10.0"
        },
        "timestamp": "2024-11-12T14:47:37.156306631"
    },
    "-stub": {
        "content": [
            85,
            {
                "BCFTOOLS_DEDUP": {
                    "bcftools": 1.18
                },
                "BCFTOOLS_MERGE": {
                    "bcftools": 1.2
                },
                "BCFTOOLS_NORM": {
                    "bcftools": 1.18
                },
                "BCFTOOLS_REHEADER": {
                    "bcftools": 1.18
                },
                "BCFTOOLS_SORT": {
                    "bcftools": 1.18
                },
                "BCFTOOLS_STATS": {
                    "bcftools": 1.18
                },
                "BCFTOOLS_VIEW_CONTIGS": {
                    "bcftools": 1.18
                },
                "DATAVZRD": {
                    "datavzrd": "2.36.12"
                },
                "HAPPY_HAPPY": {
                    "hap.py": "0.3.14"
                },
                "MERGE_REPORTS": {
                    "python": "3.8.6"
                },
                "PLOTS": {
                    "r-base": "4.3.1"
                },
                "REFORMAT_HEADER": {
                    "tabix": 1.12
                },
                "RTGTOOLS_FORMAT": {
                    "rtg-tools": "3.12.1"
                },
                "RTGTOOLS_VCFEVAL": {
                    "rtg-tools": "3.12.1"
                },
                "TABIX_BGZIP": {
                    "tabix": "1.19.1"
                },
                "TABIX_BGZIPTABIX": {
                    "tabix": "1.19.1"
                },
                "TABIX_TABIX": {
                    "tabix": "1.19.1"
                },
                "UCSC_LIFTOVER": {
                    "ucsc": 377
                },
                "VCF_TO_CSV": {
                    "python": "3.12.4"
                },
                "Workflow": {
                    "nf-core/variantbenchmarking": "v1.0dev"
                }
            },
            [
                "HG002",
                "HG002/liftover",
                "HG002/liftover/HG002.renamechr.vcf.gz",
                "pipeline_info",
                "pipeline_info/nf_core_pipeline_software_mqc_versions.yml",
                "references",
                "references/dictionary",
                "references/dictionary/genome.dict",
                "references/rtgtools",
                "references/rtgtools/genome.sdf",
                "small",
                "small/HG002",
                "small/HG002/liftover",
                "small/HG002/liftover/HG002.sort.merged.bed",
                "small/HG002/preprocess",
                "small/HG002/preprocess/HG002.renamechr.rh.norm.dedup.sort.vcf.gz",
                "small/HG002/stats",
                "small/HG002/stats/bcftools",
                "small/HG002/stats/bcftools/HG002.bcftools_stats.txt",
                "small/multiqc",
                "small/multiqc/multiqc_data",
                "small/multiqc/multiqc_plots",
                "small/multiqc/multiqc_report.html",
                "small/summary",
                "small/summary/comparisons",
                "small/summary/comparisons/small",
                "small/summary/comparisons/small/rtgtools.FN.csv",
                "small/summary/comparisons/small/rtgtools.FP.csv",
                "small/summary/comparisons/small/rtgtools.TP_base.csv",
                "small/summary/comparisons/small/rtgtools.TP_comp.csv",
                "small/summary/datavzrd",
                "small/summary/datavzrd/happy",
                "small/summary/datavzrd/happy/index.html",
                "small/summary/datavzrd/happy/network",
                "small/summary/datavzrd/happy/network/config.js",
                "small/summary/datavzrd/happy/network/data",
                "small/summary/datavzrd/happy/network/data/data_1.js",
                "small/summary/datavzrd/happy/network/functions.js",
                "small/summary/datavzrd/happy/network/heatmap.js",
                "small/summary/datavzrd/happy/network/index_1.html",
                "small/summary/datavzrd/happy/network/plots",
                "small/summary/datavzrd/happy/network/plots/plot_0.js",
                "small/summary/datavzrd/happy/static",
                "small/summary/datavzrd/happy/static/bootstrap-select.min.css",
                "small/summary/datavzrd/happy/static/bootstrap-table-fixed-columns.min.css",
                "small/summary/datavzrd/happy/static/bootstrap-table.min.css",
                "small/summary/datavzrd/happy/static/bootstrap.min.css",
                "small/summary/datavzrd/happy/static/bundle.js",
                "small/summary/datavzrd/happy/static/datavzrd.css",
                "small/summary/datavzrd/rtgtools",
                "small/summary/datavzrd/rtgtools/index.html",
                "small/summary/datavzrd/rtgtools/network",
                "small/summary/datavzrd/rtgtools/network/config.js",
                "small/summary/datavzrd/rtgtools/network/data",
                "small/summary/datavzrd/rtgtools/network/data/data_1.js",
                "small/summary/datavzrd/rtgtools/network/functions.js",
                "small/summary/datavzrd/rtgtools/network/heatmap.js",
                "small/summary/datavzrd/rtgtools/network/index_1.html",
                "small/summary/datavzrd/rtgtools/network/plots",
                "small/summary/datavzrd/rtgtools/network/plots/plot_0.js",
                "small/summary/datavzrd/rtgtools/static",
                "small/summary/datavzrd/rtgtools/static/bootstrap-select.min.css",
                "small/summary/datavzrd/rtgtools/static/bootstrap-table-fixed-columns.min.css",
                "small/summary/datavzrd/rtgtools/static/bootstrap-table.min.css",
                "small/summary/datavzrd/rtgtools/static/bootstrap.min.css",
                "small/summary/datavzrd/rtgtools/static/bundle.js",
                "small/summary/datavzrd/rtgtools/static/datavzrd.css",
                "small/summary/datavzrd/versions.yml",
                "small/summary/plots",
                "small/summary/plots/happy",
                "small/summary/plots/happy/metric_by_tool_happy.png",
                "small/summary/plots/happy/variants_by_tool_happy.png",
                "small/summary/plots/rtgtools",
                "small/summary/plots/rtgtools/metric_by_tool_rtgtools.png",
                "small/summary/plots/rtgtools/variants_by_tool_rtgtools.png",
                "small/summary/tables",
                "small/summary/tables/happy",
                "small/summary/tables/happy/happy.regions.csv",
                "small/summary/tables/happy/happy.summary.csv",
                "small/summary/tables/rtgtools",
                "small/summary/tables/rtgtools/rtgtools.regions.csv",
                "small/summary/tables/rtgtools/rtgtools.summary.csv",
                "small/test1",
                "small/test1/benchmarks",
                "small/test1/benchmarks/happy",
                "small/test1/benchmarks/happy/test1.HG002.strelka.extended.csv",
                "small/test1/benchmarks/happy/test1.HG002.strelka.metrics.json.gz",
                "small/test1/benchmarks/happy/test1.HG002.strelka.roc.Locations.INDEL.PASS.csv.gz",
                "small/test1/benchmarks/happy/test1.HG002.strelka.roc.Locations.INDEL.csv.gz",
                "small/test1/benchmarks/happy/test1.HG002.strelka.roc.Locations.SNP.PASS.csv.gz",
                "small/test1/benchmarks/happy/test1.HG002.strelka.roc.Locations.SNP.csv.gz",
                "small/test1/benchmarks/happy/test1.HG002.strelka.roc.all.csv.gz",
                "small/test1/benchmarks/happy/test1.HG002.strelka.runinfo.json",
                "small/test1/benchmarks/happy/test1.HG002.strelka.summary.csv",
                "small/test1/benchmarks/happy/test1.HG002.strelka.vcf.gz",
                "small/test1/benchmarks/happy/test1.HG002.strelka.vcf.gz.tbi",
                "small/test1/benchmarks/rtgtools",
                "small/test1/benchmarks/rtgtools/test1.HG002.strelka.fn.vcf.gz",
                "small/test1/benchmarks/rtgtools/test1.HG002.strelka.fn.vcf.gz.tbi",
                "small/test1/benchmarks/rtgtools/test1.HG002.strelka.fp.vcf.gz",
                "small/test1/benchmarks/rtgtools/test1.HG002.strelka.fp.vcf.gz.tbi",
                "small/test1/benchmarks/rtgtools/test1.HG002.strelka.non_snp_roc.tsv.gz",
                "small/test1/benchmarks/rtgtools/test1.HG002.strelka.phasing.txt",
                "small/test1/benchmarks/rtgtools/test1.HG002.strelka.snp_roc.tsv.gz",
                "small/test1/benchmarks/rtgtools/test1.HG002.strelka.summary.txt",
                "small/test1/benchmarks/rtgtools/test1.HG002.strelka.tp-baseline.vcf.gz",
                "small/test1/benchmarks/rtgtools/test1.HG002.strelka.tp-baseline.vcf.gz.tbi",
                "small/test1/benchmarks/rtgtools/test1.HG002.strelka.tp.vcf.gz",
                "small/test1/benchmarks/rtgtools/test1.HG002.strelka.tp.vcf.gz.tbi",
                "small/test1/benchmarks/rtgtools/test1.HG002.strelka.weighted_roc.tsv.gz",
                "small/test1/preprocess",
                "small/test1/preprocess/test1.dedup.sort.vcf.gz",
                "small/test1/stats",
                "small/test1/stats/bcftools",
                "small/test1/stats/bcftools/test1.strelka.bcftools_stats.txt",
                "small/test2",
                "small/test2/benchmarks",
                "small/test2/benchmarks/happy",
                "small/test2/benchmarks/happy/test2.HG002.bcftools.extended.csv",
                "small/test2/benchmarks/happy/test2.HG002.bcftools.metrics.json.gz",
                "small/test2/benchmarks/happy/test2.HG002.bcftools.roc.Locations.INDEL.PASS.csv.gz",
                "small/test2/benchmarks/happy/test2.HG002.bcftools.roc.Locations.INDEL.csv.gz",
                "small/test2/benchmarks/happy/test2.HG002.bcftools.roc.Locations.SNP.PASS.csv.gz",
                "small/test2/benchmarks/happy/test2.HG002.bcftools.roc.Locations.SNP.csv.gz",
                "small/test2/benchmarks/happy/test2.HG002.bcftools.roc.all.csv.gz",
                "small/test2/benchmarks/happy/test2.HG002.bcftools.runinfo.json",
                "small/test2/benchmarks/happy/test2.HG002.bcftools.summary.csv",
                "small/test2/benchmarks/happy/test2.HG002.bcftools.vcf.gz",
                "small/test2/benchmarks/happy/test2.HG002.bcftools.vcf.gz.tbi",
                "small/test2/benchmarks/rtgtools",
                "small/test2/benchmarks/rtgtools/test2.HG002.bcftools.fn.vcf.gz",
                "small/test2/benchmarks/rtgtools/test2.HG002.bcftools.fn.vcf.gz.tbi",
                "small/test2/benchmarks/rtgtools/test2.HG002.bcftools.fp.vcf.gz",
                "small/test2/benchmarks/rtgtools/test2.HG002.bcftools.fp.vcf.gz.tbi",
                "small/test2/benchmarks/rtgtools/test2.HG002.bcftools.non_snp_roc.tsv.gz",
                "small/test2/benchmarks/rtgtools/test2.HG002.bcftools.phasing.txt",
                "small/test2/benchmarks/rtgtools/test2.HG002.bcftools.snp_roc.tsv.gz",
                "small/test2/benchmarks/rtgtools/test2.HG002.bcftools.summary.txt",
                "small/test2/benchmarks/rtgtools/test2.HG002.bcftools.tp-baseline.vcf.gz",
                "small/test2/benchmarks/rtgtools/test2.HG002.bcftools.tp-baseline.vcf.gz.tbi",
                "small/test2/benchmarks/rtgtools/test2.HG002.bcftools.tp.vcf.gz",
                "small/test2/benchmarks/rtgtools/test2.HG002.bcftools.tp.vcf.gz.tbi",
                "small/test2/benchmarks/rtgtools/test2.HG002.bcftools.weighted_roc.tsv.gz",
                "small/test2/preprocess",
                "small/test2/preprocess/test2.dedup.sort.vcf.gz",
                "small/test2/stats",
                "small/test2/stats/bcftools",
                "small/test2/stats/bcftools/test2.bcftools.bcftools_stats.txt"
            ],
            [
                "HG002.renamechr.vcf.gz:md5,68b329da9893e34099c7d8ad5cb9c940",
                "genome.dict:md5,d41d8cd98f00b204e9800998ecf8427e",
                "genome.sdf:md5,d41d8cd98f00b204e9800998ecf8427e",
                "HG002.sort.merged.bed:md5,d41d8cd98f00b204e9800998ecf8427e",
                {
                    "directory": false,
                    "file": true,
                    "freeSpace": 1201775271936,
                    "canonicalPath": "/workspace/variantbenchmarking/.nf-test/tests/bfc3efb97da9551aeb5b9f7c830cf2e/output/small/HG002/preprocess/HG002.renamechr.rh.norm.dedup.sort.vcf.gz",
                    "usableSpace": 1201775271936,
                    "hidden": false,
                    "totalSpace": 1288479703040,
                    "path": "/workspace/variantbenchmarking/.nf-test/tests/bfc3efb97da9551aeb5b9f7c830cf2e/output/small/HG002/preprocess/HG002.renamechr.rh.norm.dedup.sort.vcf.gz",
                    "name": "HG002.renamechr.rh.norm.dedup.sort.vcf.gz",
                    "absolute": true,
                    "absolutePath": "/workspace/variantbenchmarking/.nf-test/tests/bfc3efb97da9551aeb5b9f7c830cf2e/output/small/HG002/preprocess/HG002.renamechr.rh.norm.dedup.sort.vcf.gz",
                    "parent": "/workspace/variantbenchmarking/.nf-test/tests/bfc3efb97da9551aeb5b9f7c830cf2e/output/small/HG002/preprocess"
                },
                "HG002.bcftools_stats.txt:md5,d41d8cd98f00b204e9800998ecf8427e",
                "multiqc_plots:md5,d41d8cd98f00b204e9800998ecf8427e",
                "index.html:md5,d41d8cd98f00b204e9800998ecf8427e",
                "functions.js:md5,d41d8cd98f00b204e9800998ecf8427e",
                "heatmap.js:md5,d41d8cd98f00b204e9800998ecf8427e",
                "plot_0.js:md5,d41d8cd98f00b204e9800998ecf8427e",
                "bootstrap-select.min.css:md5,d41d8cd98f00b204e9800998ecf8427e",
                "bootstrap-table-fixed-columns.min.css:md5,d41d8cd98f00b204e9800998ecf8427e",
                "bootstrap-table.min.css:md5,d41d8cd98f00b204e9800998ecf8427e",
                "bootstrap.min.css:md5,d41d8cd98f00b204e9800998ecf8427e",
                "bundle.js:md5,d41d8cd98f00b204e9800998ecf8427e",
                "datavzrd.css:md5,d41d8cd98f00b204e9800998ecf8427e",
                "index.html:md5,d41d8cd98f00b204e9800998ecf8427e",
                "functions.js:md5,d41d8cd98f00b204e9800998ecf8427e",
                "heatmap.js:md5,d41d8cd98f00b204e9800998ecf8427e",
                "plot_0.js:md5,d41d8cd98f00b204e9800998ecf8427e",
                "bootstrap-select.min.css:md5,d41d8cd98f00b204e9800998ecf8427e",
                "bootstrap-table-fixed-columns.min.css:md5,d41d8cd98f00b204e9800998ecf8427e",
                "bootstrap-table.min.css:md5,d41d8cd98f00b204e9800998ecf8427e",
                "bootstrap.min.css:md5,d41d8cd98f00b204e9800998ecf8427e",
                "bundle.js:md5,d41d8cd98f00b204e9800998ecf8427e",
                "datavzrd.css:md5,d41d8cd98f00b204e9800998ecf8427e",
                "versions.yml:md5,d503c03a8d9f5141f0bc1547d4edd8ec",
                "metric_by_tool_happy.png:md5,d41d8cd98f00b204e9800998ecf8427e",
                "variants_by_tool_happy.png:md5,d41d8cd98f00b204e9800998ecf8427e",
                "metric_by_tool_rtgtools.png:md5,d41d8cd98f00b204e9800998ecf8427e",
                "variants_by_tool_rtgtools.png:md5,d41d8cd98f00b204e9800998ecf8427e",
                "test1.HG002.strelka.extended.csv:md5,d41d8cd98f00b204e9800998ecf8427e",
                "test1.HG002.strelka.roc.Locations.INDEL.PASS.csv.gz:md5,68b329da9893e34099c7d8ad5cb9c940",
                "test1.HG002.strelka.roc.Locations.INDEL.csv.gz:md5,68b329da9893e34099c7d8ad5cb9c940",
                "test1.HG002.strelka.roc.Locations.SNP.PASS.csv.gz:md5,68b329da9893e34099c7d8ad5cb9c940",
                "test1.HG002.strelka.roc.Locations.SNP.csv.gz:md5,68b329da9893e34099c7d8ad5cb9c940",
                "test1.HG002.strelka.roc.all.csv.gz:md5,68b329da9893e34099c7d8ad5cb9c940",
                "test1.HG002.strelka.summary.csv:md5,d41d8cd98f00b204e9800998ecf8427e",
                "test1.HG002.strelka.phasing.txt:md5,d41d8cd98f00b204e9800998ecf8427e",
                "test1.HG002.strelka.summary.txt:md5,d41d8cd98f00b204e9800998ecf8427e",
                {
                    "directory": false,
                    "file": true,
                    "freeSpace": 1201775271936,
                    "canonicalPath": "/workspace/variantbenchmarking/.nf-test/tests/bfc3efb97da9551aeb5b9f7c830cf2e/output/small/test1/preprocess/test1.dedup.sort.vcf.gz",
                    "usableSpace": 1201775271936,
                    "hidden": false,
                    "totalSpace": 1288479703040,
                    "path": "/workspace/variantbenchmarking/.nf-test/tests/bfc3efb97da9551aeb5b9f7c830cf2e/output/small/test1/preprocess/test1.dedup.sort.vcf.gz",
                    "name": "test1.dedup.sort.vcf.gz",
                    "absolute": true,
                    "absolutePath": "/workspace/variantbenchmarking/.nf-test/tests/bfc3efb97da9551aeb5b9f7c830cf2e/output/small/test1/preprocess/test1.dedup.sort.vcf.gz",
                    "parent": "/workspace/variantbenchmarking/.nf-test/tests/bfc3efb97da9551aeb5b9f7c830cf2e/output/small/test1/preprocess"
                },
                "test1.strelka.bcftools_stats.txt:md5,d41d8cd98f00b204e9800998ecf8427e",
                "test2.HG002.bcftools.extended.csv:md5,d41d8cd98f00b204e9800998ecf8427e",
                "test2.HG002.bcftools.roc.Locations.INDEL.PASS.csv.gz:md5,68b329da9893e34099c7d8ad5cb9c940",
                "test2.HG002.bcftools.roc.Locations.INDEL.csv.gz:md5,68b329da9893e34099c7d8ad5cb9c940",
                "test2.HG002.bcftools.roc.Locations.SNP.PASS.csv.gz:md5,68b329da9893e34099c7d8ad5cb9c940",
                "test2.HG002.bcftools.roc.Locations.SNP.csv.gz:md5,68b329da9893e34099c7d8ad5cb9c940",
                "test2.HG002.bcftools.roc.all.csv.gz:md5,68b329da9893e34099c7d8ad5cb9c940",
                "test2.HG002.bcftools.summary.csv:md5,d41d8cd98f00b204e9800998ecf8427e",
                "test2.HG002.bcftools.phasing.txt:md5,d41d8cd98f00b204e9800998ecf8427e",
                "test2.HG002.bcftools.summary.txt:md5,d41d8cd98f00b204e9800998ecf8427e",
                {
                    "directory": false,
                    "file": true,
                    "freeSpace": 1201775271936,
                    "canonicalPath": "/workspace/variantbenchmarking/.nf-test/tests/bfc3efb97da9551aeb5b9f7c830cf2e/output/small/test2/preprocess/test2.dedup.sort.vcf.gz",
                    "usableSpace": 1201775271936,
                    "hidden": false,
                    "totalSpace": 1288479703040,
                    "path": "/workspace/variantbenchmarking/.nf-test/tests/bfc3efb97da9551aeb5b9f7c830cf2e/output/small/test2/preprocess/test2.dedup.sort.vcf.gz",
                    "name": "test2.dedup.sort.vcf.gz",
                    "absolute": true,
                    "absolutePath": "/workspace/variantbenchmarking/.nf-test/tests/bfc3efb97da9551aeb5b9f7c830cf2e/output/small/test2/preprocess/test2.dedup.sort.vcf.gz",
                    "parent": "/workspace/variantbenchmarking/.nf-test/tests/bfc3efb97da9551aeb5b9f7c830cf2e/output/small/test2/preprocess"
                },
                "test2.bcftools.bcftools_stats.txt:md5,d41d8cd98f00b204e9800998ecf8427e"
            ]
        ],
        "meta": {
            "nf-test": "0.9.0",
            "nextflow": "24.10.0"
        },
        "timestamp": "2024-11-12T14:50:10.696248757"
    }
}