{
    "Params: --analysis 'germline' --variant_type 'structural' --method 'truvari' --liftover 'test'": {
        "content": [
            111,
            null,
            [
                "pipeline_info",
                "pipeline_info/nf_core_variantbenchmarking_software_mqc_versions.yml",
                "references",
                "references/dictionary",
                "references/dictionary/genome.dict",
                "structural",
                "structural/HG002",
                "structural/HG002/preprocess",
                "structural/HG002/preprocess/HG002.vcf.gz",
                "structural/HG002/preprocess/HG002.vcf.gz.tbi",
                "structural/HG002/stats",
                "structural/HG002/stats/bcftools",
                "structural/HG002/stats/bcftools/HG002.bcftools_stats.txt",
                "structural/HG002/stats/survivor",
                "structural/HG002/stats/survivor/HG002_mqc.stats",
                "structural/multiqc",
                "structural/multiqc/multiqc_data",
                "structural/multiqc/multiqc_data/BETA-multiqc.parquet",
                "structural/multiqc/multiqc_data/multiqc.log",
                "structural/multiqc/multiqc_data/multiqc_bcftools_stats.txt",
                "structural/multiqc/multiqc_data/multiqc_citations.txt",
                "structural/multiqc/multiqc_data/multiqc_data.json",
                "structural/multiqc/multiqc_data/multiqc_general_stats.txt",
                "structural/multiqc/multiqc_data/multiqc_software_versions.txt",
                "structural/multiqc/multiqc_data/multiqc_sources.txt",
                "structural/multiqc/multiqc_data/multiqc_survivor.txt",
                "structural/multiqc/multiqc_plots",
                "structural/multiqc/multiqc_plots/pdf",
                "structural/multiqc/multiqc_plots/pdf/survivor-cnt.pdf",
                "structural/multiqc/multiqc_plots/pdf/survivor-pct.pdf",
                "structural/multiqc/multiqc_plots/png",
                "structural/multiqc/multiqc_plots/png/survivor-cnt.png",
                "structural/multiqc/multiqc_plots/png/survivor-pct.png",
                "structural/multiqc/multiqc_plots/svg",
                "structural/multiqc/multiqc_plots/svg/survivor-cnt.svg",
                "structural/multiqc/multiqc_plots/svg/survivor-pct.svg",
                "structural/multiqc/multiqc_report.html",
                "structural/summary",
                "structural/summary/comparisons",
                "structural/summary/comparisons/truvari",
                "structural/summary/comparisons/truvari/truvari.FN.csv",
                "structural/summary/comparisons/truvari/truvari.FP.csv",
                "structural/summary/comparisons/truvari/truvari.TP_base.csv",
                "structural/summary/comparisons/truvari/truvari.TP_comp.csv",
                "structural/summary/datavzrd",
                "structural/summary/datavzrd/truvari",
                "structural/summary/datavzrd/truvari/index.html",
                "structural/summary/datavzrd/truvari/static",
                "structural/summary/datavzrd/truvari/static/bootstrap-select.min.css",
                "structural/summary/datavzrd/truvari/static/bootstrap-table-fixed-columns.min.css",
                "structural/summary/datavzrd/truvari/static/bootstrap-table.min.css",
                "structural/summary/datavzrd/truvari/static/bootstrap.min.css",
                "structural/summary/datavzrd/truvari/static/bundle.js",
                "structural/summary/datavzrd/truvari/static/datavzrd.css",
                "structural/summary/datavzrd/truvari/test",
                "structural/summary/datavzrd/truvari/test/config.js",
                "structural/summary/datavzrd/truvari/test/data",
                "structural/summary/datavzrd/truvari/test/data/data_1.js",
                "structural/summary/datavzrd/truvari/test/functions.js",
                "structural/summary/datavzrd/truvari/test/heatmap.js",
                "structural/summary/datavzrd/truvari/test/index_1.html",
                "structural/summary/datavzrd/truvari/test/plots",
                "structural/summary/datavzrd/truvari/test/plots/plot_0.js",
                "structural/summary/datavzrd/truvari/test/plots/plot_1.js",
                "structural/summary/datavzrd/truvari/test/plots/plot_2.js",
                "structural/summary/datavzrd/truvari/test/plots/plot_3.js",
                "structural/summary/datavzrd/truvari/test/plots/plot_4.js",
                "structural/summary/datavzrd/truvari/test/plots/plot_5.js",
                "structural/summary/datavzrd/truvari/test/plots/plot_6.js",
                "structural/summary/datavzrd/truvari/test/plots/plot_7.js",
                "structural/summary/datavzrd/truvari/test/plots/plot_8.js",
                "structural/summary/datavzrd/versions.yml",
                "structural/summary/plots",
                "structural/summary/plots/truvari",
                "structural/summary/plots/truvari/f1_by_tool_truvari_mqc.png",
                "structural/summary/plots/truvari/pr_recall_by_tool_truvari_mqc.png",
                "structural/summary/plots/truvari/variants_by_tool_truvari_mqc.png",
                "structural/summary/tables",
                "structural/summary/tables/truvari",
                "structural/summary/tables/truvari/truvari.summary.csv",
                "structural/test1",
                "structural/test1/benchmarks",
                "structural/test1/benchmarks/truvari",
                "structural/test1/benchmarks/truvari/test1.HG002.manta.fn.vcf.gz",
                "structural/test1/benchmarks/truvari/test1.HG002.manta.fn.vcf.gz.tbi",
                "structural/test1/benchmarks/truvari/test1.HG002.manta.fp.vcf.gz",
                "structural/test1/benchmarks/truvari/test1.HG002.manta.fp.vcf.gz.tbi",
                "structural/test1/benchmarks/truvari/test1.HG002.manta.summary.json",
                "structural/test1/benchmarks/truvari/test1.HG002.manta.tp-base.vcf.gz",
                "structural/test1/benchmarks/truvari/test1.HG002.manta.tp-base.vcf.gz.tbi",
                "structural/test1/benchmarks/truvari/test1.HG002.manta.tp-comp.vcf.gz",
                "structural/test1/benchmarks/truvari/test1.HG002.manta.tp-comp.vcf.gz.tbi",
                "structural/test1/preprocess",
                "structural/test1/preprocess/test1.vcf.gz",
                "structural/test1/preprocess/test1.vcf.gz.tbi",
                "structural/test1/stats",
                "structural/test1/stats/bcftools",
                "structural/test1/stats/bcftools/test1.manta.bcftools_stats.txt",
                "structural/test1/stats/survivor",
                "structural/test1/stats/survivor/test1.manta_mqc.stats",
                "structural/test2",
                "structural/test2/benchmarks",
                "structural/test2/benchmarks/truvari",
                "structural/test2/benchmarks/truvari/test2.HG002.lumpy.fn.vcf.gz",
                "structural/test2/benchmarks/truvari/test2.HG002.lumpy.fn.vcf.gz.tbi",
                "structural/test2/benchmarks/truvari/test2.HG002.lumpy.fp.vcf.gz",
                "structural/test2/benchmarks/truvari/test2.HG002.lumpy.fp.vcf.gz.tbi",
                "structural/test2/benchmarks/truvari/test2.HG002.lumpy.summary.json",
                "structural/test2/benchmarks/truvari/test2.HG002.lumpy.tp-base.vcf.gz",
                "structural/test2/benchmarks/truvari/test2.HG002.lumpy.tp-base.vcf.gz.tbi",
                "structural/test2/benchmarks/truvari/test2.HG002.lumpy.tp-comp.vcf.gz",
                "structural/test2/benchmarks/truvari/test2.HG002.lumpy.tp-comp.vcf.gz.tbi",
                "structural/test2/preprocess",
                "structural/test2/preprocess/test2.vcf.gz",
                "structural/test2/preprocess/test2.vcf.gz.tbi",
                "structural/test2/stats",
                "structural/test2/stats/bcftools",
                "structural/test2/stats/bcftools/test2.lumpy.bcftools_stats.txt",
                "structural/test2/stats/survivor",
                "structural/test2/stats/survivor/test2.lumpy_mqc.stats",
                "structural/test3",
                "structural/test3/benchmarks",
                "structural/test3/benchmarks/truvari",
                "structural/test3/benchmarks/truvari/test3.HG002.delly.fn.vcf.gz",
                "structural/test3/benchmarks/truvari/test3.HG002.delly.fn.vcf.gz.tbi",
                "structural/test3/benchmarks/truvari/test3.HG002.delly.fp.vcf.gz",
                "structural/test3/benchmarks/truvari/test3.HG002.delly.fp.vcf.gz.tbi",
                "structural/test3/benchmarks/truvari/test3.HG002.delly.summary.json",
                "structural/test3/benchmarks/truvari/test3.HG002.delly.tp-base.vcf.gz",
                "structural/test3/benchmarks/truvari/test3.HG002.delly.tp-base.vcf.gz.tbi",
                "structural/test3/benchmarks/truvari/test3.HG002.delly.tp-comp.vcf.gz",
                "structural/test3/benchmarks/truvari/test3.HG002.delly.tp-comp.vcf.gz.tbi",
                "structural/test3/preprocess",
                "structural/test3/preprocess/test3.vcf.gz",
                "structural/test3/preprocess/test3.vcf.gz.tbi",
                "structural/test3/stats",
                "structural/test3/stats/bcftools",
                "structural/test3/stats/bcftools/test3.delly.bcftools_stats.txt",
                "structural/test3/stats/survivor",
                "structural/test3/stats/survivor/test3.delly_mqc.stats",
                "structural/test4",
                "structural/test4/benchmarks",
                "structural/test4/benchmarks/truvari",
                "structural/test4/benchmarks/truvari/test4.HG002.svaba.fn.vcf.gz",
                "structural/test4/benchmarks/truvari/test4.HG002.svaba.fn.vcf.gz.tbi",
                "structural/test4/benchmarks/truvari/test4.HG002.svaba.fp.vcf.gz",
                "structural/test4/benchmarks/truvari/test4.HG002.svaba.fp.vcf.gz.tbi",
                "structural/test4/benchmarks/truvari/test4.HG002.svaba.summary.json",
                "structural/test4/benchmarks/truvari/test4.HG002.svaba.tp-base.vcf.gz",
                "structural/test4/benchmarks/truvari/test4.HG002.svaba.tp-base.vcf.gz.tbi",
                "structural/test4/benchmarks/truvari/test4.HG002.svaba.tp-comp.vcf.gz",
                "structural/test4/benchmarks/truvari/test4.HG002.svaba.tp-comp.vcf.gz.tbi",
                "structural/test4/preprocess",
                "structural/test4/preprocess/test4.vcf.gz",
                "structural/test4/preprocess/test4.vcf.gz.tbi",
                "structural/test4/stats",
                "structural/test4/stats/bcftools",
                "structural/test4/stats/bcftools/test4.svaba.bcftools_stats.txt",
                "structural/test4/stats/survivor",
                "structural/test4/stats/survivor/test4.svaba_mqc.stats",
                "structural/test5",
                "structural/test5/benchmarks",
                "structural/test5/benchmarks/truvari",
                "structural/test5/benchmarks/truvari/test5.HG002.dragen.fn.vcf.gz",
                "structural/test5/benchmarks/truvari/test5.HG002.dragen.fn.vcf.gz.tbi",
                "structural/test5/benchmarks/truvari/test5.HG002.dragen.fp.vcf.gz",
                "structural/test5/benchmarks/truvari/test5.HG002.dragen.fp.vcf.gz.tbi",
                "structural/test5/benchmarks/truvari/test5.HG002.dragen.summary.json",
                "structural/test5/benchmarks/truvari/test5.HG002.dragen.tp-base.vcf.gz",
                "structural/test5/benchmarks/truvari/test5.HG002.dragen.tp-base.vcf.gz.tbi",
                "structural/test5/benchmarks/truvari/test5.HG002.dragen.tp-comp.vcf.gz",
                "structural/test5/benchmarks/truvari/test5.HG002.dragen.tp-comp.vcf.gz.tbi",
                "structural/test5/preprocess",
                "structural/test5/preprocess/liftover",
                "structural/test5/preprocess/liftover/test5.reformatted.renamechr.vcf.gz",
                "structural/test5/preprocess/test5.vcf.gz",
                "structural/test5/preprocess/test5.vcf.gz.tbi",
                "structural/test5/stats",
                "structural/test5/stats/bcftools",
                "structural/test5/stats/bcftools/test5.dragen.bcftools_stats.txt",
                "structural/test5/stats/survivor",
                "structural/test5/stats/survivor/test5.dragen_mqc.stats"
            ],
            [
                "HG002.bcftools_stats.txt:md5,f63d8da43be98bae4e02c43966313e5c",
                "HG002_mqc.stats:md5,ba6a6398a99b95579872576cacde4c8c",
                "test1.manta.bcftools_stats.txt:md5,796a5690702931b230c1c7eca73a66c2",
                "test1.manta_mqc.stats:md5,02a3818f1238abb2c5d711d3d8dea8ef",
                "test2.lumpy.bcftools_stats.txt:md5,cd9f461aaf9a809949fda6455657c689",
                "test2.lumpy_mqc.stats:md5,1c029d583c409ea1e32658dd1e5c4e4a",
                "test3.delly.bcftools_stats.txt:md5,5485e2a24c9a46fe101bed029dcc1fe5",
                "test3.delly_mqc.stats:md5,e140ad55975c767578b0dd6aff58ba29",
                "test4.svaba.bcftools_stats.txt:md5,babe0d4678c02207bc35540047170994",
                "test4.svaba_mqc.stats:md5,ee47b8df4e3e70a2db2d222cc36067ec",
                "test5.dragen.bcftools_stats.txt:md5,b42c2cf58a958e5269e9df065746974a",
                "test5.dragen_mqc.stats:md5,011ad66fec4287d32cb728c40e240c0b"
            ]
        ],
        "meta": {
            "nf-test": "0.9.2",
            "nextflow": "25.04.4"
        },
        "timestamp": "2025-06-17T15:56:34.039170292"
    }
}