{
    "Params: --analysis 'germline' --variant_type 'small' --method 'happy,rtgtools' --liftover 'truth'": {
        "content": [
            7,
            {
                "BCFTOOLS_REHEADER_QUERY": {
                    "bcftools": 1.2
                },
                "BEDTOOLS_MERGE": {
                    "bedtools": "2.31.1"
                },
                "SORT_BED": {
                    "sort": 8.3
                },
                "UCSC_LIFTOVER": {
                    "ucsc": 377
                },
                "Workflow": {
                    "nf-core/variantbenchmarking": "v1.3.0"
                }
            },
            [
                "pipeline_info",
                "pipeline_info/nf_core_variantbenchmarking_software_mqc_versions.yml",
                "small",
                "small/HG002",
                "small/HG002/preprocess",
                "small/HG002/preprocess/liftover",
                "small/HG002/preprocess/liftover/HG002_GRCh37_1_22_v4.2.1_highconf.liftedsort.merged.bed"
            ],
            [
                "HG002_GRCh37_1_22_v4.2.1_highconf.liftedsort.merged.bed:md5,5e997133249c2227cb5363b314245636"
            ]
        ],
        "meta": {
            "nf-test": "0.9.2",
            "nextflow": "25.04.6"
        },
        "timestamp": "2025-07-30T08:35:42.689956883"
    }
}