{
    "Params: --analysis 'somatic' --variant_type 'copynumber' --method 'truvari,intersect'": {
        "content": [
            47,
            {
                "BCFTOOLS_REHEADER_1": {
                    "bcftools": 1.2
                },
                "BCFTOOLS_REHEADER_2": {
                    "bcftools": 1.2
                },
                "BCFTOOLS_REHEADER_3": {
                    "bcftools": 1.2
                },
                "BCFTOOLS_REHEADER_4": {
                    "bcftools": 1.2
                },
                "BCFTOOLS_REHEADER_QUERY": {
                    "bcftools": 1.2
                },
                "BCFTOOLS_REHEADER_TRUTH": {
                    "bcftools": 1.2
                },
                "BCFTOOLS_SPLIT_MULTI": {
                    "bcftools": 1.21
                },
                "BCFTOOLS_STATS": {
                    "bcftools": 1.18
                },
                "BCFTOOLS_VIEW_CONTIGS": {
                    "bcftools": 1.2
                },
                "BEDTOOLS_INTERSECT_BENCH": {
                    "python": "3.12.8"
                },
                "DATAVZRD": {
                    "datavzrd": "2.36.12"
                },
                "MERGE_REPORTS": {
                    "python": "3.13.0"
                },
                "PLOTS": {
                    "r-base": "4.3.1"
                },
                "PUBLISH_PROCESSED_VCF": {
                    "cp": 8.3
                },
                "SURVIVOR_MERGE": {
                    "survivor": "1.0.7"
                },
                "SVTK_VCF2BED": {
                    "svtk": "0.0.20190615"
                },
                "TABIX_BGZIP_QUERY": {
                    "tabix": "1.19.1"
                },
                "TABIX_BGZIP_TRUTH": {
                    "tabix": "1.19.1"
                },
                "TABIX_BGZIP_UNZIP": {
                    "tabix": "1.19.1"
                },
                "TRUVARI_BENCH": {
                    "truvari": "4.1.0)"
                },
                "VCF_TO_CSV": {
                    "python": "3.12.4"
                },
                "WITTYER": {
                    "wittyer": "0.5.2.0"
                },
                "Workflow": {
                    "nf-core/variantbenchmarking": "v1.2.0"
                }
            },
            [
                "copynumber",
                "copynumber/SEQC2",
                "copynumber/SEQC2/preprocess",
                "copynumber/SEQC2/preprocess/SEQC2.vcf.gz",
                "copynumber/SEQC2/preprocess/SEQC2.vcf.gz.tbi",
                "copynumber/SEQC2/stats",
                "copynumber/SEQC2/stats/bcftools",
                "copynumber/SEQC2/stats/bcftools/SEQC2.bcftools_stats.txt",
                "copynumber/multiqc",
                "copynumber/multiqc/multiqc_data",
                "copynumber/multiqc/multiqc_data/BETA-multiqc.parquet",
                "copynumber/multiqc/multiqc_data/multiqc.log",
                "copynumber/multiqc/multiqc_data/multiqc_bcftools_stats.txt",
                "copynumber/multiqc/multiqc_data/multiqc_citations.txt",
                "copynumber/multiqc/multiqc_data/multiqc_data.json",
                "copynumber/multiqc/multiqc_data/multiqc_general_stats.txt",
                "copynumber/multiqc/multiqc_data/multiqc_software_versions.txt",
                "copynumber/multiqc/multiqc_data/multiqc_sources.txt",
                "copynumber/multiqc/multiqc_plots",
                "copynumber/multiqc/multiqc_plots/pdf",
                "copynumber/multiqc/multiqc_plots/png",
                "copynumber/multiqc/multiqc_plots/svg",
                "copynumber/multiqc/multiqc_report.html",
                "copynumber/summary",
                "copynumber/summary/comparisons",
                "copynumber/summary/comparisons/truvari",
                "copynumber/summary/comparisons/truvari/truvari.FN.csv",
                "copynumber/summary/comparisons/truvari/truvari.FP.csv",
                "copynumber/summary/comparisons/truvari/truvari.TP_base.csv",
                "copynumber/summary/comparisons/truvari/truvari.TP_comp.csv",
                "copynumber/summary/datavzrd",
                "copynumber/summary/datavzrd/intersect",
                "copynumber/summary/datavzrd/intersect/index.html",
                "copynumber/summary/datavzrd/intersect/static",
                "copynumber/summary/datavzrd/intersect/static/bootstrap-select.min.css",
                "copynumber/summary/datavzrd/intersect/static/bootstrap-table-fixed-columns.min.css",
                "copynumber/summary/datavzrd/intersect/static/bootstrap-table.min.css",
                "copynumber/summary/datavzrd/intersect/static/bootstrap.min.css",
                "copynumber/summary/datavzrd/intersect/static/bundle.js",
                "copynumber/summary/datavzrd/intersect/static/datavzrd.css",
                "copynumber/summary/datavzrd/intersect/test",
                "copynumber/summary/datavzrd/intersect/test/config.js",
                "copynumber/summary/datavzrd/intersect/test/data",
                "copynumber/summary/datavzrd/intersect/test/data/data_1.js",
                "copynumber/summary/datavzrd/intersect/test/functions.js",
                "copynumber/summary/datavzrd/intersect/test/heatmap.js",
                "copynumber/summary/datavzrd/intersect/test/index_1.html",
                "copynumber/summary/datavzrd/intersect/test/plots",
                "copynumber/summary/datavzrd/intersect/test/plots/plot_0.js",
                "copynumber/summary/datavzrd/intersect/test/plots/plot_1.js",
                "copynumber/summary/datavzrd/intersect/test/plots/plot_2.js",
                "copynumber/summary/datavzrd/intersect/test/plots/plot_3.js",
                "copynumber/summary/datavzrd/intersect/test/plots/plot_4.js",
                "copynumber/summary/datavzrd/intersect/test/plots/plot_5.js",
                "copynumber/summary/datavzrd/intersect/test/plots/plot_6.js",
                "copynumber/summary/datavzrd/intersect/test/plots/plot_7.js",
                "copynumber/summary/datavzrd/intersect/test/plots/plot_8.js",
                "copynumber/summary/datavzrd/truvari",
                "copynumber/summary/datavzrd/truvari/index.html",
                "copynumber/summary/datavzrd/truvari/static",
                "copynumber/summary/datavzrd/truvari/static/bootstrap-select.min.css",
                "copynumber/summary/datavzrd/truvari/static/bootstrap-table-fixed-columns.min.css",
                "copynumber/summary/datavzrd/truvari/static/bootstrap-table.min.css",
                "copynumber/summary/datavzrd/truvari/static/bootstrap.min.css",
                "copynumber/summary/datavzrd/truvari/static/bundle.js",
                "copynumber/summary/datavzrd/truvari/static/datavzrd.css",
                "copynumber/summary/datavzrd/truvari/test",
                "copynumber/summary/datavzrd/truvari/test/config.js",
                "copynumber/summary/datavzrd/truvari/test/data",
                "copynumber/summary/datavzrd/truvari/test/data/data_1.js",
                "copynumber/summary/datavzrd/truvari/test/functions.js",
                "copynumber/summary/datavzrd/truvari/test/heatmap.js",
                "copynumber/summary/datavzrd/truvari/test/index_1.html",
                "copynumber/summary/datavzrd/truvari/test/plots",
                "copynumber/summary/datavzrd/truvari/test/plots/plot_0.js",
                "copynumber/summary/datavzrd/truvari/test/plots/plot_1.js",
                "copynumber/summary/datavzrd/truvari/test/plots/plot_2.js",
                "copynumber/summary/datavzrd/truvari/test/plots/plot_3.js",
                "copynumber/summary/datavzrd/truvari/test/plots/plot_4.js",
                "copynumber/summary/datavzrd/truvari/test/plots/plot_5.js",
                "copynumber/summary/datavzrd/truvari/test/plots/plot_6.js",
                "copynumber/summary/datavzrd/truvari/test/plots/plot_7.js",
                "copynumber/summary/datavzrd/truvari/test/plots/plot_8.js",
                "copynumber/summary/datavzrd/versions.yml",
                "copynumber/summary/datavzrd/wittyer",
                "copynumber/summary/datavzrd/wittyer/index.html",
                "copynumber/summary/datavzrd/wittyer/static",
                "copynumber/summary/datavzrd/wittyer/static/bootstrap-select.min.css",
                "copynumber/summary/datavzrd/wittyer/static/bootstrap-table-fixed-columns.min.css",
                "copynumber/summary/datavzrd/wittyer/static/bootstrap-table.min.css",
                "copynumber/summary/datavzrd/wittyer/static/bootstrap.min.css",
                "copynumber/summary/datavzrd/wittyer/static/bundle.js",
                "copynumber/summary/datavzrd/wittyer/static/datavzrd.css",
                "copynumber/summary/datavzrd/wittyer/test",
                "copynumber/summary/datavzrd/wittyer/test/config.js",
                "copynumber/summary/datavzrd/wittyer/test/data",
                "copynumber/summary/datavzrd/wittyer/test/data/data_1.js",
                "copynumber/summary/datavzrd/wittyer/test/functions.js",
                "copynumber/summary/datavzrd/wittyer/test/heatmap.js",
                "copynumber/summary/datavzrd/wittyer/test/index_1.html",
                "copynumber/summary/datavzrd/wittyer/test/plots",
                "copynumber/summary/datavzrd/wittyer/test/plots/plot_0.js",
                "copynumber/summary/datavzrd/wittyer/test/plots/plot_1.js",
                "copynumber/summary/datavzrd/wittyer/test/plots/plot_2.js",
                "copynumber/summary/datavzrd/wittyer/test/plots/plot_3.js",
                "copynumber/summary/datavzrd/wittyer/test/plots/plot_4.js",
                "copynumber/summary/datavzrd/wittyer/test/plots/plot_5.js",
                "copynumber/summary/datavzrd/wittyer/test/plots/plot_6.js",
                "copynumber/summary/datavzrd/wittyer/test/plots/plot_7.js",
                "copynumber/summary/datavzrd/wittyer/test/plots/plot_8.js",
                "copynumber/summary/datavzrd/wittyer/test/plots/plot_9.js",
                "copynumber/summary/plots",
                "copynumber/summary/plots/intersect",
                "copynumber/summary/plots/intersect/f1_by_tool_intersect_mqc.png",
                "copynumber/summary/plots/intersect/pr_recall_by_tool_intersect_mqc.png",
                "copynumber/summary/plots/intersect/variants_by_tool_intersect_mqc.png",
                "copynumber/summary/plots/truvari",
                "copynumber/summary/plots/truvari/f1_by_tool_truvari_mqc.png",
                "copynumber/summary/plots/truvari/pr_recall_by_tool_truvari_mqc.png",
                "copynumber/summary/plots/truvari/variants_by_tool_truvari_mqc.png",
                "copynumber/summary/plots/wittyer",
                "copynumber/summary/plots/wittyer/Base_f1_by_tool_wittyer_mqc.png",
                "copynumber/summary/plots/wittyer/Base_pr_recall_by_tool_wittyer_mqc.png",
                "copynumber/summary/plots/wittyer/Base_variants_by_tool_wittyer_mqc.png",
                "copynumber/summary/plots/wittyer/Event_f1_by_tool_wittyer_mqc.png",
                "copynumber/summary/plots/wittyer/Event_pr_recall_by_tool_wittyer_mqc.png",
                "copynumber/summary/plots/wittyer/Event_variants_by_tool_wittyer_mqc.png",
                "copynumber/summary/tables",
                "copynumber/summary/tables/intersect",
                "copynumber/summary/tables/intersect/intersect.summary.csv",
                "copynumber/summary/tables/truvari",
                "copynumber/summary/tables/truvari/truvari.summary.csv",
                "copynumber/summary/tables/wittyer",
                "copynumber/summary/tables/wittyer/wittyer.summary.csv",
                "copynumber/test13",
                "copynumber/test13/intersect",
                "copynumber/test13/intersect/test13.SEQC2.controlfreec_FN.bed",
                "copynumber/test13/intersect/test13.SEQC2.controlfreec_FP.bed",
                "copynumber/test13/intersect/test13.SEQC2.controlfreec_TP_base.bed",
                "copynumber/test13/intersect/test13.SEQC2.controlfreec_TP_comp.bed",
                "copynumber/test13/intersect/test13.SEQC2.controlfreec_converted.bed",
                "copynumber/test13/intersect/test13.SEQC2.controlfreec_stats.csv",
                "copynumber/test14",
                "copynumber/test14/benchmarks",
                "copynumber/test14/benchmarks/truvari",
                "copynumber/test14/benchmarks/truvari/test14.SEQC2.cnvkit.fn.vcf.gz",
                "copynumber/test14/benchmarks/truvari/test14.SEQC2.cnvkit.fn.vcf.gz.tbi",
                "copynumber/test14/benchmarks/truvari/test14.SEQC2.cnvkit.fp.vcf.gz",
                "copynumber/test14/benchmarks/truvari/test14.SEQC2.cnvkit.fp.vcf.gz.tbi",
                "copynumber/test14/benchmarks/truvari/test14.SEQC2.cnvkit.summary.json",
                "copynumber/test14/benchmarks/truvari/test14.SEQC2.cnvkit.tp-base.vcf.gz",
                "copynumber/test14/benchmarks/truvari/test14.SEQC2.cnvkit.tp-base.vcf.gz.tbi",
                "copynumber/test14/benchmarks/truvari/test14.SEQC2.cnvkit.tp-comp.vcf.gz",
                "copynumber/test14/benchmarks/truvari/test14.SEQC2.cnvkit.tp-comp.vcf.gz.tbi",
                "copynumber/test14/benchmarks/wittyer",
                "copynumber/test14/benchmarks/wittyer/test14.SEQC2.cnvkit.json",
                "copynumber/test14/benchmarks/wittyer/test14.SEQC2.cnvkit.vcf.gz",
                "copynumber/test14/benchmarks/wittyer/test14.SEQC2.cnvkit.vcf.gz.tbi",
                "copynumber/test14/intersect",
                "copynumber/test14/intersect/test14.SEQC2.cnvkit.converted_FN.bed",
                "copynumber/test14/intersect/test14.SEQC2.cnvkit.converted_FP.bed",
                "copynumber/test14/intersect/test14.SEQC2.cnvkit.converted_TP_base.bed",
                "copynumber/test14/intersect/test14.SEQC2.cnvkit.converted_TP_comp.bed",
                "copynumber/test14/intersect/test14.SEQC2.cnvkit.converted_stats.csv",
                "copynumber/test14/intersect/test14.SEQC2.cnvkit_FN.bed",
                "copynumber/test14/intersect/test14.SEQC2.cnvkit_FP.bed",
                "copynumber/test14/intersect/test14.SEQC2.cnvkit_TP_base.bed",
                "copynumber/test14/intersect/test14.SEQC2.cnvkit_TP_comp.bed",
                "copynumber/test14/intersect/test14.SEQC2.cnvkit_converted.bed",
                "copynumber/test14/intersect/test14.SEQC2.cnvkit_stats.csv",
                "copynumber/test14/intersect/test14.bed",
                "copynumber/test14/preprocess",
                "copynumber/test14/preprocess/test14.vcf.gz",
                "copynumber/test14/preprocess/test14.vcf.gz.tbi",
                "copynumber/test14/stats",
                "copynumber/test14/stats/bcftools",
                "copynumber/test14/stats/bcftools/test14.cnvkit.bcftools_stats.txt",
                "copynumber/test15",
                "copynumber/test15/intersect",
                "copynumber/test15/intersect/test15.SEQC2.ascat_FN.bed",
                "copynumber/test15/intersect/test15.SEQC2.ascat_FP.bed",
                "copynumber/test15/intersect/test15.SEQC2.ascat_TP_base.bed",
                "copynumber/test15/intersect/test15.SEQC2.ascat_TP_comp.bed",
                "copynumber/test15/intersect/test15.SEQC2.ascat_converted.bed",
                "copynumber/test15/intersect/test15.SEQC2.ascat_stats.csv",
                "pipeline_info",
                "pipeline_info/nf_core_variantbenchmarking_software_mqc_versions.yml"
            ],
            [
                "SEQC2.bcftools_stats.txt:md5,2a3294dcbb89d63042d713a7bb6f32ee",
                "multiqc_bcftools_stats.txt:md5,8de9f03f6f576c45b89eea72bc01384a",
                "multiqc_citations.txt:md5,4c806e63a283ec1b7e78cdae3a923d4f",
                "multiqc_general_stats.txt:md5,984b60eee4b09bf0b0a285b9635a39a5",
                "test13.SEQC2.controlfreec_FN.bed:md5,bcbdf273e3d60c0aaa8afb4a8b0a5ff5",
                "test13.SEQC2.controlfreec_FP.bed:md5,36be4b1c9f99af66e548eb1a7ce5548c",
                "test13.SEQC2.controlfreec_TP_base.bed:md5,e5c439e0e4b2136e44d5fde760785795",
                "test13.SEQC2.controlfreec_TP_comp.bed:md5,ab67e599c27193fdbc01b34cd64067e2",
                "test13.SEQC2.controlfreec_converted.bed:md5,42114160c556308113924518742d044d",
                "test13.SEQC2.controlfreec_stats.csv:md5,b88daaad2718557cde7a1003854c4b2d",
                "test14.SEQC2.cnvkit.converted_FN.bed:md5,f3d094366dc65c1429591f7bce0b82fa",
                "test14.SEQC2.cnvkit.converted_FP.bed:md5,0065a619ce6820aa2cccc7f66280ae83",
                "test14.SEQC2.cnvkit.converted_TP_base.bed:md5,e305f719b3d34790e3712884c49b3902",
                "test14.SEQC2.cnvkit.converted_TP_comp.bed:md5,2790afa7cb96ca56b2aa8effb50c0130",
                "test14.SEQC2.cnvkit.converted_stats.csv:md5,16be4458b128808ee0f1516ecacc409b",
                "test14.SEQC2.cnvkit_FN.bed:md5,00a42d156cf8cced7887d0f74a301135",
                "test14.SEQC2.cnvkit_FP.bed:md5,28bc770ea9012b5ef1133fcebf04d947",
                "test14.SEQC2.cnvkit_TP_base.bed:md5,19019ac7f9eb7e62fc7a353039f1c127",
                "test14.SEQC2.cnvkit_TP_comp.bed:md5,f17dd36906650c4a47f025de1581ccc2",
                "test14.SEQC2.cnvkit_converted.bed:md5,8c3b9edf180a7c79e049f26c9f36054a",
                "test14.SEQC2.cnvkit_stats.csv:md5,40afc2df74f992bcffc7f06011d0c1b2",
                "test14.bed:md5,092055cb423e1779560e2be2876da9f7",
                "test14.cnvkit.bcftools_stats.txt:md5,c53f1aee0cfc8cae1c97e31fdec97b2b",
                "test15.SEQC2.ascat_FN.bed:md5,803d854d296b2f61972783e1a47800f7",
                "test15.SEQC2.ascat_FP.bed:md5,8357095f4e0d7463c22b6d51d8a5fa59",
                "test15.SEQC2.ascat_TP_base.bed:md5,a1b0956b39f642e5ca0c71d082e4f71b",
                "test15.SEQC2.ascat_TP_comp.bed:md5,1ff080b60c18aec8df30e6b3159934f3",
                "test15.SEQC2.ascat_converted.bed:md5,547cff0cd363f4199a6e7860c09960bb",
                "test15.SEQC2.ascat_stats.csv:md5,675388d84101c13ebfae442c98747acf"
            ]
        ],
        "meta": {
            "nf-test": "0.9.2",
            "nextflow": "25.04.6"
        },
        "timestamp": "2025-07-17T08:32:35.638381898"
    }
}