{
    "Params: --analysis 'somatic' --variant_type 'snv' --method 'sompy'": {
        "content": [
            91,
            {
                "BCFTOOLS_FILTER": {
                    "bcftools": 1.2
                },
                "BCFTOOLS_MERGE": {
                    "bcftools": 1.2
                },
                "BCFTOOLS_NORM": {
                    "bcftools": 1.21
                },
                "BCFTOOLS_PLUGINSETGT": {
                    "bcftools": 1.22
                },
                "BCFTOOLS_REHEADER_1": {
                    "bcftools": 1.2
                },
                "BCFTOOLS_REHEADER_2": {
                    "bcftools": 1.2
                },
                "BCFTOOLS_REHEADER_3": {
                    "bcftools": 1.2
                },
                "BCFTOOLS_REHEADER_4": {
                    "bcftools": 1.2
                },
                "BCFTOOLS_REHEADER_QUERY": {
                    "bcftools": 1.2
                },
                "BCFTOOLS_REHEADER_TRUTH": {
                    "bcftools": 1.2
                },
                "BCFTOOLS_SORT": {
                    "bcftools": 1.2
                },
                "BCFTOOLS_STATS": {
                    "bcftools": 1.18
                },
                "BCFTOOLS_VIEW_CONTIGS": {
                    "bcftools": 1.2
                },
                "BCFTOOLS_VIEW_FILTERMISSING": {
                    "bcftools": 1.2
                },
                "BCFTOOLS_VIEW_SUBSAMPLE": {
                    "bcftools": 1.2
                },
                "DATAVZRD": {
                    "datavzrd": "2.36.12"
                },
                "HAPPY_SOMPY": {
                    "hap.py": "0.3.14"
                },
                "MERGE_REPORTS": {
                    "python": "3.13.0"
                },
                "MERGE_SOMPY_FEATURES": {
                    "python": "3.13.0"
                },
                "PLOTS": {
                    "r-base": "4.3.1"
                },
                "PLOT_UPSET": {
                    "python": "3.13.7"
                },
                "PUBLISH_PROCESSED_VCF": {
                    "cp": 8.3
                },
                "REFORMAT_HEADER": {
                    "tabix": 1.12
                },
                "RTGTOOLS_FORMAT": {
                    "rtg-tools": "3.12.1"
                },
                "RTGTOOLS_VCFEVAL": {
                    "rtg-tools": "3.12.1"
                },
                "SPLIT_SOMPY_FEATURES": {
                    "python": "3.13.0"
                },
                "VCF_TO_CSV": {
                    "python": "3.13.0"
                },
                "Workflow": {
                    "nf-core/variantbenchmarking": "v1.4.0-dev"
                }
            },
            [
                "pipeline_info",
                "pipeline_info/nf_core_variantbenchmarking_software_mqc_versions.yml",
                "references",
                "references/rtgtools",
                "references/rtgtools/genome.sdf",
                "references/rtgtools/genome.sdf/done",
                "references/rtgtools/genome.sdf/format.log",
                "references/rtgtools/genome.sdf/mainIndex",
                "references/rtgtools/genome.sdf/nameIndex0",
                "references/rtgtools/genome.sdf/namedata0",
                "references/rtgtools/genome.sdf/namepointer0",
                "references/rtgtools/genome.sdf/progress",
                "references/rtgtools/genome.sdf/reference.txt",
                "references/rtgtools/genome.sdf/seqdata0",
                "references/rtgtools/genome.sdf/seqdata1",
                "references/rtgtools/genome.sdf/seqdata2",
                "references/rtgtools/genome.sdf/seqdata3",
                "references/rtgtools/genome.sdf/seqpointer0",
                "references/rtgtools/genome.sdf/seqpointer1",
                "references/rtgtools/genome.sdf/seqpointer2",
                "references/rtgtools/genome.sdf/seqpointer3",
                "references/rtgtools/genome.sdf/sequenceIndex0",
                "references/rtgtools/genome.sdf/suffixIndex0",
                "references/rtgtools/genome.sdf/suffixdata0",
                "references/rtgtools/genome.sdf/suffixpointer0",
                "references/rtgtools/genome.sdf/summary.txt",
                "snv",
                "snv/SEQC2",
                "snv/SEQC2/preprocess",
                "snv/SEQC2/preprocess/SEQC2.vcf.gz",
                "snv/SEQC2/preprocess/SEQC2.vcf.gz.tbi",
                "snv/SEQC2/stats",
                "snv/SEQC2/stats/bcftools",
                "snv/SEQC2/stats/bcftools/SEQC2.bcftools_stats.txt",
                "snv/multiqc",
                "snv/multiqc/multiqc_data",
                "snv/multiqc/multiqc_data/bcftools-stats-subtypes.txt",
                "snv/multiqc/multiqc_data/bcftools_stats_indel-lengths.txt",
                "snv/multiqc/multiqc_data/bcftools_stats_variant_depths.txt",
                "snv/multiqc/multiqc_data/bcftools_stats_vqc_Count_Indels.txt",
                "snv/multiqc/multiqc_data/bcftools_stats_vqc_Count_SNP.txt",
                "snv/multiqc/multiqc_data/bcftools_stats_vqc_Count_Transitions.txt",
                "snv/multiqc/multiqc_data/bcftools_stats_vqc_Count_Transversions.txt",
                "snv/multiqc/multiqc_data/llms-full.txt",
                "snv/multiqc/multiqc_data/multiqc.log",
                "snv/multiqc/multiqc_data/multiqc.parquet",
                "snv/multiqc/multiqc_data/multiqc_bcftools_stats.txt",
                "snv/multiqc/multiqc_data/multiqc_citations.txt",
                "snv/multiqc/multiqc_data/multiqc_data.json",
                "snv/multiqc/multiqc_data/multiqc_general_stats.txt",
                "snv/multiqc/multiqc_data/multiqc_software_versions.txt",
                "snv/multiqc/multiqc_data/multiqc_sompy_combined_data.txt",
                "snv/multiqc/multiqc_data/multiqc_sompy_indel_data.txt",
                "snv/multiqc/multiqc_data/multiqc_sompy_snv_data.txt",
                "snv/multiqc/multiqc_data/multiqc_sources.txt",
                "snv/multiqc/multiqc_data/multiqc_variant_calling_summary.txt",
                "snv/multiqc/multiqc_data/sompy_combined_plot.txt",
                "snv/multiqc/multiqc_data/sompy_indel_plot.txt",
                "snv/multiqc/multiqc_data/sompy_snv_plot.txt",
                "snv/multiqc/multiqc_plots",
                "snv/multiqc/multiqc_plots/pdf",
                "snv/multiqc/multiqc_plots/pdf/bcftools-stats-subtypes-cnt.pdf",
                "snv/multiqc/multiqc_plots/pdf/bcftools-stats-subtypes-pct.pdf",
                "snv/multiqc/multiqc_plots/pdf/bcftools_stats_indel-lengths-cnt.pdf",
                "snv/multiqc/multiqc_plots/pdf/bcftools_stats_indel-lengths-log.pdf",
                "snv/multiqc/multiqc_plots/pdf/bcftools_stats_variant_depths.pdf",
                "snv/multiqc/multiqc_plots/pdf/bcftools_stats_vqc_Count_Indels.pdf",
                "snv/multiqc/multiqc_plots/pdf/bcftools_stats_vqc_Count_SNP.pdf",
                "snv/multiqc/multiqc_plots/pdf/bcftools_stats_vqc_Count_Transitions.pdf",
                "snv/multiqc/multiqc_plots/pdf/bcftools_stats_vqc_Count_Transversions.pdf",
                "snv/multiqc/multiqc_plots/pdf/sompy_combined_plot.pdf",
                "snv/multiqc/multiqc_plots/pdf/sompy_indel_plot.pdf",
                "snv/multiqc/multiqc_plots/pdf/sompy_snv_plot.pdf",
                "snv/multiqc/multiqc_plots/pdf/variant_calling_summary.pdf",
                "snv/multiqc/multiqc_plots/png",
                "snv/multiqc/multiqc_plots/png/bcftools-stats-subtypes-cnt.png",
                "snv/multiqc/multiqc_plots/png/bcftools-stats-subtypes-pct.png",
                "snv/multiqc/multiqc_plots/png/bcftools_stats_indel-lengths-cnt.png",
                "snv/multiqc/multiqc_plots/png/bcftools_stats_indel-lengths-log.png",
                "snv/multiqc/multiqc_plots/png/bcftools_stats_variant_depths.png",
                "snv/multiqc/multiqc_plots/png/bcftools_stats_vqc_Count_Indels.png",
                "snv/multiqc/multiqc_plots/png/bcftools_stats_vqc_Count_SNP.png",
                "snv/multiqc/multiqc_plots/png/bcftools_stats_vqc_Count_Transitions.png",
                "snv/multiqc/multiqc_plots/png/bcftools_stats_vqc_Count_Transversions.png",
                "snv/multiqc/multiqc_plots/png/sompy_combined_plot.png",
                "snv/multiqc/multiqc_plots/png/sompy_indel_plot.png",
                "snv/multiqc/multiqc_plots/png/sompy_snv_plot.png",
                "snv/multiqc/multiqc_plots/png/variant_calling_summary.png",
                "snv/multiqc/multiqc_plots/svg",
                "snv/multiqc/multiqc_plots/svg/bcftools-stats-subtypes-cnt.svg",
                "snv/multiqc/multiqc_plots/svg/bcftools-stats-subtypes-pct.svg",
                "snv/multiqc/multiqc_plots/svg/bcftools_stats_indel-lengths-cnt.svg",
                "snv/multiqc/multiqc_plots/svg/bcftools_stats_indel-lengths-log.svg",
                "snv/multiqc/multiqc_plots/svg/bcftools_stats_variant_depths.svg",
                "snv/multiqc/multiqc_plots/svg/bcftools_stats_vqc_Count_Indels.svg",
                "snv/multiqc/multiqc_plots/svg/bcftools_stats_vqc_Count_SNP.svg",
                "snv/multiqc/multiqc_plots/svg/bcftools_stats_vqc_Count_Transitions.svg",
                "snv/multiqc/multiqc_plots/svg/bcftools_stats_vqc_Count_Transversions.svg",
                "snv/multiqc/multiqc_plots/svg/sompy_combined_plot.svg",
                "snv/multiqc/multiqc_plots/svg/sompy_indel_plot.svg",
                "snv/multiqc/multiqc_plots/svg/sompy_snv_plot.svg",
                "snv/multiqc/multiqc_plots/svg/variant_calling_summary.svg",
                "snv/multiqc/multiqc_report.html",
                "snv/summary",
                "snv/summary/comparisons",
                "snv/summary/comparisons/rtgtools",
                "snv/summary/comparisons/rtgtools/rtgtools.FN.csv",
                "snv/summary/comparisons/rtgtools/rtgtools.FP.csv",
                "snv/summary/comparisons/rtgtools/rtgtools.TP_base.csv",
                "snv/summary/comparisons/rtgtools/rtgtools.TP_comp.csv",
                "snv/summary/comparisons/sompy",
                "snv/summary/comparisons/sompy/sompy.FN.csv",
                "snv/summary/comparisons/sompy/sompy.FP.csv",
                "snv/summary/comparisons/sompy/sompy.TP_comp.csv",
                "snv/summary/datavzrd",
                "snv/summary/datavzrd/rtgtools",
                "snv/summary/datavzrd/rtgtools/index.html",
                "snv/summary/datavzrd/rtgtools/static",
                "snv/summary/datavzrd/rtgtools/static/bootstrap-select.min.css",
                "snv/summary/datavzrd/rtgtools/static/bootstrap-table-fixed-columns.min.css",
                "snv/summary/datavzrd/rtgtools/static/bootstrap-table.min.css",
                "snv/summary/datavzrd/rtgtools/static/bootstrap.min.css",
                "snv/summary/datavzrd/rtgtools/static/bundle.js",
                "snv/summary/datavzrd/rtgtools/static/datavzrd.css",
                "snv/summary/datavzrd/rtgtools/test",
                "snv/summary/datavzrd/rtgtools/test/config.js",
                "snv/summary/datavzrd/rtgtools/test/data",
                "snv/summary/datavzrd/rtgtools/test/data/data_1.js",
                "snv/summary/datavzrd/rtgtools/test/functions.js",
                "snv/summary/datavzrd/rtgtools/test/heatmap.js",
                "snv/summary/datavzrd/rtgtools/test/index_1.html",
                "snv/summary/datavzrd/rtgtools/test/plots",
                "snv/summary/datavzrd/rtgtools/test/plots/plot_0.js",
                "snv/summary/datavzrd/rtgtools/test/plots/plot_1.js",
                "snv/summary/datavzrd/rtgtools/test/plots/plot_10.js",
                "snv/summary/datavzrd/rtgtools/test/plots/plot_2.js",
                "snv/summary/datavzrd/rtgtools/test/plots/plot_3.js",
                "snv/summary/datavzrd/rtgtools/test/plots/plot_4.js",
                "snv/summary/datavzrd/rtgtools/test/plots/plot_5.js",
                "snv/summary/datavzrd/rtgtools/test/plots/plot_6.js",
                "snv/summary/datavzrd/rtgtools/test/plots/plot_7.js",
                "snv/summary/datavzrd/rtgtools/test/plots/plot_8.js",
                "snv/summary/datavzrd/rtgtools/test/plots/plot_9.js",
                "snv/summary/datavzrd/sompy",
                "snv/summary/datavzrd/sompy/index.html",
                "snv/summary/datavzrd/sompy/static",
                "snv/summary/datavzrd/sompy/static/bootstrap-select.min.css",
                "snv/summary/datavzrd/sompy/static/bootstrap-table-fixed-columns.min.css",
                "snv/summary/datavzrd/sompy/static/bootstrap-table.min.css",
                "snv/summary/datavzrd/sompy/static/bootstrap.min.css",
                "snv/summary/datavzrd/sompy/static/bundle.js",
                "snv/summary/datavzrd/sompy/static/datavzrd.css",
                "snv/summary/datavzrd/sompy/test",
                "snv/summary/datavzrd/sompy/test/config.js",
                "snv/summary/datavzrd/sompy/test/data",
                "snv/summary/datavzrd/sompy/test/data/data_1.js",
                "snv/summary/datavzrd/sompy/test/functions.js",
                "snv/summary/datavzrd/sompy/test/heatmap.js",
                "snv/summary/datavzrd/sompy/test/index_1.html",
                "snv/summary/datavzrd/sompy/test/plots",
                "snv/summary/datavzrd/sompy/test/plots/plot_0.js",
                "snv/summary/datavzrd/sompy/test/plots/plot_1.js",
                "snv/summary/datavzrd/sompy/test/plots/plot_10.js",
                "snv/summary/datavzrd/sompy/test/plots/plot_11.js",
                "snv/summary/datavzrd/sompy/test/plots/plot_12.js",
                "snv/summary/datavzrd/sompy/test/plots/plot_13.js",
                "snv/summary/datavzrd/sompy/test/plots/plot_14.js",
                "snv/summary/datavzrd/sompy/test/plots/plot_15.js",
                "snv/summary/datavzrd/sompy/test/plots/plot_16.js",
                "snv/summary/datavzrd/sompy/test/plots/plot_17.js",
                "snv/summary/datavzrd/sompy/test/plots/plot_18.js",
                "snv/summary/datavzrd/sompy/test/plots/plot_19.js",
                "snv/summary/datavzrd/sompy/test/plots/plot_2.js",
                "snv/summary/datavzrd/sompy/test/plots/plot_20.js",
                "snv/summary/datavzrd/sompy/test/plots/plot_21.js",
                "snv/summary/datavzrd/sompy/test/plots/plot_3.js",
                "snv/summary/datavzrd/sompy/test/plots/plot_4.js",
                "snv/summary/datavzrd/sompy/test/plots/plot_5.js",
                "snv/summary/datavzrd/sompy/test/plots/plot_6.js",
                "snv/summary/datavzrd/sompy/test/plots/plot_7.js",
                "snv/summary/datavzrd/sompy/test/plots/plot_8.js",
                "snv/summary/datavzrd/sompy/test/plots/plot_9.js",
                "snv/summary/datavzrd/versions.yml",
                "snv/summary/plots",
                "snv/summary/plots/rtgtools",
                "snv/summary/plots/rtgtools/f1_by_tool_rtgtools_mqc.png",
                "snv/summary/plots/rtgtools/pr_recall_by_tool_rtgtools_mqc.png",
                "snv/summary/plots/rtgtools/upset_rtgtools_tp_fn_mqc.png",
                "snv/summary/plots/rtgtools/upset_rtgtools_tp_fp_mqc.png",
                "snv/summary/plots/rtgtools/variants_by_tool_rtgtools_mqc.png",
                "snv/summary/plots/sompy",
                "snv/summary/plots/sompy/f1_by_tool_sompy_mqc.png",
                "snv/summary/plots/sompy/pr_recall_by_tool_sompy_mqc.png",
                "snv/summary/plots/sompy/upset_sompy_tp_fn_mqc.png",
                "snv/summary/plots/sompy/upset_sompy_tp_fp_mqc.png",
                "snv/summary/plots/sompy/variants_by_tool_sompy_mqc.png",
                "snv/summary/tables",
                "snv/summary/tables/rtgtools",
                "snv/summary/tables/rtgtools/rtgtools.summary.csv",
                "snv/summary/tables/sompy",
                "snv/summary/tables/sompy/sompy.regions.csv",
                "snv/summary/tables/sompy/sompy.summary.csv",
                "snv/test10",
                "snv/test10/benchmarks",
                "snv/test10/benchmarks/rtgtools",
                "snv/test10/benchmarks/rtgtools/test10.SEQC2.strelka.fn.vcf.gz",
                "snv/test10/benchmarks/rtgtools/test10.SEQC2.strelka.fn.vcf.gz.tbi",
                "snv/test10/benchmarks/rtgtools/test10.SEQC2.strelka.fp.vcf.gz",
                "snv/test10/benchmarks/rtgtools/test10.SEQC2.strelka.fp.vcf.gz.tbi",
                "snv/test10/benchmarks/rtgtools/test10.SEQC2.strelka.non_snp_roc.tsv.gz",
                "snv/test10/benchmarks/rtgtools/test10.SEQC2.strelka.phasing.txt",
                "snv/test10/benchmarks/rtgtools/test10.SEQC2.strelka.snp_roc.tsv.gz",
                "snv/test10/benchmarks/rtgtools/test10.SEQC2.strelka.summary.txt",
                "snv/test10/benchmarks/rtgtools/test10.SEQC2.strelka.tp-baseline.vcf.gz",
                "snv/test10/benchmarks/rtgtools/test10.SEQC2.strelka.tp-baseline.vcf.gz.tbi",
                "snv/test10/benchmarks/rtgtools/test10.SEQC2.strelka.tp.vcf.gz",
                "snv/test10/benchmarks/rtgtools/test10.SEQC2.strelka.tp.vcf.gz.tbi",
                "snv/test10/benchmarks/rtgtools/test10.SEQC2.strelka.weighted_roc.tsv.gz",
                "snv/test10/benchmarks/sompy",
                "snv/test10/benchmarks/sompy/test10.SEQC2.strelka.features.csv",
                "snv/test10/benchmarks/sompy/test10.SEQC2.strelka.metrics.json",
                "snv/test10/benchmarks/sompy/test10.SEQC2.strelka.stats.csv",
                "snv/test10/preprocess",
                "snv/test10/preprocess/test10.vcf.gz",
                "snv/test10/preprocess/test10.vcf.gz.tbi",
                "snv/test10/stats",
                "snv/test10/stats/bcftools",
                "snv/test10/stats/bcftools/test10.strelka.bcftools_stats.txt",
                "snv/test8",
                "snv/test8/benchmarks",
                "snv/test8/benchmarks/rtgtools",
                "snv/test8/benchmarks/rtgtools/test8.SEQC2.freebayes.fn.vcf.gz",
                "snv/test8/benchmarks/rtgtools/test8.SEQC2.freebayes.fn.vcf.gz.tbi",
                "snv/test8/benchmarks/rtgtools/test8.SEQC2.freebayes.fp.vcf.gz",
                "snv/test8/benchmarks/rtgtools/test8.SEQC2.freebayes.fp.vcf.gz.tbi",
                "snv/test8/benchmarks/rtgtools/test8.SEQC2.freebayes.non_snp_roc.tsv.gz",
                "snv/test8/benchmarks/rtgtools/test8.SEQC2.freebayes.phasing.txt",
                "snv/test8/benchmarks/rtgtools/test8.SEQC2.freebayes.snp_roc.tsv.gz",
                "snv/test8/benchmarks/rtgtools/test8.SEQC2.freebayes.summary.txt",
                "snv/test8/benchmarks/rtgtools/test8.SEQC2.freebayes.tp-baseline.vcf.gz",
                "snv/test8/benchmarks/rtgtools/test8.SEQC2.freebayes.tp-baseline.vcf.gz.tbi",
                "snv/test8/benchmarks/rtgtools/test8.SEQC2.freebayes.tp.vcf.gz",
                "snv/test8/benchmarks/rtgtools/test8.SEQC2.freebayes.tp.vcf.gz.tbi",
                "snv/test8/benchmarks/rtgtools/test8.SEQC2.freebayes.weighted_roc.tsv.gz",
                "snv/test8/benchmarks/sompy",
                "snv/test8/benchmarks/sompy/test8.SEQC2.freebayes.features.csv",
                "snv/test8/benchmarks/sompy/test8.SEQC2.freebayes.metrics.json",
                "snv/test8/benchmarks/sompy/test8.SEQC2.freebayes.stats.csv",
                "snv/test8/preprocess",
                "snv/test8/preprocess/test8.vcf.gz",
                "snv/test8/preprocess/test8.vcf.gz.tbi",
                "snv/test8/stats",
                "snv/test8/stats/bcftools",
                "snv/test8/stats/bcftools/test8.freebayes.bcftools_stats.txt",
                "snv/test9",
                "snv/test9/benchmarks",
                "snv/test9/benchmarks/rtgtools",
                "snv/test9/benchmarks/rtgtools/test9.SEQC2.mutect2.fn.vcf.gz",
                "snv/test9/benchmarks/rtgtools/test9.SEQC2.mutect2.fn.vcf.gz.tbi",
                "snv/test9/benchmarks/rtgtools/test9.SEQC2.mutect2.fp.vcf.gz",
                "snv/test9/benchmarks/rtgtools/test9.SEQC2.mutect2.fp.vcf.gz.tbi",
                "snv/test9/benchmarks/rtgtools/test9.SEQC2.mutect2.non_snp_roc.tsv.gz",
                "snv/test9/benchmarks/rtgtools/test9.SEQC2.mutect2.phasing.txt",
                "snv/test9/benchmarks/rtgtools/test9.SEQC2.mutect2.snp_roc.tsv.gz",
                "snv/test9/benchmarks/rtgtools/test9.SEQC2.mutect2.summary.txt",
                "snv/test9/benchmarks/rtgtools/test9.SEQC2.mutect2.tp-baseline.vcf.gz",
                "snv/test9/benchmarks/rtgtools/test9.SEQC2.mutect2.tp-baseline.vcf.gz.tbi",
                "snv/test9/benchmarks/rtgtools/test9.SEQC2.mutect2.tp.vcf.gz",
                "snv/test9/benchmarks/rtgtools/test9.SEQC2.mutect2.tp.vcf.gz.tbi",
                "snv/test9/benchmarks/rtgtools/test9.SEQC2.mutect2.weighted_roc.tsv.gz",
                "snv/test9/benchmarks/sompy",
                "snv/test9/benchmarks/sompy/test9.SEQC2.mutect2.features.csv",
                "snv/test9/benchmarks/sompy/test9.SEQC2.mutect2.metrics.json",
                "snv/test9/benchmarks/sompy/test9.SEQC2.mutect2.stats.csv",
                "snv/test9/preprocess",
                "snv/test9/preprocess/test9.vcf.gz",
                "snv/test9/preprocess/test9.vcf.gz.tbi",
                "snv/test9/stats",
                "snv/test9/stats/bcftools",
                "snv/test9/stats/bcftools/test9.mutect2.bcftools_stats.txt"
            ],
            [
                "nameIndex0:md5,720ad6dfad3d1ee07a3a2bc3ed953395",
                "namedata0:md5,758c4a60948aed6c6a4c78323aa73ab3",
                "namepointer0:md5,319f9f665b338f0e218677e036637e94",
                "reference.txt:md5,c9f7ef637449eb0f006d90080a130e30",
                "seqdata0:md5,ea8728adf43db158305ba188de66e838",
                "seqdata1:md5,d3470516d52b20e9477323d051846c3f",
                "seqdata2:md5,1fd1a98f39b966aac0b696b122a1c6d5",
                "seqdata3:md5,49ba3e2d1b4ada1d7ed2c29079833491",
                "seqpointer0:md5,77ad13d617e120eadad10bdec41cc00f",
                "seqpointer1:md5,fce3fdba9b237ec51f3c356086d0f8b9",
                "seqpointer2:md5,3d99bc0313f17f491a0a2903d6585b14",
                "seqpointer3:md5,2a69114e099aa0752e78f417cc8fe7bb",
                "sequenceIndex0:md5,18c7d37abf02d389fda5d9945b16b614",
                "suffixIndex0:md5,b7bb2ba061ab54c0bf07c0a941d0277a",
                "suffixdata0:md5,f2876dd730673cd49c4de191001f634e",
                "suffixpointer0:md5,468281ffb10d7dd934289af762a03781",
                "SEQC2.bcftools_stats.txt:md5,b54ef62c30c850827bbc5ac1b0557988",
                "bcftools-stats-subtypes.txt:md5,6270ef24a39dd4b98161c0ce92a513ce",
                "bcftools_stats_indel-lengths.txt:md5,9e58aff219fe0d9d363a293e34200bfe",
                "bcftools_stats_variant_depths.txt:md5,0110c87402d72090a633e9142fc24a94",
                "bcftools_stats_vqc_Count_Indels.txt:md5,50cc31a2c46c04b9f90668d16ec3fa8d",
                "bcftools_stats_vqc_Count_SNP.txt:md5,56fc9e9fb1b8fc00f50c081eefcc6882",
                "bcftools_stats_vqc_Count_Transitions.txt:md5,7c1f35af6720b30aedbdabd149e4abbc",
                "bcftools_stats_vqc_Count_Transversions.txt:md5,acab66a56f50f93573e3290c47e077b7",
                "multiqc_bcftools_stats.txt:md5,472ed5c2042b9f630c10ec3a3ca4d71c",
                "multiqc_citations.txt:md5,5cbab4ecbe14049d965fd97bd61d252b",
                "multiqc_sompy_combined_data.txt:md5,9694026d08f0ef8d1b387b2a0bacbb37",
                "multiqc_sompy_indel_data.txt:md5,0a23dd0a9d1e78b2dad07e9fa728c676",
                "multiqc_sompy_snv_data.txt:md5,f26401f255f7967b991c1da5cce7a667",
                "multiqc_variant_calling_summary.txt:md5,84ab636a3662209667da9b60488c12aa",
                "sompy_combined_plot.txt:md5,303d98a4ff60449bf41415d54b776d47",
                "sompy_indel_plot.txt:md5,072e830d52939faeae5795e6f1cbaed8",
                "sompy_snv_plot.txt:md5,2d45934632b62920395a058b3b43e83d",
                "test10.SEQC2.strelka.phasing.txt:md5,38920536b8c3e241e873c07ba61762e6",
                "test10.SEQC2.strelka.summary.txt:md5,7a3fe0bd6bfbbc7fc78f37babbf10a83",
                "test10.strelka.bcftools_stats.txt:md5,c9925eafd68f95edbeceec760e17dca7",
                "test8.SEQC2.freebayes.phasing.txt:md5,38920536b8c3e241e873c07ba61762e6",
                "test8.SEQC2.freebayes.summary.txt:md5,538928aaa876747a4b5b80a043804153",
                "test8.freebayes.bcftools_stats.txt:md5,b58169953cb48d9bfb78186d8d58ed45",
                "test9.SEQC2.mutect2.phasing.txt:md5,38920536b8c3e241e873c07ba61762e6",
                "test9.SEQC2.mutect2.summary.txt:md5,0839c17833ad17028b7c2cd5c64c87d7",
                "test9.mutect2.bcftools_stats.txt:md5,bd77c71486ce252202be388b18d05390"
            ]
        ],
        "meta": {
            "nf-test": "0.9.3",
            "nextflow": "25.10.0"
        },
        "timestamp": "2025-11-20T09:35:11.605191613"
    },
    "-stub": {
        "content": [
            91,
            {
                "BCFTOOLS_FILTER": {
                    "bcftools": 1.2
                },
                "BCFTOOLS_MERGE": {
                    "bcftools": 1.2
                },
                "BCFTOOLS_NORM": {
                    "bcftools": 1.21
                },
                "BCFTOOLS_PLUGINSETGT": {
                    "bcftools": 1.22
                },
                "BCFTOOLS_REHEADER_1": {
                    "bcftools": 1.2
                },
                "BCFTOOLS_REHEADER_2": {
                    "bcftools": 1.2
                },
                "BCFTOOLS_REHEADER_3": {
                    "bcftools": 1.2
                },
                "BCFTOOLS_REHEADER_4": {
                    "bcftools": 1.2
                },
                "BCFTOOLS_REHEADER_QUERY": {
                    "bcftools": 1.2
                },
                "BCFTOOLS_REHEADER_TRUTH": {
                    "bcftools": 1.2
                },
                "BCFTOOLS_SORT": {
                    "bcftools": 1.2
                },
                "BCFTOOLS_STATS": {
                    "bcftools": 1.18
                },
                "BCFTOOLS_VIEW_CONTIGS": {
                    "bcftools": 1.2
                },
                "BCFTOOLS_VIEW_FILTERMISSING": {
                    "bcftools": 1.2
                },
                "BCFTOOLS_VIEW_SUBSAMPLE": {
                    "bcftools": 1.2
                },
                "DATAVZRD": {
                    "datavzrd": "2.36.12"
                },
                "HAPPY_SOMPY": {
                    "hap.py": "0.3.14"
                },
                "MERGE_REPORTS": {
                    "python": "3.13.0"
                },
                "MERGE_SOMPY_FEATURES": {
                    "python": "3.13.0"
                },
                "PLOTS": {
                    "r-base": "4.3.1"
                },
                "PLOT_UPSET": {
                    "python": "3.13.7"
                },
                "PUBLISH_PROCESSED_VCF": {
                    "cp": 8.3
                },
                "REFORMAT_HEADER": {
                    "tabix": 1.12
                },
                "RTGTOOLS_FORMAT": {
                    "rtg-tools": "3.12.1"
                },
                "RTGTOOLS_VCFEVAL": {
                    "rtg-tools": "3.12.1"
                },
                "SPLIT_SOMPY_FEATURES": {
                    "python": "3.13.0"
                },
                "VCF_TO_CSV": {
                    "python": "3.13.0"
                },
                "Workflow": {
                    "nf-core/variantbenchmarking": "v1.4.0-dev"
                }
            },
            [
                "pipeline_info",
                "pipeline_info/nf_core_variantbenchmarking_software_mqc_versions.yml",
                "references",
                "references/rtgtools",
                "references/rtgtools/genome.sdf",
                "snv",
                "snv/SEQC2",
                "snv/SEQC2/preprocess",
                "snv/SEQC2/preprocess/SEQC2.vcf.gz",
                "snv/SEQC2/preprocess/SEQC2.vcf.gz.tbi",
                "snv/SEQC2/stats",
                "snv/SEQC2/stats/bcftools",
                "snv/SEQC2/stats/bcftools/SEQC2.bcftools_stats.txt",
                "snv/multiqc",
                "snv/multiqc/multiqc_data",
                "snv/multiqc/multiqc_plots",
                "snv/multiqc/multiqc_report.html",
                "snv/summary",
                "snv/summary/comparisons",
                "snv/summary/comparisons/rtgtools",
                "snv/summary/comparisons/rtgtools/rtgtools.FN.csv",
                "snv/summary/comparisons/rtgtools/rtgtools.FP.csv",
                "snv/summary/comparisons/rtgtools/rtgtools.TP_base.csv",
                "snv/summary/comparisons/rtgtools/rtgtools.TP_comp.csv",
                "snv/summary/comparisons/sompy",
                "snv/summary/comparisons/sompy/sompy.FN.summary.csv",
                "snv/summary/comparisons/sompy/sompy.FP.summary.csv",
                "snv/summary/comparisons/sompy/sompy.TP_comp.summary.csv",
                "snv/summary/datavzrd",
                "snv/summary/datavzrd/rtgtools",
                "snv/summary/datavzrd/rtgtools/index.html",
                "snv/summary/datavzrd/rtgtools/network",
                "snv/summary/datavzrd/rtgtools/network/config.js",
                "snv/summary/datavzrd/rtgtools/network/data",
                "snv/summary/datavzrd/rtgtools/network/data/data_1.js",
                "snv/summary/datavzrd/rtgtools/network/functions.js",
                "snv/summary/datavzrd/rtgtools/network/heatmap.js",
                "snv/summary/datavzrd/rtgtools/network/index_1.html",
                "snv/summary/datavzrd/rtgtools/network/plots",
                "snv/summary/datavzrd/rtgtools/network/plots/plot_0.js",
                "snv/summary/datavzrd/rtgtools/static",
                "snv/summary/datavzrd/rtgtools/static/bootstrap-select.min.css",
                "snv/summary/datavzrd/rtgtools/static/bootstrap-table-fixed-columns.min.css",
                "snv/summary/datavzrd/rtgtools/static/bootstrap-table.min.css",
                "snv/summary/datavzrd/rtgtools/static/bootstrap.min.css",
                "snv/summary/datavzrd/rtgtools/static/bundle.js",
                "snv/summary/datavzrd/rtgtools/static/datavzrd.css",
                "snv/summary/datavzrd/sompy",
                "snv/summary/datavzrd/sompy/index.html",
                "snv/summary/datavzrd/sompy/network",
                "snv/summary/datavzrd/sompy/network/config.js",
                "snv/summary/datavzrd/sompy/network/data",
                "snv/summary/datavzrd/sompy/network/data/data_1.js",
                "snv/summary/datavzrd/sompy/network/functions.js",
                "snv/summary/datavzrd/sompy/network/heatmap.js",
                "snv/summary/datavzrd/sompy/network/index_1.html",
                "snv/summary/datavzrd/sompy/network/plots",
                "snv/summary/datavzrd/sompy/network/plots/plot_0.js",
                "snv/summary/datavzrd/sompy/static",
                "snv/summary/datavzrd/sompy/static/bootstrap-select.min.css",
                "snv/summary/datavzrd/sompy/static/bootstrap-table-fixed-columns.min.css",
                "snv/summary/datavzrd/sompy/static/bootstrap-table.min.css",
                "snv/summary/datavzrd/sompy/static/bootstrap.min.css",
                "snv/summary/datavzrd/sompy/static/bundle.js",
                "snv/summary/datavzrd/sompy/static/datavzrd.css",
                "snv/summary/datavzrd/versions.yml",
                "snv/summary/plots",
                "snv/summary/plots/rtgtools",
                "snv/summary/plots/rtgtools/metric_by_tool_rtgtools_mqc.png",
                "snv/summary/plots/rtgtools/upset_rtgtools.upset.mqc.png",
                "snv/summary/plots/rtgtools/variants_by_tool_rtgtools_mqc.png",
                "snv/summary/plots/sompy",
                "snv/summary/plots/sompy/metric_by_tool_sompy_mqc.png",
                "snv/summary/plots/sompy/upset_sompy.upset.mqc.png",
                "snv/summary/plots/sompy/variants_by_tool_sompy_mqc.png",
                "snv/summary/tables",
                "snv/summary/tables/rtgtools",
                "snv/summary/tables/rtgtools/rtgtools.regions.csv",
                "snv/summary/tables/rtgtools/rtgtools.summary.csv",
                "snv/summary/tables/sompy",
                "snv/summary/tables/sompy/sompy.regions.csv",
                "snv/summary/tables/sompy/sompy.summary.csv",
                "snv/test10",
                "snv/test10/benchmarks",
                "snv/test10/benchmarks/rtgtools",
                "snv/test10/benchmarks/rtgtools/test10.SEQC2.strelka.fn.vcf.gz",
                "snv/test10/benchmarks/rtgtools/test10.SEQC2.strelka.fn.vcf.gz.tbi",
                "snv/test10/benchmarks/rtgtools/test10.SEQC2.strelka.fp.vcf.gz",
                "snv/test10/benchmarks/rtgtools/test10.SEQC2.strelka.fp.vcf.gz.tbi",
                "snv/test10/benchmarks/rtgtools/test10.SEQC2.strelka.non_snp_roc.tsv.gz",
                "snv/test10/benchmarks/rtgtools/test10.SEQC2.strelka.phasing.txt",
                "snv/test10/benchmarks/rtgtools/test10.SEQC2.strelka.snp_roc.tsv.gz",
                "snv/test10/benchmarks/rtgtools/test10.SEQC2.strelka.summary.txt",
                "snv/test10/benchmarks/rtgtools/test10.SEQC2.strelka.tp-baseline.vcf.gz",
                "snv/test10/benchmarks/rtgtools/test10.SEQC2.strelka.tp-baseline.vcf.gz.tbi",
                "snv/test10/benchmarks/rtgtools/test10.SEQC2.strelka.tp.vcf.gz",
                "snv/test10/benchmarks/rtgtools/test10.SEQC2.strelka.tp.vcf.gz.tbi",
                "snv/test10/benchmarks/rtgtools/test10.SEQC2.strelka.weighted_roc.tsv.gz",
                "snv/test10/benchmarks/sompy",
                "snv/test10/benchmarks/sompy/test10.SEQC2.strelka.features.csv",
                "snv/test10/benchmarks/sompy/test10.SEQC2.strelka.metrics.json",
                "snv/test10/benchmarks/sompy/test10.SEQC2.strelka.stats.csv",
                "snv/test10/preprocess",
                "snv/test10/preprocess/test10.vcf.gz",
                "snv/test10/preprocess/test10.vcf.gz.tbi",
                "snv/test10/stats",
                "snv/test10/stats/bcftools",
                "snv/test10/stats/bcftools/test10.strelka.bcftools_stats.txt",
                "snv/test8",
                "snv/test8/benchmarks",
                "snv/test8/benchmarks/rtgtools",
                "snv/test8/benchmarks/rtgtools/test8.SEQC2.freebayes.fn.vcf.gz",
                "snv/test8/benchmarks/rtgtools/test8.SEQC2.freebayes.fn.vcf.gz.tbi",
                "snv/test8/benchmarks/rtgtools/test8.SEQC2.freebayes.fp.vcf.gz",
                "snv/test8/benchmarks/rtgtools/test8.SEQC2.freebayes.fp.vcf.gz.tbi",
                "snv/test8/benchmarks/rtgtools/test8.SEQC2.freebayes.non_snp_roc.tsv.gz",
                "snv/test8/benchmarks/rtgtools/test8.SEQC2.freebayes.phasing.txt",
                "snv/test8/benchmarks/rtgtools/test8.SEQC2.freebayes.snp_roc.tsv.gz",
                "snv/test8/benchmarks/rtgtools/test8.SEQC2.freebayes.summary.txt",
                "snv/test8/benchmarks/rtgtools/test8.SEQC2.freebayes.tp-baseline.vcf.gz",
                "snv/test8/benchmarks/rtgtools/test8.SEQC2.freebayes.tp-baseline.vcf.gz.tbi",
                "snv/test8/benchmarks/rtgtools/test8.SEQC2.freebayes.tp.vcf.gz",
                "snv/test8/benchmarks/rtgtools/test8.SEQC2.freebayes.tp.vcf.gz.tbi",
                "snv/test8/benchmarks/rtgtools/test8.SEQC2.freebayes.weighted_roc.tsv.gz",
                "snv/test8/benchmarks/sompy",
                "snv/test8/benchmarks/sompy/test8.SEQC2.freebayes.features.csv",
                "snv/test8/benchmarks/sompy/test8.SEQC2.freebayes.metrics.json",
                "snv/test8/benchmarks/sompy/test8.SEQC2.freebayes.stats.csv",
                "snv/test8/preprocess",
                "snv/test8/preprocess/test8.vcf.gz",
                "snv/test8/preprocess/test8.vcf.gz.tbi",
                "snv/test8/stats",
                "snv/test8/stats/bcftools",
                "snv/test8/stats/bcftools/test8.freebayes.bcftools_stats.txt",
                "snv/test9",
                "snv/test9/benchmarks",
                "snv/test9/benchmarks/rtgtools",
                "snv/test9/benchmarks/rtgtools/test9.SEQC2.mutect2.fn.vcf.gz",
                "snv/test9/benchmarks/rtgtools/test9.SEQC2.mutect2.fn.vcf.gz.tbi",
                "snv/test9/benchmarks/rtgtools/test9.SEQC2.mutect2.fp.vcf.gz",
                "snv/test9/benchmarks/rtgtools/test9.SEQC2.mutect2.fp.vcf.gz.tbi",
                "snv/test9/benchmarks/rtgtools/test9.SEQC2.mutect2.non_snp_roc.tsv.gz",
                "snv/test9/benchmarks/rtgtools/test9.SEQC2.mutect2.phasing.txt",
                "snv/test9/benchmarks/rtgtools/test9.SEQC2.mutect2.snp_roc.tsv.gz",
                "snv/test9/benchmarks/rtgtools/test9.SEQC2.mutect2.summary.txt",
                "snv/test9/benchmarks/rtgtools/test9.SEQC2.mutect2.tp-baseline.vcf.gz",
                "snv/test9/benchmarks/rtgtools/test9.SEQC2.mutect2.tp-baseline.vcf.gz.tbi",
                "snv/test9/benchmarks/rtgtools/test9.SEQC2.mutect2.tp.vcf.gz",
                "snv/test9/benchmarks/rtgtools/test9.SEQC2.mutect2.tp.vcf.gz.tbi",
                "snv/test9/benchmarks/rtgtools/test9.SEQC2.mutect2.weighted_roc.tsv.gz",
                "snv/test9/benchmarks/sompy",
                "snv/test9/benchmarks/sompy/test9.SEQC2.mutect2.features.csv",
                "snv/test9/benchmarks/sompy/test9.SEQC2.mutect2.metrics.json",
                "snv/test9/benchmarks/sompy/test9.SEQC2.mutect2.stats.csv",
                "snv/test9/preprocess",
                "snv/test9/preprocess/test9.vcf.gz",
                "snv/test9/preprocess/test9.vcf.gz.tbi",
                "snv/test9/stats",
                "snv/test9/stats/bcftools",
                "snv/test9/stats/bcftools/test9.mutect2.bcftools_stats.txt"
            ],
            [
                "genome.sdf:md5,d41d8cd98f00b204e9800998ecf8427e",
                "SEQC2.bcftools_stats.txt:md5,d41d8cd98f00b204e9800998ecf8427e",
                "test10.SEQC2.strelka.phasing.txt:md5,d41d8cd98f00b204e9800998ecf8427e",
                "test10.SEQC2.strelka.summary.txt:md5,d41d8cd98f00b204e9800998ecf8427e",
                "test10.strelka.bcftools_stats.txt:md5,d41d8cd98f00b204e9800998ecf8427e",
                "test8.SEQC2.freebayes.phasing.txt:md5,d41d8cd98f00b204e9800998ecf8427e",
                "test8.SEQC2.freebayes.summary.txt:md5,d41d8cd98f00b204e9800998ecf8427e",
                "test8.freebayes.bcftools_stats.txt:md5,d41d8cd98f00b204e9800998ecf8427e",
                "test9.SEQC2.mutect2.phasing.txt:md5,d41d8cd98f00b204e9800998ecf8427e",
                "test9.SEQC2.mutect2.summary.txt:md5,d41d8cd98f00b204e9800998ecf8427e",
                "test9.mutect2.bcftools_stats.txt:md5,d41d8cd98f00b204e9800998ecf8427e"
            ]
        ],
        "meta": {
            "nf-test": "0.9.3",
            "nextflow": "25.10.0"
        },
        "timestamp": "2025-11-20T09:36:41.766035736"
    }
}