{
    "Params: --analysis 'somatic' --variant_type 'indel' --method 'rtgtools'": {
        "content": [
            79,
            {
                "BCFTOOLS_FILTER": {
                    "bcftools": 1.2
                },
                "BCFTOOLS_MERGE": {
                    "bcftools": 1.2
                },
                "BCFTOOLS_NORM": {
                    "bcftools": 1.21
                },
                "BCFTOOLS_REHEADER_1": {
                    "bcftools": 1.2
                },
                "BCFTOOLS_REHEADER_2": {
                    "bcftools": 1.2
                },
                "BCFTOOLS_REHEADER_3": {
                    "bcftools": 1.2
                },
                "BCFTOOLS_REHEADER_4": {
                    "bcftools": 1.2
                },
                "BCFTOOLS_REHEADER_QUERY": {
                    "bcftools": 1.2
                },
                "BCFTOOLS_REHEADER_TRUTH": {
                    "bcftools": 1.2
                },
                "BCFTOOLS_STATS": {
                    "bcftools": 1.18
                },
                "BCFTOOLS_VIEW_CONTIGS": {
                    "bcftools": 1.2
                },
                "DATAVZRD": {
                    "datavzrd": "2.36.12"
                },
                "HAPPY_SOMPY": {
                    "hap.py": "0.3.14"
                },
                "MERGE_REPORTS": {
                    "python": "3.13.0"
                },
                "MERGE_SOMPY_FEATURES": {
                    "python": "3.13.0"
                },
                "PLOTS": {
                    "r-base": "4.3.1"
                },
                "PUBLISH_PROCESSED_VCF": {
                    "cp": 8.3
                },
                "REFORMAT_HEADER": {
                    "tabix": 1.12
                },
                "RTGTOOLS_FORMAT": {
                    "rtg-tools": "3.12.1"
                },
                "RTGTOOLS_VCFEVAL": {
                    "rtg-tools": "3.12.1"
                },
                "SPLIT_SOMPY_FEATURES": {
                    "python": "3.13.0"
                },
                "VCF_TO_CSV": {
                    "python": "3.12.4"
                },
                "Workflow": {
                    "nf-core/variantbenchmarking": "v1.2.0"
                }
            },
            [
                "indel",
                "indel/SEQC2",
                "indel/SEQC2/preprocess",
                "indel/SEQC2/preprocess/SEQC2.vcf.gz",
                "indel/SEQC2/preprocess/SEQC2.vcf.gz.tbi",
                "indel/SEQC2/stats",
                "indel/SEQC2/stats/bcftools",
                "indel/SEQC2/stats/bcftools/SEQC2.bcftools_stats.txt",
                "indel/SEQC2_freebayes",
                "indel/SEQC2_freebayes/benchmarks",
                "indel/SEQC2_freebayes/benchmarks/rtgtools",
                "indel/SEQC2_freebayes/benchmarks/rtgtools/SEQC2_freebayes.SEQC2.freebayes.fn.vcf.gz",
                "indel/SEQC2_freebayes/benchmarks/rtgtools/SEQC2_freebayes.SEQC2.freebayes.fn.vcf.gz.tbi",
                "indel/SEQC2_freebayes/benchmarks/rtgtools/SEQC2_freebayes.SEQC2.freebayes.fp.vcf.gz",
                "indel/SEQC2_freebayes/benchmarks/rtgtools/SEQC2_freebayes.SEQC2.freebayes.fp.vcf.gz.tbi",
                "indel/SEQC2_freebayes/benchmarks/rtgtools/SEQC2_freebayes.SEQC2.freebayes.non_snp_roc.tsv.gz",
                "indel/SEQC2_freebayes/benchmarks/rtgtools/SEQC2_freebayes.SEQC2.freebayes.phasing.txt",
                "indel/SEQC2_freebayes/benchmarks/rtgtools/SEQC2_freebayes.SEQC2.freebayes.snp_roc.tsv.gz",
                "indel/SEQC2_freebayes/benchmarks/rtgtools/SEQC2_freebayes.SEQC2.freebayes.summary.txt",
                "indel/SEQC2_freebayes/benchmarks/rtgtools/SEQC2_freebayes.SEQC2.freebayes.tp-baseline.vcf.gz",
                "indel/SEQC2_freebayes/benchmarks/rtgtools/SEQC2_freebayes.SEQC2.freebayes.tp-baseline.vcf.gz.tbi",
                "indel/SEQC2_freebayes/benchmarks/rtgtools/SEQC2_freebayes.SEQC2.freebayes.tp.vcf.gz",
                "indel/SEQC2_freebayes/benchmarks/rtgtools/SEQC2_freebayes.SEQC2.freebayes.tp.vcf.gz.tbi",
                "indel/SEQC2_freebayes/benchmarks/rtgtools/SEQC2_freebayes.SEQC2.freebayes.weighted_roc.tsv.gz",
                "indel/SEQC2_freebayes/benchmarks/sompy",
                "indel/SEQC2_freebayes/benchmarks/sompy/SEQC2_freebayes.SEQC2.freebayes.features.csv",
                "indel/SEQC2_freebayes/benchmarks/sompy/SEQC2_freebayes.SEQC2.freebayes.metrics.json",
                "indel/SEQC2_freebayes/benchmarks/sompy/SEQC2_freebayes.SEQC2.freebayes.stats.csv",
                "indel/SEQC2_freebayes/preprocess",
                "indel/SEQC2_freebayes/preprocess/SEQC2_freebayes.vcf.gz",
                "indel/SEQC2_freebayes/preprocess/SEQC2_freebayes.vcf.gz.tbi",
                "indel/SEQC2_freebayes/stats",
                "indel/SEQC2_freebayes/stats/bcftools",
                "indel/SEQC2_freebayes/stats/bcftools/SEQC2_freebayes.freebayes.bcftools_stats.txt",
                "indel/SEQC2_mutect2",
                "indel/SEQC2_mutect2/benchmarks",
                "indel/SEQC2_mutect2/benchmarks/rtgtools",
                "indel/SEQC2_mutect2/benchmarks/rtgtools/SEQC2_mutect2.SEQC2.mutect2.fn.vcf.gz",
                "indel/SEQC2_mutect2/benchmarks/rtgtools/SEQC2_mutect2.SEQC2.mutect2.fn.vcf.gz.tbi",
                "indel/SEQC2_mutect2/benchmarks/rtgtools/SEQC2_mutect2.SEQC2.mutect2.fp.vcf.gz",
                "indel/SEQC2_mutect2/benchmarks/rtgtools/SEQC2_mutect2.SEQC2.mutect2.fp.vcf.gz.tbi",
                "indel/SEQC2_mutect2/benchmarks/rtgtools/SEQC2_mutect2.SEQC2.mutect2.non_snp_roc.tsv.gz",
                "indel/SEQC2_mutect2/benchmarks/rtgtools/SEQC2_mutect2.SEQC2.mutect2.phasing.txt",
                "indel/SEQC2_mutect2/benchmarks/rtgtools/SEQC2_mutect2.SEQC2.mutect2.snp_roc.tsv.gz",
                "indel/SEQC2_mutect2/benchmarks/rtgtools/SEQC2_mutect2.SEQC2.mutect2.summary.txt",
                "indel/SEQC2_mutect2/benchmarks/rtgtools/SEQC2_mutect2.SEQC2.mutect2.tp-baseline.vcf.gz",
                "indel/SEQC2_mutect2/benchmarks/rtgtools/SEQC2_mutect2.SEQC2.mutect2.tp-baseline.vcf.gz.tbi",
                "indel/SEQC2_mutect2/benchmarks/rtgtools/SEQC2_mutect2.SEQC2.mutect2.tp.vcf.gz",
                "indel/SEQC2_mutect2/benchmarks/rtgtools/SEQC2_mutect2.SEQC2.mutect2.tp.vcf.gz.tbi",
                "indel/SEQC2_mutect2/benchmarks/rtgtools/SEQC2_mutect2.SEQC2.mutect2.weighted_roc.tsv.gz",
                "indel/SEQC2_mutect2/benchmarks/sompy",
                "indel/SEQC2_mutect2/benchmarks/sompy/SEQC2_mutect2.SEQC2.mutect2.features.csv",
                "indel/SEQC2_mutect2/benchmarks/sompy/SEQC2_mutect2.SEQC2.mutect2.metrics.json",
                "indel/SEQC2_mutect2/benchmarks/sompy/SEQC2_mutect2.SEQC2.mutect2.stats.csv",
                "indel/SEQC2_mutect2/preprocess",
                "indel/SEQC2_mutect2/preprocess/SEQC2_mutect2.vcf.gz",
                "indel/SEQC2_mutect2/preprocess/SEQC2_mutect2.vcf.gz.tbi",
                "indel/SEQC2_mutect2/stats",
                "indel/SEQC2_mutect2/stats/bcftools",
                "indel/SEQC2_mutect2/stats/bcftools/SEQC2_mutect2.mutect2.bcftools_stats.txt",
                "indel/SEQC2_strelka",
                "indel/SEQC2_strelka/benchmarks",
                "indel/SEQC2_strelka/benchmarks/rtgtools",
                "indel/SEQC2_strelka/benchmarks/rtgtools/SEQC2_strelka.SEQC2.strelka.fn.vcf.gz",
                "indel/SEQC2_strelka/benchmarks/rtgtools/SEQC2_strelka.SEQC2.strelka.fn.vcf.gz.tbi",
                "indel/SEQC2_strelka/benchmarks/rtgtools/SEQC2_strelka.SEQC2.strelka.fp.vcf.gz",
                "indel/SEQC2_strelka/benchmarks/rtgtools/SEQC2_strelka.SEQC2.strelka.fp.vcf.gz.tbi",
                "indel/SEQC2_strelka/benchmarks/rtgtools/SEQC2_strelka.SEQC2.strelka.non_snp_roc.tsv.gz",
                "indel/SEQC2_strelka/benchmarks/rtgtools/SEQC2_strelka.SEQC2.strelka.phasing.txt",
                "indel/SEQC2_strelka/benchmarks/rtgtools/SEQC2_strelka.SEQC2.strelka.snp_roc.tsv.gz",
                "indel/SEQC2_strelka/benchmarks/rtgtools/SEQC2_strelka.SEQC2.strelka.summary.txt",
                "indel/SEQC2_strelka/benchmarks/rtgtools/SEQC2_strelka.SEQC2.strelka.tp-baseline.vcf.gz",
                "indel/SEQC2_strelka/benchmarks/rtgtools/SEQC2_strelka.SEQC2.strelka.tp-baseline.vcf.gz.tbi",
                "indel/SEQC2_strelka/benchmarks/rtgtools/SEQC2_strelka.SEQC2.strelka.tp.vcf.gz",
                "indel/SEQC2_strelka/benchmarks/rtgtools/SEQC2_strelka.SEQC2.strelka.tp.vcf.gz.tbi",
                "indel/SEQC2_strelka/benchmarks/rtgtools/SEQC2_strelka.SEQC2.strelka.weighted_roc.tsv.gz",
                "indel/SEQC2_strelka/benchmarks/sompy",
                "indel/SEQC2_strelka/benchmarks/sompy/SEQC2_strelka.SEQC2.strelka.features.csv",
                "indel/SEQC2_strelka/benchmarks/sompy/SEQC2_strelka.SEQC2.strelka.metrics.json",
                "indel/SEQC2_strelka/benchmarks/sompy/SEQC2_strelka.SEQC2.strelka.stats.csv",
                "indel/SEQC2_strelka/preprocess",
                "indel/SEQC2_strelka/preprocess/SEQC2_strelka.vcf.gz",
                "indel/SEQC2_strelka/preprocess/SEQC2_strelka.vcf.gz.tbi",
                "indel/SEQC2_strelka/stats",
                "indel/SEQC2_strelka/stats/bcftools",
                "indel/SEQC2_strelka/stats/bcftools/SEQC2_strelka.strelka.bcftools_stats.txt",
                "indel/multiqc",
                "indel/multiqc/multiqc_data",
                "indel/multiqc/multiqc_data/BETA-multiqc.parquet",
                "indel/multiqc/multiqc_data/multiqc.log",
                "indel/multiqc/multiqc_data/multiqc_bcftools_stats.txt",
                "indel/multiqc/multiqc_data/multiqc_citations.txt",
                "indel/multiqc/multiqc_data/multiqc_data.json",
                "indel/multiqc/multiqc_data/multiqc_general_stats.txt",
                "indel/multiqc/multiqc_data/multiqc_software_versions.txt",
                "indel/multiqc/multiqc_data/multiqc_sources.txt",
                "indel/multiqc/multiqc_plots",
                "indel/multiqc/multiqc_plots/pdf",
                "indel/multiqc/multiqc_plots/png",
                "indel/multiqc/multiqc_plots/svg",
                "indel/multiqc/multiqc_report.html",
                "indel/summary",
                "indel/summary/comparisons",
                "indel/summary/comparisons/rtgtools",
                "indel/summary/comparisons/rtgtools/rtgtools.FN.csv",
                "indel/summary/comparisons/rtgtools/rtgtools.FP.csv",
                "indel/summary/comparisons/rtgtools/rtgtools.TP_base.csv",
                "indel/summary/comparisons/rtgtools/rtgtools.TP_comp.csv",
                "indel/summary/comparisons/sompy",
                "indel/summary/comparisons/sompy/sompy.FN.summary.csv",
                "indel/summary/comparisons/sompy/sompy.FP.summary.csv",
                "indel/summary/comparisons/sompy/sompy.TP.summary.csv",
                "indel/summary/datavzrd",
                "indel/summary/datavzrd/rtgtools",
                "indel/summary/datavzrd/rtgtools/index.html",
                "indel/summary/datavzrd/rtgtools/static",
                "indel/summary/datavzrd/rtgtools/static/bootstrap-select.min.css",
                "indel/summary/datavzrd/rtgtools/static/bootstrap-table-fixed-columns.min.css",
                "indel/summary/datavzrd/rtgtools/static/bootstrap-table.min.css",
                "indel/summary/datavzrd/rtgtools/static/bootstrap.min.css",
                "indel/summary/datavzrd/rtgtools/static/bundle.js",
                "indel/summary/datavzrd/rtgtools/static/datavzrd.css",
                "indel/summary/datavzrd/rtgtools/test",
                "indel/summary/datavzrd/rtgtools/test/config.js",
                "indel/summary/datavzrd/rtgtools/test/data",
                "indel/summary/datavzrd/rtgtools/test/data/data_1.js",
                "indel/summary/datavzrd/rtgtools/test/functions.js",
                "indel/summary/datavzrd/rtgtools/test/heatmap.js",
                "indel/summary/datavzrd/rtgtools/test/index_1.html",
                "indel/summary/datavzrd/rtgtools/test/plots",
                "indel/summary/datavzrd/rtgtools/test/plots/plot_0.js",
                "indel/summary/datavzrd/rtgtools/test/plots/plot_1.js",
                "indel/summary/datavzrd/rtgtools/test/plots/plot_2.js",
                "indel/summary/datavzrd/rtgtools/test/plots/plot_3.js",
                "indel/summary/datavzrd/rtgtools/test/plots/plot_4.js",
                "indel/summary/datavzrd/rtgtools/test/plots/plot_5.js",
                "indel/summary/datavzrd/rtgtools/test/plots/plot_6.js",
                "indel/summary/datavzrd/rtgtools/test/plots/plot_7.js",
                "indel/summary/datavzrd/rtgtools/test/plots/plot_8.js",
                "indel/summary/datavzrd/rtgtools/test/plots/plot_9.js",
                "indel/summary/datavzrd/sompy",
                "indel/summary/datavzrd/sompy/index.html",
                "indel/summary/datavzrd/sompy/static",
                "indel/summary/datavzrd/sompy/static/bootstrap-select.min.css",
                "indel/summary/datavzrd/sompy/static/bootstrap-table-fixed-columns.min.css",
                "indel/summary/datavzrd/sompy/static/bootstrap-table.min.css",
                "indel/summary/datavzrd/sompy/static/bootstrap.min.css",
                "indel/summary/datavzrd/sompy/static/bundle.js",
                "indel/summary/datavzrd/sompy/static/datavzrd.css",
                "indel/summary/datavzrd/sompy/test",
                "indel/summary/datavzrd/sompy/test/config.js",
                "indel/summary/datavzrd/sompy/test/data",
                "indel/summary/datavzrd/sompy/test/data/data_1.js",
                "indel/summary/datavzrd/sompy/test/functions.js",
                "indel/summary/datavzrd/sompy/test/heatmap.js",
                "indel/summary/datavzrd/sompy/test/index_1.html",
                "indel/summary/datavzrd/sompy/test/plots",
                "indel/summary/datavzrd/sompy/test/plots/plot_0.js",
                "indel/summary/datavzrd/sompy/test/plots/plot_1.js",
                "indel/summary/datavzrd/sompy/test/plots/plot_10.js",
                "indel/summary/datavzrd/sompy/test/plots/plot_11.js",
                "indel/summary/datavzrd/sompy/test/plots/plot_12.js",
                "indel/summary/datavzrd/sompy/test/plots/plot_13.js",
                "indel/summary/datavzrd/sompy/test/plots/plot_14.js",
                "indel/summary/datavzrd/sompy/test/plots/plot_15.js",
                "indel/summary/datavzrd/sompy/test/plots/plot_16.js",
                "indel/summary/datavzrd/sompy/test/plots/plot_17.js",
                "indel/summary/datavzrd/sompy/test/plots/plot_18.js",
                "indel/summary/datavzrd/sompy/test/plots/plot_19.js",
                "indel/summary/datavzrd/sompy/test/plots/plot_2.js",
                "indel/summary/datavzrd/sompy/test/plots/plot_3.js",
                "indel/summary/datavzrd/sompy/test/plots/plot_4.js",
                "indel/summary/datavzrd/sompy/test/plots/plot_5.js",
                "indel/summary/datavzrd/sompy/test/plots/plot_6.js",
                "indel/summary/datavzrd/sompy/test/plots/plot_7.js",
                "indel/summary/datavzrd/sompy/test/plots/plot_8.js",
                "indel/summary/datavzrd/sompy/test/plots/plot_9.js",
                "indel/summary/datavzrd/versions.yml",
                "indel/summary/plots",
                "indel/summary/plots/rtgtools",
                "indel/summary/plots/rtgtools/f1_by_tool_rtgtools_mqc.png",
                "indel/summary/plots/rtgtools/pr_recall_by_tool_rtgtools_mqc.png",
                "indel/summary/plots/rtgtools/variants_by_tool_rtgtools_mqc.png",
                "indel/summary/plots/sompy",
                "indel/summary/plots/sompy/f1_by_tool_sompy_mqc.png",
                "indel/summary/plots/sompy/pr_recall_by_tool_sompy_mqc.png",
                "indel/summary/plots/sompy/variants_by_tool_sompy_mqc.png",
                "indel/summary/tables",
                "indel/summary/tables/rtgtools",
                "indel/summary/tables/rtgtools/rtgtools.summary.csv",
                "indel/summary/tables/sompy",
                "indel/summary/tables/sompy/sompy.regions.csv",
                "indel/summary/tables/sompy/sompy.summary.csv",
                "pipeline_info",
                "pipeline_info/nf_core_variantbenchmarking_software_mqc_versions.yml",
                "references",
                "references/rtgtools",
                "references/rtgtools/genome.sdf",
                "references/rtgtools/genome.sdf/done",
                "references/rtgtools/genome.sdf/format.log",
                "references/rtgtools/genome.sdf/mainIndex",
                "references/rtgtools/genome.sdf/nameIndex0",
                "references/rtgtools/genome.sdf/namedata0",
                "references/rtgtools/genome.sdf/namepointer0",
                "references/rtgtools/genome.sdf/progress",
                "references/rtgtools/genome.sdf/reference.txt",
                "references/rtgtools/genome.sdf/seqdata0",
                "references/rtgtools/genome.sdf/seqdata1",
                "references/rtgtools/genome.sdf/seqdata2",
                "references/rtgtools/genome.sdf/seqdata3",
                "references/rtgtools/genome.sdf/seqpointer0",
                "references/rtgtools/genome.sdf/seqpointer1",
                "references/rtgtools/genome.sdf/seqpointer2",
                "references/rtgtools/genome.sdf/seqpointer3",
                "references/rtgtools/genome.sdf/sequenceIndex0",
                "references/rtgtools/genome.sdf/suffixIndex0",
                "references/rtgtools/genome.sdf/suffixdata0",
                "references/rtgtools/genome.sdf/suffixpointer0",
                "references/rtgtools/genome.sdf/summary.txt"
            ],
            [
                "SEQC2.bcftools_stats.txt:md5,52f437871e43b97f6517ddc7aa735c4b",
                "SEQC2_freebayes.SEQC2.freebayes.phasing.txt:md5,38920536b8c3e241e873c07ba61762e6",
                "SEQC2_freebayes.SEQC2.freebayes.summary.txt:md5,bee974857f6cfed89209efa52c2ea84d",
                "SEQC2_freebayes.freebayes.bcftools_stats.txt:md5,35a9bedb29de00b44b8c54e745477b70",
                "SEQC2_mutect2.SEQC2.mutect2.phasing.txt:md5,38920536b8c3e241e873c07ba61762e6",
                "SEQC2_mutect2.SEQC2.mutect2.summary.txt:md5,74d09547622c9dc49dce86593acfcea7",
                "SEQC2_mutect2.mutect2.bcftools_stats.txt:md5,e2462b0808cde7b7c6e6abb10cc8cb73",
                "SEQC2_strelka.SEQC2.strelka.phasing.txt:md5,38920536b8c3e241e873c07ba61762e6",
                "SEQC2_strelka.SEQC2.strelka.summary.txt:md5,74d09547622c9dc49dce86593acfcea7",
                "SEQC2_strelka.strelka.bcftools_stats.txt:md5,e40da50258b0e6fd3327db7edd4e427a",
                "multiqc_bcftools_stats.txt:md5,43f525ca30e1a48ef24a5436065f1cbb",
                "multiqc_citations.txt:md5,4c806e63a283ec1b7e78cdae3a923d4f",
                "multiqc_general_stats.txt:md5,7652ea7808eb520292a17925c8474cf6",
                "nameIndex0:md5,720ad6dfad3d1ee07a3a2bc3ed953395",
                "namedata0:md5,758c4a60948aed6c6a4c78323aa73ab3",
                "namepointer0:md5,319f9f665b338f0e218677e036637e94",
                "reference.txt:md5,c9f7ef637449eb0f006d90080a130e30",
                "seqdata0:md5,ea8728adf43db158305ba188de66e838",
                "seqdata1:md5,d3470516d52b20e9477323d051846c3f",
                "seqdata2:md5,1fd1a98f39b966aac0b696b122a1c6d5",
                "seqdata3:md5,49ba3e2d1b4ada1d7ed2c29079833491",
                "seqpointer0:md5,77ad13d617e120eadad10bdec41cc00f",
                "seqpointer1:md5,fce3fdba9b237ec51f3c356086d0f8b9",
                "seqpointer2:md5,3d99bc0313f17f491a0a2903d6585b14",
                "seqpointer3:md5,2a69114e099aa0752e78f417cc8fe7bb",
                "sequenceIndex0:md5,18c7d37abf02d389fda5d9945b16b614",
                "suffixIndex0:md5,b7bb2ba061ab54c0bf07c0a941d0277a",
                "suffixdata0:md5,f2876dd730673cd49c4de191001f634e",
                "suffixpointer0:md5,468281ffb10d7dd934289af762a03781"
            ]
        ],
        "meta": {
            "nf-test": "0.9.2",
            "nextflow": "25.04.6"
        },
        "timestamp": "2025-07-17T08:36:17.506086264"
    }
}