{
    "-stub": {
        "content": [
            30,
            null,
            [
                "pipeline_info",
                "snv",
                "snv/SEQC2",
                "snv/SEQC2/stats",
                "snv/SEQC2/stats/bcftools",
                "snv/SEQC2/stats/bcftools/SEQC2.bcftools_stats.txt",
                "snv/test1",
                "snv/test1/stats",
                "snv/test1/stats/bcftools",
                "snv/test1/stats/bcftools/test1.freebayes.bcftools_stats.txt",
                "snv/test2",
                "snv/test2/preprocess",
                "snv/test2/preprocess/HCC1395T_vs_HCC1395N.manta.somatic_sv.sort.vcf.gz",
                "snv/test2/stats",
                "snv/test2/stats/bcftools",
                "snv/test2/stats/bcftools/test2.manta.bcftools_stats.txt",
                "snv/test3",
                "snv/test3/preprocess",
                "snv/test3/preprocess/HCC1395T_vs_HCC1395N.strelka.somatic_snvs.sort.vcf.gz",
                "snv/test3/stats",
                "snv/test3/stats/bcftools",
                "snv/test3/stats/bcftools/test3.strelka.bcftools_stats.txt"
            ],
            [
                "SEQC2.bcftools_stats.txt:md5,d41d8cd98f00b204e9800998ecf8427e",
                "test1.freebayes.bcftools_stats.txt:md5,d41d8cd98f00b204e9800998ecf8427e",
                "test2.manta.bcftools_stats.txt:md5,d41d8cd98f00b204e9800998ecf8427e",
                "test3.strelka.bcftools_stats.txt:md5,d41d8cd98f00b204e9800998ecf8427e"
            ]
        ],
        "meta": {
            "nf-test": "0.9.0",
            "nextflow": "24.10.1"
        },
        "timestamp": "2024-11-22T10:30:59.285037668"
    }
}