{
    "Params: --analysis 'somatic' --variant_type 'structural' --method 'truvari,svbenchmark'": {
        "content": [
            69,
            {
                "BCFTOOLS_REHEADER": {
                    "bcftools": 1.18
                },
                "BCFTOOLS_SORT": {
                    "bcftools": 1.18
                },
                "BCFTOOLS_STATS": {
                    "bcftools": 1.18
                },
                "BCFTOOLS_VIEW_CONTIGS": {
                    "bcftools": 1.18
                },
                "BCFTOOLS_VIEW_FILTERMISSING": {
                    "bcftools": 1.18
                },
                "BCFTOOLS_VIEW_SUBSAMPLE": {
                    "bcftools": 1.18
                },
                "BGZIP_TABIX": {
                    "tabix": 1.12
                },
                "DATAVZRD": {
                    "datavzrd": "2.36.12"
                },
                "MERGE_REPORTS": {
                    "python": "3.8.6"
                },
                "PLOTS": {
                    "r-base": "4.3.1"
                },
                "SURVIVOR_MERGE": {
                    "survivor": "1.0.7"
                },
                "SURVIVOR_STATS": {
                    "survivor": "1.0.7"
                },
                "TABIX_BGZIP": {
                    "tabix": "1.19.1"
                },
                "TABIX_BGZIPTABIX": {
                    "tabix": "1.19.1"
                },
                "TABIX_TABIX": {
                    "tabix": "1.19.1"
                },
                "TRUVARI_BENCH": {
                    "truvari": "4.1.0)"
                },
                "VCF_TO_CSV": {
                    "python": "3.12.4"
                },
                "Workflow": {
                    "nf-core/variantbenchmarking": "v1.0dev"
                }
            },
            [
                "pipeline_info",
                "pipeline_info/nf_core_pipeline_software_mqc_versions.yml",
                "structural",
                "structural/SEQC2",
                "structural/SEQC2/stats",
                "structural/SEQC2/stats/bcftools",
                "structural/SEQC2/stats/bcftools/SEQC2.bcftools_stats.txt",
                "structural/SEQC2/stats/survivor",
                "structural/SEQC2/stats/survivor/SEQC2_mqc.stats",
                "structural/multiqc",
                "structural/multiqc/multiqc_data",
                "structural/multiqc/multiqc_data/bcftools_stats_indel-lengths.txt",
                "structural/multiqc/multiqc_data/bcftools_stats_vqc_Count_Indels.txt",
                "structural/multiqc/multiqc_data/bcftools_stats_vqc_Count_SNP.txt",
                "structural/multiqc/multiqc_data/bcftools_stats_vqc_Count_Transitions.txt",
                "structural/multiqc/multiqc_data/bcftools_stats_vqc_Count_Transversions.txt",
                "structural/multiqc/multiqc_data/multiqc.log",
                "structural/multiqc/multiqc_data/multiqc_bcftools_stats.txt",
                "structural/multiqc/multiqc_data/multiqc_citations.txt",
                "structural/multiqc/multiqc_data/multiqc_data.json",
                "structural/multiqc/multiqc_data/multiqc_general_stats.txt",
                "structural/multiqc/multiqc_data/multiqc_software_versions.txt",
                "structural/multiqc/multiqc_data/multiqc_sources.txt",
                "structural/multiqc/multiqc_data/multiqc_survivor.txt",
                "structural/multiqc/multiqc_plots",
                "structural/multiqc/multiqc_plots/pdf",
                "structural/multiqc/multiqc_plots/pdf/bcftools_stats_indel-lengths.pdf",
                "structural/multiqc/multiqc_plots/pdf/bcftools_stats_vqc_Count_Indels.pdf",
                "structural/multiqc/multiqc_plots/pdf/bcftools_stats_vqc_Count_SNP.pdf",
                "structural/multiqc/multiqc_plots/pdf/bcftools_stats_vqc_Count_Transitions.pdf",
                "structural/multiqc/multiqc_plots/pdf/bcftools_stats_vqc_Count_Transversions.pdf",
                "structural/multiqc/multiqc_plots/pdf/general_stats_table.pdf",
                "structural/multiqc/multiqc_plots/pdf/survivor-cnt.pdf",
                "structural/multiqc/multiqc_plots/pdf/survivor-pct.pdf",
                "structural/multiqc/multiqc_plots/png",
                "structural/multiqc/multiqc_plots/png/bcftools_stats_indel-lengths.png",
                "structural/multiqc/multiqc_plots/png/bcftools_stats_vqc_Count_Indels.png",
                "structural/multiqc/multiqc_plots/png/bcftools_stats_vqc_Count_SNP.png",
                "structural/multiqc/multiqc_plots/png/bcftools_stats_vqc_Count_Transitions.png",
                "structural/multiqc/multiqc_plots/png/bcftools_stats_vqc_Count_Transversions.png",
                "structural/multiqc/multiqc_plots/png/general_stats_table.png",
                "structural/multiqc/multiqc_plots/png/survivor-cnt.png",
                "structural/multiqc/multiqc_plots/png/survivor-pct.png",
                "structural/multiqc/multiqc_plots/svg",
                "structural/multiqc/multiqc_plots/svg/bcftools_stats_indel-lengths.svg",
                "structural/multiqc/multiqc_plots/svg/bcftools_stats_vqc_Count_Indels.svg",
                "structural/multiqc/multiqc_plots/svg/bcftools_stats_vqc_Count_SNP.svg",
                "structural/multiqc/multiqc_plots/svg/bcftools_stats_vqc_Count_Transitions.svg",
                "structural/multiqc/multiqc_plots/svg/bcftools_stats_vqc_Count_Transversions.svg",
                "structural/multiqc/multiqc_plots/svg/general_stats_table.svg",
                "structural/multiqc/multiqc_plots/svg/survivor-cnt.svg",
                "structural/multiqc/multiqc_plots/svg/survivor-pct.svg",
                "structural/multiqc/multiqc_report.html",
                "structural/summary",
                "structural/summary/comparisons",
                "structural/summary/comparisons/truvari.FN.csv",
                "structural/summary/comparisons/truvari.FP.csv",
                "structural/summary/comparisons/truvari.TP_base.csv",
                "structural/summary/comparisons/truvari.TP_comp.csv",
                "structural/summary/datavzrd",
                "structural/summary/datavzrd/truvari",
                "structural/summary/datavzrd/truvari/index.html",
                "structural/summary/datavzrd/truvari/static",
                "structural/summary/datavzrd/truvari/static/bootstrap-select.min.css",
                "structural/summary/datavzrd/truvari/static/bootstrap-table-fixed-columns.min.css",
                "structural/summary/datavzrd/truvari/static/bootstrap-table.min.css",
                "structural/summary/datavzrd/truvari/static/bootstrap.min.css",
                "structural/summary/datavzrd/truvari/static/bundle.js",
                "structural/summary/datavzrd/truvari/static/datavzrd.css",
                "structural/summary/datavzrd/truvari/test",
                "structural/summary/datavzrd/truvari/test/config.js",
                "structural/summary/datavzrd/truvari/test/data",
                "structural/summary/datavzrd/truvari/test/data/data_1.js",
                "structural/summary/datavzrd/truvari/test/functions.js",
                "structural/summary/datavzrd/truvari/test/heatmap.js",
                "structural/summary/datavzrd/truvari/test/index_1.html",
                "structural/summary/datavzrd/truvari/test/plots",
                "structural/summary/datavzrd/truvari/test/plots/plot_0.js",
                "structural/summary/datavzrd/truvari/test/plots/plot_1.js",
                "structural/summary/datavzrd/truvari/test/plots/plot_2.js",
                "structural/summary/datavzrd/truvari/test/plots/plot_3.js",
                "structural/summary/datavzrd/truvari/test/plots/plot_4.js",
                "structural/summary/datavzrd/truvari/test/plots/plot_5.js",
                "structural/summary/datavzrd/truvari/test/plots/plot_6.js",
                "structural/summary/datavzrd/truvari/test/plots/plot_7.js",
                "structural/summary/datavzrd/versions.yml",
                "structural/summary/plots",
                "structural/summary/plots/truvari",
                "structural/summary/plots/truvari/metric_by_tool_truvari_mqc.png",
                "structural/summary/plots/truvari/variants_by_tool_truvari_mqc.png",
                "structural/summary/tables",
                "structural/summary/tables/truvari",
                "structural/summary/tables/truvari/truvari.summary.csv",
                "structural/test1",
                "structural/test1/benchmarks",
                "structural/test1/benchmarks/truvari",
                "structural/test1/benchmarks/truvari/test1.SEQC2.tiddit.fn.vcf.gz",
                "structural/test1/benchmarks/truvari/test1.SEQC2.tiddit.fn.vcf.gz.tbi",
                "structural/test1/benchmarks/truvari/test1.SEQC2.tiddit.fp.vcf.gz",
                "structural/test1/benchmarks/truvari/test1.SEQC2.tiddit.fp.vcf.gz.tbi",
                "structural/test1/benchmarks/truvari/test1.SEQC2.tiddit.summary.json",
                "structural/test1/benchmarks/truvari/test1.SEQC2.tiddit.tp-base.vcf.gz",
                "structural/test1/benchmarks/truvari/test1.SEQC2.tiddit.tp-base.vcf.gz.tbi",
                "structural/test1/benchmarks/truvari/test1.SEQC2.tiddit.tp-comp.vcf.gz",
                "structural/test1/benchmarks/truvari/test1.SEQC2.tiddit.tp-comp.vcf.gz.tbi",
                "structural/test1/preprocess",
                "structural/test1/preprocess/HCC1395T_vs_HCC1395N.tiddit_sv_merge.sort.vcf.gz",
                "structural/test1/preprocess/test1.filter.vcf",
                "structural/test1/stats",
                "structural/test1/stats/bcftools",
                "structural/test1/stats/bcftools/test1.tiddit.bcftools_stats.txt",
                "structural/test1/stats/survivor",
                "structural/test1/stats/survivor/test1.tiddit_mqc.stats",
                "structural/test2",
                "structural/test2/benchmarks",
                "structural/test2/benchmarks/truvari",
                "structural/test2/benchmarks/truvari/test2.SEQC2.manta.fn.vcf.gz",
                "structural/test2/benchmarks/truvari/test2.SEQC2.manta.fn.vcf.gz.tbi",
                "structural/test2/benchmarks/truvari/test2.SEQC2.manta.fp.vcf.gz",
                "structural/test2/benchmarks/truvari/test2.SEQC2.manta.fp.vcf.gz.tbi",
                "structural/test2/benchmarks/truvari/test2.SEQC2.manta.summary.json",
                "structural/test2/benchmarks/truvari/test2.SEQC2.manta.tp-base.vcf.gz",
                "structural/test2/benchmarks/truvari/test2.SEQC2.manta.tp-base.vcf.gz.tbi",
                "structural/test2/benchmarks/truvari/test2.SEQC2.manta.tp-comp.vcf.gz",
                "structural/test2/benchmarks/truvari/test2.SEQC2.manta.tp-comp.vcf.gz.tbi",
                "structural/test2/preprocess",
                "structural/test2/preprocess/HCC1395T_vs_HCC1395N.manta.somatic_sv.sort.vcf.gz",
                "structural/test2/preprocess/test2.filter.vcf",
                "structural/test2/stats",
                "structural/test2/stats/bcftools",
                "structural/test2/stats/bcftools/test2.manta.bcftools_stats.txt",
                "structural/test2/stats/survivor",
                "structural/test2/stats/survivor/test2.manta_mqc.stats"
            ],
            [
                "SEQC2.bcftools_stats.txt:md5,a60de9c4d2f3db87d8ae404b73859bfa",
                "SEQC2_mqc.stats:md5,a1327ec0cd3131f9e16cccf0024f61a1",
                "test1.tiddit.bcftools_stats.txt:md5,56b036b7bd2d7368620713613dd0cae2",
                "test1.tiddit_mqc.stats:md5,0eb749429a6072f6bf63d377e37514d1",
                "test2.manta.bcftools_stats.txt:md5,1c4cc5ab438537308e7f08a6c202118c",
                "test2.manta_mqc.stats:md5,73bc60cd2754202ddca8be6552e85ffa"
            ]
        ],
        "meta": {
            "nf-test": "0.9.0",
            "nextflow": "24.10.2"
        },
        "timestamp": "2024-12-10T11:06:49.710866299"
    }
}