{
    "Params: --analysis 'somatic' --variant_type 'indel' --method 'sompy'": {
        "content": [
            21,
            {
                "BCFTOOLS_REHEADER_QUERY": {
                    "bcftools": 1.2
                },
                "BCFTOOLS_REHEADER_TRUTH": {
                    "bcftools": 1.2
                },
                "BCFTOOLS_SORT": {
                    "bcftools": 1.2
                },
                "BCFTOOLS_STATS": {
                    "bcftools": 1.18
                },
                "BCFTOOLS_VIEW_CONTIGS": {
                    "bcftools": 1.2
                },
                "BCFTOOLS_VIEW_FILTERMISSING": {
                    "bcftools": 1.2
                },
                "BCFTOOLS_VIEW_SUBSAMPLE": {
                    "bcftools": 1.2
                },
                "DATAVZRD": {
                    "datavzrd": "2.36.12"
                },
                "HAPPY_SOMPY": {
                    "hap.py": "0.3.14"
                },
                "MERGE_REPORTS": {
                    "python": "3.8.6"
                },
                "PLOTS": {
                    "r-base": "4.3.1"
                },
                "Workflow": {
                    "nf-core/variantbenchmarking": "v1.0dev"
                }
            },
            [
                "indel",
                "indel/SEQC2",
                "indel/SEQC2/preprocess",
                "indel/SEQC2/preprocess/SEQC2.vcf.gz",
                "indel/SEQC2/preprocess/SEQC2.vcf.gz.tbi",
                "indel/SEQC2/stats",
                "indel/SEQC2/stats/bcftools",
                "indel/SEQC2/stats/bcftools/SEQC2.bcftools_stats.txt",
                "indel/multiqc",
                "indel/multiqc/multiqc_data",
                "indel/multiqc/multiqc_data/bcftools-stats-subtypes.txt",
                "indel/multiqc/multiqc_data/bcftools_stats_indel-lengths.txt",
                "indel/multiqc/multiqc_data/bcftools_stats_variant_depths.txt",
                "indel/multiqc/multiqc_data/bcftools_stats_vqc_Count_Indels.txt",
                "indel/multiqc/multiqc_data/bcftools_stats_vqc_Count_SNP.txt",
                "indel/multiqc/multiqc_data/bcftools_stats_vqc_Count_Transitions.txt",
                "indel/multiqc/multiqc_data/bcftools_stats_vqc_Count_Transversions.txt",
                "indel/multiqc/multiqc_data/multiqc.log",
                "indel/multiqc/multiqc_data/multiqc_bcftools_stats.txt",
                "indel/multiqc/multiqc_data/multiqc_citations.txt",
                "indel/multiqc/multiqc_data/multiqc_data.json",
                "indel/multiqc/multiqc_data/multiqc_general_stats.txt",
                "indel/multiqc/multiqc_data/multiqc_software_versions.txt",
                "indel/multiqc/multiqc_data/multiqc_sources.txt",
                "indel/multiqc/multiqc_plots",
                "indel/multiqc/multiqc_plots/pdf",
                "indel/multiqc/multiqc_plots/pdf/bcftools-stats-subtypes-cnt.pdf",
                "indel/multiqc/multiqc_plots/pdf/bcftools-stats-subtypes-pct.pdf",
                "indel/multiqc/multiqc_plots/pdf/bcftools_stats_indel-lengths.pdf",
                "indel/multiqc/multiqc_plots/pdf/bcftools_stats_variant_depths.pdf",
                "indel/multiqc/multiqc_plots/pdf/bcftools_stats_vqc_Count_Indels.pdf",
                "indel/multiqc/multiqc_plots/pdf/bcftools_stats_vqc_Count_SNP.pdf",
                "indel/multiqc/multiqc_plots/pdf/bcftools_stats_vqc_Count_Transitions.pdf",
                "indel/multiqc/multiqc_plots/pdf/bcftools_stats_vqc_Count_Transversions.pdf",
                "indel/multiqc/multiqc_plots/pdf/general_stats_table.pdf",
                "indel/multiqc/multiqc_plots/png",
                "indel/multiqc/multiqc_plots/png/bcftools-stats-subtypes-cnt.png",
                "indel/multiqc/multiqc_plots/png/bcftools-stats-subtypes-pct.png",
                "indel/multiqc/multiqc_plots/png/bcftools_stats_indel-lengths.png",
                "indel/multiqc/multiqc_plots/png/bcftools_stats_variant_depths.png",
                "indel/multiqc/multiqc_plots/png/bcftools_stats_vqc_Count_Indels.png",
                "indel/multiqc/multiqc_plots/png/bcftools_stats_vqc_Count_SNP.png",
                "indel/multiqc/multiqc_plots/png/bcftools_stats_vqc_Count_Transitions.png",
                "indel/multiqc/multiqc_plots/png/bcftools_stats_vqc_Count_Transversions.png",
                "indel/multiqc/multiqc_plots/png/general_stats_table.png",
                "indel/multiqc/multiqc_plots/svg",
                "indel/multiqc/multiqc_plots/svg/bcftools-stats-subtypes-cnt.svg",
                "indel/multiqc/multiqc_plots/svg/bcftools-stats-subtypes-pct.svg",
                "indel/multiqc/multiqc_plots/svg/bcftools_stats_indel-lengths.svg",
                "indel/multiqc/multiqc_plots/svg/bcftools_stats_variant_depths.svg",
                "indel/multiqc/multiqc_plots/svg/bcftools_stats_vqc_Count_Indels.svg",
                "indel/multiqc/multiqc_plots/svg/bcftools_stats_vqc_Count_SNP.svg",
                "indel/multiqc/multiqc_plots/svg/bcftools_stats_vqc_Count_Transitions.svg",
                "indel/multiqc/multiqc_plots/svg/bcftools_stats_vqc_Count_Transversions.svg",
                "indel/multiqc/multiqc_plots/svg/general_stats_table.svg",
                "indel/multiqc/multiqc_report.html",
                "indel/summary",
                "indel/summary/datavzrd",
                "indel/summary/datavzrd/sompy",
                "indel/summary/datavzrd/sompy/index.html",
                "indel/summary/datavzrd/sompy/static",
                "indel/summary/datavzrd/sompy/static/bootstrap-select.min.css",
                "indel/summary/datavzrd/sompy/static/bootstrap-table-fixed-columns.min.css",
                "indel/summary/datavzrd/sompy/static/bootstrap-table.min.css",
                "indel/summary/datavzrd/sompy/static/bootstrap.min.css",
                "indel/summary/datavzrd/sompy/static/bundle.js",
                "indel/summary/datavzrd/sompy/static/datavzrd.css",
                "indel/summary/datavzrd/sompy/test",
                "indel/summary/datavzrd/sompy/test/config.js",
                "indel/summary/datavzrd/sompy/test/data",
                "indel/summary/datavzrd/sompy/test/data/data_1.js",
                "indel/summary/datavzrd/sompy/test/functions.js",
                "indel/summary/datavzrd/sompy/test/heatmap.js",
                "indel/summary/datavzrd/sompy/test/index_1.html",
                "indel/summary/datavzrd/sompy/test/plots",
                "indel/summary/datavzrd/sompy/test/plots/plot_0.js",
                "indel/summary/datavzrd/sompy/test/plots/plot_1.js",
                "indel/summary/datavzrd/sompy/test/plots/plot_10.js",
                "indel/summary/datavzrd/sompy/test/plots/plot_11.js",
                "indel/summary/datavzrd/sompy/test/plots/plot_12.js",
                "indel/summary/datavzrd/sompy/test/plots/plot_13.js",
                "indel/summary/datavzrd/sompy/test/plots/plot_14.js",
                "indel/summary/datavzrd/sompy/test/plots/plot_15.js",
                "indel/summary/datavzrd/sompy/test/plots/plot_16.js",
                "indel/summary/datavzrd/sompy/test/plots/plot_17.js",
                "indel/summary/datavzrd/sompy/test/plots/plot_18.js",
                "indel/summary/datavzrd/sompy/test/plots/plot_2.js",
                "indel/summary/datavzrd/sompy/test/plots/plot_3.js",
                "indel/summary/datavzrd/sompy/test/plots/plot_4.js",
                "indel/summary/datavzrd/sompy/test/plots/plot_5.js",
                "indel/summary/datavzrd/sompy/test/plots/plot_6.js",
                "indel/summary/datavzrd/sompy/test/plots/plot_7.js",
                "indel/summary/datavzrd/sompy/test/plots/plot_8.js",
                "indel/summary/datavzrd/sompy/test/plots/plot_9.js",
                "indel/summary/datavzrd/versions.yml",
                "indel/summary/plots",
                "indel/summary/plots/sompy",
                "indel/summary/plots/sompy/metric_by_tool_sompy_mqc.png",
                "indel/summary/plots/sompy/variants_by_tool_sompy_mqc.png",
                "indel/summary/tables",
                "indel/summary/tables/sompy",
                "indel/summary/tables/sompy/sompy.regions.csv",
                "indel/summary/tables/sompy/sompy.summary.csv",
                "indel/test1",
                "indel/test1/benchmarks",
                "indel/test1/benchmarks/sompy",
                "indel/test1/benchmarks/sompy/test1.SEQC2.freebayes.features.csv",
                "indel/test1/benchmarks/sompy/test1.SEQC2.freebayes.metrics.json",
                "indel/test1/benchmarks/sompy/test1.SEQC2.freebayes.stats.csv",
                "indel/test1/preprocess",
                "indel/test1/preprocess/test1.vcf.gz",
                "indel/test1/preprocess/test1.vcf.gz.tbi",
                "indel/test1/stats",
                "indel/test1/stats/bcftools",
                "indel/test1/stats/bcftools/test1.freebayes.bcftools_stats.txt",
                "indel/test2",
                "indel/test2/benchmarks",
                "indel/test2/benchmarks/sompy",
                "indel/test2/benchmarks/sompy/test2.SEQC2.strelka.features.csv",
                "indel/test2/benchmarks/sompy/test2.SEQC2.strelka.metrics.json",
                "indel/test2/benchmarks/sompy/test2.SEQC2.strelka.stats.csv",
                "indel/test2/preprocess",
                "indel/test2/preprocess/test2.vcf.gz",
                "indel/test2/preprocess/test2.vcf.gz.tbi",
                "indel/test2/stats",
                "indel/test2/stats/bcftools",
                "indel/test2/stats/bcftools/test2.strelka.bcftools_stats.txt",
                "pipeline_info",
                "pipeline_info/nf_core_pipeline_software_mqc_versions.yml"
            ],
            [
                "SEQC2.bcftools_stats.txt:md5,97beec3b6ce6471625018d91c75df08d",
                "test1.freebayes.bcftools_stats.txt:md5,ca4f9a72e5cb852b78dbdf92142a4a6f",
                "test2.strelka.bcftools_stats.txt:md5,a098fdaee64c05cd8e9efcc13c2b374d"
            ]
        ],
        "meta": {
            "nf-test": "0.9.2",
            "nextflow": "24.10.3"
        },
        "timestamp": "2025-01-17T09:20:01.232442793"
    }
}