{
    "Params: --analysis 'somatic' --variant_type 'copynumber' --method 'truvari,intersect'": {
        "content": [
            41,
            {
                "BCFTOOLS_REHEADER_1": {
                    "bcftools": 1.22
                },
                "BCFTOOLS_REHEADER_2": {
                    "bcftools": 1.22
                },
                "BCFTOOLS_REHEADER_3": {
                    "bcftools": 1.22
                },
                "BCFTOOLS_REHEADER_4": {
                    "bcftools": 1.22
                },
                "BCFTOOLS_REHEADER_QUERY": {
                    "bcftools": 1.22
                },
                "BCFTOOLS_REHEADER_TRUTH": {
                    "bcftools": 1.22
                },
                "BCFTOOLS_SPLIT_MULTI": {
                    "bcftools": 1.22
                },
                "BCFTOOLS_STATS": {
                    "bcftools": 1.22
                },
                "BCFTOOLS_VIEW_CONTIGS": {
                    "bcftools": 1.22
                },
                "BCFTOOLS_VIEW_FILTERMISSING": {
                    "bcftools": 1.22
                },
                "BEDTOOLS_INTERSECT_BENCH": {
                    "python": "3.12.11"
                },
                "CREATE_DATAVZRD_INPUT": {
                    "pigz": 2.8
                },
                "MERGE_REPORTS": {
                    "python": "3.13.0"
                },
                "SURVIVOR_MERGE": {
                    "survivor": "1.0.7"
                },
                "SVTK_VCF2BED": {
                    "svtk": "0.0.20190615"
                },
                "TABIX_BGZIP_QUERY": {
                    "tabix": 1.21
                },
                "TABIX_BGZIP_TRUTH": {
                    "tabix": 1.21
                },
                "TABIX_BGZIP_UNZIP": {
                    "tabix": 1.21
                },
                "TRUVARI_BENCH": {
                    "truvari": "5.4.0"
                },
                "VCF_TO_CSV": {
                    "python": "3.13.0"
                },
                "WITTYER": {
                    "wittyer": "0.5.2.0"
                },
                "Workflow": {
                    "nf-core/variantbenchmarking": "v1.5.0dev"
                }
            },
            [
                "copynumber",
                "copynumber/SEQC2",
                "copynumber/SEQC2/preprocess",
                "copynumber/SEQC2/preprocess/cnv_benchmark_calls.reheader.split.filtermissing.vcf.gz",
                "copynumber/SEQC2/preprocess/cnv_benchmark_calls.reheader.split.filtermissing.vcf.gz.tbi",
                "copynumber/SEQC2/stats",
                "copynumber/SEQC2/stats/bcftools",
                "copynumber/SEQC2/stats/bcftools/SEQC2.bcftools_stats.txt",
                "copynumber/multiqc",
                "copynumber/multiqc/multiqc_data",
                "copynumber/multiqc/multiqc_data/llms-full.txt",
                "copynumber/multiqc/multiqc_data/multiqc.log",
                "copynumber/multiqc/multiqc_data/multiqc.parquet",
                "copynumber/multiqc/multiqc_data/multiqc_bcftools_stats.txt",
                "copynumber/multiqc/multiqc_data/multiqc_citations.txt",
                "copynumber/multiqc/multiqc_data/multiqc_data.json",
                "copynumber/multiqc/multiqc_data/multiqc_general_stats.txt",
                "copynumber/multiqc/multiqc_data/multiqc_software_versions.txt",
                "copynumber/multiqc/multiqc_data/multiqc_sources.txt",
                "copynumber/multiqc/multiqc_data/multiqc_truvari_bench.txt",
                "copynumber/multiqc/multiqc_data/multiqc_variant_calling_summary.txt",
                "copynumber/multiqc/multiqc_plots",
                "copynumber/multiqc/multiqc_plots/pdf",
                "copynumber/multiqc/multiqc_plots/pdf/variant_calling_summary.pdf",
                "copynumber/multiqc/multiqc_plots/png",
                "copynumber/multiqc/multiqc_plots/png/variant_calling_summary.png",
                "copynumber/multiqc/multiqc_plots/svg",
                "copynumber/multiqc/multiqc_plots/svg/variant_calling_summary.svg",
                "copynumber/multiqc/multiqc_report.html",
                "copynumber/summary",
                "copynumber/summary/comparisons",
                "copynumber/summary/comparisons/truvari",
                "copynumber/summary/comparisons/truvari/truvari.FN.csv",
                "copynumber/summary/comparisons/truvari/truvari.FP.csv",
                "copynumber/summary/comparisons/truvari/truvari.TP_base.csv",
                "copynumber/summary/comparisons/truvari/truvari.TP_comp.csv",
                "copynumber/summary/tables",
                "copynumber/summary/tables/intersect",
                "copynumber/summary/tables/intersect/intersect.summary.csv",
                "copynumber/summary/tables/truvari",
                "copynumber/summary/tables/truvari/truvari.summary.csv",
                "copynumber/summary/tables/wittyer",
                "copynumber/summary/tables/wittyer/wittyer.summary.csv",
                "copynumber/test13",
                "copynumber/test13/intersect",
                "copynumber/test13/intersect/test13.SEQC2.controlfreec_FN.bed",
                "copynumber/test13/intersect/test13.SEQC2.controlfreec_FP.bed",
                "copynumber/test13/intersect/test13.SEQC2.controlfreec_TP_base.bed",
                "copynumber/test13/intersect/test13.SEQC2.controlfreec_TP_comp.bed",
                "copynumber/test13/intersect/test13.SEQC2.controlfreec_converted.bed",
                "copynumber/test13/intersect/test13.SEQC2.controlfreec_stats.csv",
                "copynumber/test14",
                "copynumber/test14/benchmarks",
                "copynumber/test14/benchmarks/truvari",
                "copynumber/test14/benchmarks/truvari/test14.SEQC2.cnvkit.fn.vcf.gz",
                "copynumber/test14/benchmarks/truvari/test14.SEQC2.cnvkit.fn.vcf.gz.tbi",
                "copynumber/test14/benchmarks/truvari/test14.SEQC2.cnvkit.fp.vcf.gz",
                "copynumber/test14/benchmarks/truvari/test14.SEQC2.cnvkit.fp.vcf.gz.tbi",
                "copynumber/test14/benchmarks/truvari/test14.SEQC2.cnvkit.summary.json",
                "copynumber/test14/benchmarks/truvari/test14.SEQC2.cnvkit.tp-base.vcf.gz",
                "copynumber/test14/benchmarks/truvari/test14.SEQC2.cnvkit.tp-base.vcf.gz.tbi",
                "copynumber/test14/benchmarks/truvari/test14.SEQC2.cnvkit.tp-comp.vcf.gz",
                "copynumber/test14/benchmarks/truvari/test14.SEQC2.cnvkit.tp-comp.vcf.gz.tbi",
                "copynumber/test14/benchmarks/wittyer",
                "copynumber/test14/benchmarks/wittyer/test14.SEQC2.cnvkit.json",
                "copynumber/test14/benchmarks/wittyer/test14.SEQC2.cnvkit.vcf.gz",
                "copynumber/test14/benchmarks/wittyer/test14.SEQC2.cnvkit.vcf.gz.tbi",
                "copynumber/test14/intersect",
                "copynumber/test14/intersect/test14.SEQC2.cnvkit.converted_FN.bed",
                "copynumber/test14/intersect/test14.SEQC2.cnvkit.converted_FP.bed",
                "copynumber/test14/intersect/test14.SEQC2.cnvkit.converted_TP_base.bed",
                "copynumber/test14/intersect/test14.SEQC2.cnvkit.converted_TP_comp.bed",
                "copynumber/test14/intersect/test14.SEQC2.cnvkit.converted_stats.csv",
                "copynumber/test14/intersect/test14.SEQC2.cnvkit_FN.bed",
                "copynumber/test14/intersect/test14.SEQC2.cnvkit_FP.bed",
                "copynumber/test14/intersect/test14.SEQC2.cnvkit_TP_base.bed",
                "copynumber/test14/intersect/test14.SEQC2.cnvkit_TP_comp.bed",
                "copynumber/test14/intersect/test14.SEQC2.cnvkit_converted.bed",
                "copynumber/test14/intersect/test14.SEQC2.cnvkit_stats.csv",
                "copynumber/test14/intersect/test14.bed",
                "copynumber/test14/preprocess",
                "copynumber/test14/preprocess/HCC1395T_vs_HCC1395N.cnvcall.reheader.filtercontigs.split.vcf.filtermissing.vcf.gz",
                "copynumber/test14/preprocess/HCC1395T_vs_HCC1395N.cnvcall.reheader.filtercontigs.split.vcf.filtermissing.vcf.gz.tbi",
                "copynumber/test14/stats",
                "copynumber/test14/stats/bcftools",
                "copynumber/test14/stats/bcftools/test14.cnvkit.bcftools_stats.txt",
                "copynumber/test15",
                "copynumber/test15/intersect",
                "copynumber/test15/intersect/test15.SEQC2.ascat_FN.bed",
                "copynumber/test15/intersect/test15.SEQC2.ascat_FP.bed",
                "copynumber/test15/intersect/test15.SEQC2.ascat_TP_base.bed",
                "copynumber/test15/intersect/test15.SEQC2.ascat_TP_comp.bed",
                "copynumber/test15/intersect/test15.SEQC2.ascat_converted.bed",
                "copynumber/test15/intersect/test15.SEQC2.ascat_stats.csv",
                "create",
                "create/intersect.datavzrd.yaml",
                "create/truvari.datavzrd.yaml",
                "create/wittyer.datavzrd.yaml",
                "pipeline_info",
                "pipeline_info/nf_core_variantbenchmarking_software_mqc_versions.yml"
            ],
            [
                "SEQC2.bcftools_stats.txt:md5,0c625f1182b80bac7bd5125da799b870",
                "multiqc_bcftools_stats.txt:md5,b073c468f1cd520bfb005d1b9d2b9e10",
                "multiqc_citations.txt:md5,4c806e63a283ec1b7e78cdae3a923d4f",
                "multiqc_variant_calling_summary.txt:md5,c403fa3d80e0bc667f6220d646a54c83",
                "test13.SEQC2.controlfreec_FN.bed:md5,bcbdf273e3d60c0aaa8afb4a8b0a5ff5",
                "test13.SEQC2.controlfreec_FP.bed:md5,36be4b1c9f99af66e548eb1a7ce5548c",
                "test13.SEQC2.controlfreec_TP_base.bed:md5,e5c439e0e4b2136e44d5fde760785795",
                "test13.SEQC2.controlfreec_TP_comp.bed:md5,ab67e599c27193fdbc01b34cd64067e2",
                "test13.SEQC2.controlfreec_converted.bed:md5,42114160c556308113924518742d044d",
                "test13.SEQC2.controlfreec_stats.csv:md5,a2a4e906221180cc92c816cf2f0cd345",
                "test14.SEQC2.cnvkit.converted_FN.bed:md5,311fcd1b71c14cb44b35d9a447cd2704",
                "test14.SEQC2.cnvkit.converted_FP.bed:md5,4822f427f0dce18ba9935579e2ca7817",
                "test14.SEQC2.cnvkit.converted_TP_base.bed:md5,8a1d93964f08a14cd099f19b5c54185e",
                "test14.SEQC2.cnvkit.converted_TP_comp.bed:md5,6701a775463afc3a716864b8049f2153",
                "test14.SEQC2.cnvkit.converted_stats.csv:md5,b18c5eedaa84bfe321c3c6ecb3abc6db",
                "test14.SEQC2.cnvkit_FN.bed:md5,de53031d94e8e68b2aa602a7c8bdc633",
                "test14.SEQC2.cnvkit_FP.bed:md5,e0ae556c0325d04f1e0c61c2ef31595f",
                "test14.SEQC2.cnvkit_TP_base.bed:md5,659abc497bbf1e95c90eec0521939d48",
                "test14.SEQC2.cnvkit_TP_comp.bed:md5,7c24affc39b5ce9e00f0586ad2f6d585",
                "test14.SEQC2.cnvkit_converted.bed:md5,d34b17a68de65b754d7402a5f133f421",
                "test14.SEQC2.cnvkit_stats.csv:md5,f2d97f069697b4069fc3e723028ecb8a",
                "test14.bed:md5,e2618e061f32b9c8545faa9eb5a3e1a4",
                "test14.cnvkit.bcftools_stats.txt:md5,7390b4c6a58f7359fd5824cceb26b75e",
                "test15.SEQC2.ascat_FN.bed:md5,3e2976bf335e9c3f83cfb6bee74cdcc5",
                "test15.SEQC2.ascat_FP.bed:md5,b3a2d0c1755f13c7bfb9c1d57a93143d",
                "test15.SEQC2.ascat_TP_base.bed:md5,301d3e309f159cc2bddc966f23d4aced",
                "test15.SEQC2.ascat_TP_comp.bed:md5,17d640ad1d626020d85568b8f5b5d466",
                "test15.SEQC2.ascat_converted.bed:md5,f8046823ace05bd8f17118e5a252a11e",
                "test15.SEQC2.ascat_stats.csv:md5,55108a9ed1b1c3aa0687e73b3f89115a",
                "intersect.datavzrd.yaml:md5,fad1ba633a87448eee377667d3c6b5f5",
                "truvari.datavzrd.yaml:md5,1cd3afa8c1facc05a238e5b099a36a88",
                "wittyer.datavzrd.yaml:md5,5df8efa1d0401872bb327790a4d70699"
            ]
        ],
        "timestamp": "2026-03-12T15:18:41.155697484",
        "meta": {
            "nf-test": "0.9.4",
            "nextflow": "25.10.4"
        }
    }
}