{
    "Params: --analysis 'somatic' --variant_type 'copynumber' --method 'truvari,intersect'": {
        "content": [
            40,
            null,
            [
                "copynumber",
                "copynumber/SEQC2",
                "copynumber/SEQC2/preprocess",
                "copynumber/SEQC2/preprocess/SEQC2.vcf.gz",
                "copynumber/SEQC2/preprocess/SEQC2.vcf.gz.tbi",
                "copynumber/SEQC2/stats",
                "copynumber/SEQC2/stats/bcftools",
                "copynumber/SEQC2/stats/bcftools/SEQC2.bcftools_stats.txt",
                "copynumber/multiqc",
                "copynumber/multiqc/multiqc_data",
                "copynumber/multiqc/multiqc_data/bcftools_stats_indel-lengths.txt",
                "copynumber/multiqc/multiqc_data/bcftools_stats_vqc_Count_Indels.txt",
                "copynumber/multiqc/multiqc_data/bcftools_stats_vqc_Count_SNP.txt",
                "copynumber/multiqc/multiqc_data/bcftools_stats_vqc_Count_Transitions.txt",
                "copynumber/multiqc/multiqc_data/bcftools_stats_vqc_Count_Transversions.txt",
                "copynumber/multiqc/multiqc_data/multiqc.log",
                "copynumber/multiqc/multiqc_data/multiqc_bcftools_stats.txt",
                "copynumber/multiqc/multiqc_data/multiqc_citations.txt",
                "copynumber/multiqc/multiqc_data/multiqc_data.json",
                "copynumber/multiqc/multiqc_data/multiqc_general_stats.txt",
                "copynumber/multiqc/multiqc_data/multiqc_software_versions.txt",
                "copynumber/multiqc/multiqc_data/multiqc_sources.txt",
                "copynumber/multiqc/multiqc_plots",
                "copynumber/multiqc/multiqc_plots/pdf",
                "copynumber/multiqc/multiqc_plots/pdf/bcftools_stats_indel-lengths.pdf",
                "copynumber/multiqc/multiqc_plots/pdf/bcftools_stats_vqc_Count_Indels.pdf",
                "copynumber/multiqc/multiqc_plots/pdf/bcftools_stats_vqc_Count_SNP.pdf",
                "copynumber/multiqc/multiqc_plots/pdf/bcftools_stats_vqc_Count_Transitions.pdf",
                "copynumber/multiqc/multiqc_plots/pdf/bcftools_stats_vqc_Count_Transversions.pdf",
                "copynumber/multiqc/multiqc_plots/pdf/general_stats_table.pdf",
                "copynumber/multiqc/multiqc_plots/png",
                "copynumber/multiqc/multiqc_plots/png/bcftools_stats_indel-lengths.png",
                "copynumber/multiqc/multiqc_plots/png/bcftools_stats_vqc_Count_Indels.png",
                "copynumber/multiqc/multiqc_plots/png/bcftools_stats_vqc_Count_SNP.png",
                "copynumber/multiqc/multiqc_plots/png/bcftools_stats_vqc_Count_Transitions.png",
                "copynumber/multiqc/multiqc_plots/png/bcftools_stats_vqc_Count_Transversions.png",
                "copynumber/multiqc/multiqc_plots/png/general_stats_table.png",
                "copynumber/multiqc/multiqc_plots/svg",
                "copynumber/multiqc/multiqc_plots/svg/bcftools_stats_indel-lengths.svg",
                "copynumber/multiqc/multiqc_plots/svg/bcftools_stats_vqc_Count_Indels.svg",
                "copynumber/multiqc/multiqc_plots/svg/bcftools_stats_vqc_Count_SNP.svg",
                "copynumber/multiqc/multiqc_plots/svg/bcftools_stats_vqc_Count_Transitions.svg",
                "copynumber/multiqc/multiqc_plots/svg/bcftools_stats_vqc_Count_Transversions.svg",
                "copynumber/multiqc/multiqc_plots/svg/general_stats_table.svg",
                "copynumber/multiqc/multiqc_report.html",
                "copynumber/summary",
                "copynumber/summary/comparisons",
                "copynumber/summary/comparisons/truvari",
                "copynumber/summary/comparisons/truvari/truvari.FN.csv",
                "copynumber/summary/comparisons/truvari/truvari.FP.csv",
                "copynumber/summary/comparisons/truvari/truvari.TP_base.csv",
                "copynumber/summary/comparisons/truvari/truvari.TP_comp.csv",
                "copynumber/summary/datavzrd",
                "copynumber/summary/datavzrd/intersect",
                "copynumber/summary/datavzrd/intersect/index.html",
                "copynumber/summary/datavzrd/intersect/static",
                "copynumber/summary/datavzrd/intersect/static/bootstrap-select.min.css",
                "copynumber/summary/datavzrd/intersect/static/bootstrap-table-fixed-columns.min.css",
                "copynumber/summary/datavzrd/intersect/static/bootstrap-table.min.css",
                "copynumber/summary/datavzrd/intersect/static/bootstrap.min.css",
                "copynumber/summary/datavzrd/intersect/static/bundle.js",
                "copynumber/summary/datavzrd/intersect/static/datavzrd.css",
                "copynumber/summary/datavzrd/intersect/test",
                "copynumber/summary/datavzrd/intersect/test/config.js",
                "copynumber/summary/datavzrd/intersect/test/data",
                "copynumber/summary/datavzrd/intersect/test/data/data_1.js",
                "copynumber/summary/datavzrd/intersect/test/functions.js",
                "copynumber/summary/datavzrd/intersect/test/heatmap.js",
                "copynumber/summary/datavzrd/intersect/test/index_1.html",
                "copynumber/summary/datavzrd/intersect/test/plots",
                "copynumber/summary/datavzrd/intersect/test/plots/plot_0.js",
                "copynumber/summary/datavzrd/intersect/test/plots/plot_1.js",
                "copynumber/summary/datavzrd/intersect/test/plots/plot_2.js",
                "copynumber/summary/datavzrd/intersect/test/plots/plot_3.js",
                "copynumber/summary/datavzrd/intersect/test/plots/plot_4.js",
                "copynumber/summary/datavzrd/intersect/test/plots/plot_5.js",
                "copynumber/summary/datavzrd/intersect/test/plots/plot_6.js",
                "copynumber/summary/datavzrd/truvari",
                "copynumber/summary/datavzrd/truvari/index.html",
                "copynumber/summary/datavzrd/truvari/static",
                "copynumber/summary/datavzrd/truvari/static/bootstrap-select.min.css",
                "copynumber/summary/datavzrd/truvari/static/bootstrap-table-fixed-columns.min.css",
                "copynumber/summary/datavzrd/truvari/static/bootstrap-table.min.css",
                "copynumber/summary/datavzrd/truvari/static/bootstrap.min.css",
                "copynumber/summary/datavzrd/truvari/static/bundle.js",
                "copynumber/summary/datavzrd/truvari/static/datavzrd.css",
                "copynumber/summary/datavzrd/truvari/test",
                "copynumber/summary/datavzrd/truvari/test/config.js",
                "copynumber/summary/datavzrd/truvari/test/data",
                "copynumber/summary/datavzrd/truvari/test/data/data_1.js",
                "copynumber/summary/datavzrd/truvari/test/functions.js",
                "copynumber/summary/datavzrd/truvari/test/heatmap.js",
                "copynumber/summary/datavzrd/truvari/test/index_1.html",
                "copynumber/summary/datavzrd/truvari/test/plots",
                "copynumber/summary/datavzrd/truvari/test/plots/plot_0.js",
                "copynumber/summary/datavzrd/truvari/test/plots/plot_1.js",
                "copynumber/summary/datavzrd/truvari/test/plots/plot_2.js",
                "copynumber/summary/datavzrd/truvari/test/plots/plot_3.js",
                "copynumber/summary/datavzrd/truvari/test/plots/plot_4.js",
                "copynumber/summary/datavzrd/truvari/test/plots/plot_5.js",
                "copynumber/summary/datavzrd/truvari/test/plots/plot_6.js",
                "copynumber/summary/datavzrd/truvari/test/plots/plot_7.js",
                "copynumber/summary/datavzrd/versions.yml",
                "copynumber/summary/plots",
                "copynumber/summary/plots/intersect",
                "copynumber/summary/plots/intersect/metric_by_tool_intersect_mqc.png",
                "copynumber/summary/plots/intersect/variants_by_tool_intersect_mqc.png",
                "copynumber/summary/plots/truvari",
                "copynumber/summary/plots/truvari/metric_by_tool_truvari_mqc.png",
                "copynumber/summary/plots/truvari/variants_by_tool_truvari_mqc.png",
                "copynumber/summary/tables",
                "copynumber/summary/tables/intersect",
                "copynumber/summary/tables/intersect/intersect.summary.csv",
                "copynumber/summary/tables/truvari",
                "copynumber/summary/tables/truvari/truvari.summary.csv",
                "copynumber/test1",
                "copynumber/test1/benchmarks",
                "copynumber/test1/benchmarks/truvari",
                "copynumber/test1/benchmarks/truvari/test1.SEQC2.manta.fn.vcf.gz",
                "copynumber/test1/benchmarks/truvari/test1.SEQC2.manta.fn.vcf.gz.tbi",
                "copynumber/test1/benchmarks/truvari/test1.SEQC2.manta.fp.vcf.gz",
                "copynumber/test1/benchmarks/truvari/test1.SEQC2.manta.fp.vcf.gz.tbi",
                "copynumber/test1/benchmarks/truvari/test1.SEQC2.manta.summary.json",
                "copynumber/test1/benchmarks/truvari/test1.SEQC2.manta.tp-base.vcf.gz",
                "copynumber/test1/benchmarks/truvari/test1.SEQC2.manta.tp-base.vcf.gz.tbi",
                "copynumber/test1/benchmarks/truvari/test1.SEQC2.manta.tp-comp.vcf.gz",
                "copynumber/test1/benchmarks/truvari/test1.SEQC2.manta.tp-comp.vcf.gz.tbi",
                "copynumber/test1/intersect",
                "copynumber/test1/intersect/test1.bed",
                "copynumber/test1/intersect/test1_FN.bed",
                "copynumber/test1/intersect/test1_FP.bed",
                "copynumber/test1/intersect/test1_TP.bed",
                "copynumber/test1/intersect/test1_stats.csv",
                "copynumber/test1/preprocess",
                "copynumber/test1/preprocess/test1.vcf.gz",
                "copynumber/test1/preprocess/test1.vcf.gz.tbi",
                "copynumber/test1/stats",
                "copynumber/test1/stats/bcftools",
                "copynumber/test1/stats/bcftools/test1.manta.bcftools_stats.txt",
                "copynumber/test2",
                "copynumber/test2/intersect",
                "copynumber/test2/intersect/test2_FN.bed",
                "copynumber/test2/intersect/test2_FP.bed",
                "copynumber/test2/intersect/test2_TP.bed",
                "copynumber/test2/intersect/test2_converted.bed",
                "copynumber/test2/intersect/test2_stats.csv",
                "copynumber/test3",
                "copynumber/test3/intersect",
                "copynumber/test3/intersect/test3_FN.bed",
                "copynumber/test3/intersect/test3_FP.bed",
                "copynumber/test3/intersect/test3_TP.bed",
                "copynumber/test3/intersect/test3_converted.bed",
                "copynumber/test3/intersect/test3_stats.csv",
                "copynumber/test4",
                "copynumber/test4/intersect",
                "copynumber/test4/intersect/test4_FN.bed",
                "copynumber/test4/intersect/test4_FP.bed",
                "copynumber/test4/intersect/test4_TP.bed",
                "copynumber/test4/intersect/test4_stats.csv",
                "pipeline_info",
                "pipeline_info/nf_core_variantbenchmarking_software_mqc_versions.yml"
            ],
            [
                "SEQC2.bcftools_stats.txt:md5,2a3294dcbb89d63042d713a7bb6f32ee",
                "truvari.FN.csv:md5,35e9e78da64de71a4b30e01556332411",
                "truvari.FP.csv:md5,6186838a4dbb1e98bb7e65e50c3c0331",
                "truvari.TP_base.csv:md5,9377e4ae17ffd532663ae86cfd3b0b6e",
                "truvari.TP_comp.csv:md5,9377e4ae17ffd532663ae86cfd3b0b6e",
                "test1.bed:md5,b9460589a20c8cba779d9d2ee00a386b",
                "test1_FN.bed:md5,4dbcd67d71549712e61fb72717b55b08",
                "test1_FP.bed:md5,18b5ec0a7f698f78a0e46668a5ffb2eb",
                "test1_TP.bed:md5,ab547bfdcf9813ef2c89a3f35737c87a",
                "test1_stats.csv:md5,e349959413bbc0311695f97d850fc2ce",
                "test1.manta.bcftools_stats.txt:md5,25db74402d4ab56558ab44ab0a1214df",
                "test2_FN.bed:md5,b927d1e81194155ee5ea7da9c691531b",
                "test2_FP.bed:md5,d45a41d2c75473b1a5b4c20d26c1895f",
                "test2_TP.bed:md5,c39143189aa878e9ac52252d3d7ab0c6",
                "test2_converted.bed:md5,dcd18199e6ab807c5c6bc6fc61e604da",
                "test2_stats.csv:md5,e16a995596950f7f16bca4bbddbf7e3e",
                "test3_FN.bed:md5,f27c04bba56fb5aba37c16edf677f8b6",
                "test3_FP.bed:md5,7eee195681790e94e4240c321c6e2d5d",
                "test3_TP.bed:md5,311e9bf1934ec9466aa62c8f181ef8b6",
                "test3_converted.bed:md5,b252cb8dea4274e376318bc74c2dedc9",
                "test3_stats.csv:md5,3d17922d2a62c68f289b2f879b016dfe",
                "test4_FN.bed:md5,c02e1af3cf934eb06a8fd7628df17244",
                "test4_FP.bed:md5,4ba66791ac921bc89a2115ff95bbdb97",
                "test4_TP.bed:md5,5f5ff39648bfb5a5af28b36f740c6c91",
                "test4_stats.csv:md5,80cfbc0828ad684b73ed219bdd0752f3"
            ]
        ],
        "meta": {
            "nf-test": "0.9.2",
            "nextflow": "24.10.6"
        },
        "timestamp": "2025-05-02T12:45:13.100999082"
    }
}