{
    "-stub": {
        "content": [
            79,
            null,
            [
                "pipeline_info",
                "pipeline_info/nf_core_variantbenchmarking_software_mqc_versions.yml",
                "references",
                "references/rtgtools",
                "references/rtgtools/genome.sdf",
                "snv",
                "snv/SEQC2",
                "snv/SEQC2/preprocess",
                "snv/SEQC2/preprocess/SEQC2.vcf.gz",
                "snv/SEQC2/preprocess/SEQC2.vcf.gz.tbi",
                "snv/SEQC2/stats",
                "snv/SEQC2/stats/bcftools",
                "snv/SEQC2/stats/bcftools/SEQC2.bcftools_stats.txt",
                "snv/SEQC2_freebayes",
                "snv/SEQC2_freebayes/benchmarks",
                "snv/SEQC2_freebayes/benchmarks/rtgtools",
                "snv/SEQC2_freebayes/benchmarks/rtgtools/SEQC2_freebayes.SEQC2.freebayes.fn.vcf.gz",
                "snv/SEQC2_freebayes/benchmarks/rtgtools/SEQC2_freebayes.SEQC2.freebayes.fn.vcf.gz.tbi",
                "snv/SEQC2_freebayes/benchmarks/rtgtools/SEQC2_freebayes.SEQC2.freebayes.fp.vcf.gz",
                "snv/SEQC2_freebayes/benchmarks/rtgtools/SEQC2_freebayes.SEQC2.freebayes.fp.vcf.gz.tbi",
                "snv/SEQC2_freebayes/benchmarks/rtgtools/SEQC2_freebayes.SEQC2.freebayes.non_snp_roc.tsv.gz",
                "snv/SEQC2_freebayes/benchmarks/rtgtools/SEQC2_freebayes.SEQC2.freebayes.phasing.txt",
                "snv/SEQC2_freebayes/benchmarks/rtgtools/SEQC2_freebayes.SEQC2.freebayes.snp_roc.tsv.gz",
                "snv/SEQC2_freebayes/benchmarks/rtgtools/SEQC2_freebayes.SEQC2.freebayes.summary.txt",
                "snv/SEQC2_freebayes/benchmarks/rtgtools/SEQC2_freebayes.SEQC2.freebayes.tp-baseline.vcf.gz",
                "snv/SEQC2_freebayes/benchmarks/rtgtools/SEQC2_freebayes.SEQC2.freebayes.tp-baseline.vcf.gz.tbi",
                "snv/SEQC2_freebayes/benchmarks/rtgtools/SEQC2_freebayes.SEQC2.freebayes.tp.vcf.gz",
                "snv/SEQC2_freebayes/benchmarks/rtgtools/SEQC2_freebayes.SEQC2.freebayes.tp.vcf.gz.tbi",
                "snv/SEQC2_freebayes/benchmarks/rtgtools/SEQC2_freebayes.SEQC2.freebayes.weighted_roc.tsv.gz",
                "snv/SEQC2_freebayes/benchmarks/sompy",
                "snv/SEQC2_freebayes/benchmarks/sompy/SEQC2_freebayes.SEQC2.freebayes.features.csv",
                "snv/SEQC2_freebayes/benchmarks/sompy/SEQC2_freebayes.SEQC2.freebayes.metrics.json",
                "snv/SEQC2_freebayes/benchmarks/sompy/SEQC2_freebayes.SEQC2.freebayes.stats.csv",
                "snv/SEQC2_freebayes/preprocess",
                "snv/SEQC2_freebayes/preprocess/SEQC2_freebayes.vcf.gz",
                "snv/SEQC2_freebayes/preprocess/SEQC2_freebayes.vcf.gz.tbi",
                "snv/SEQC2_freebayes/stats",
                "snv/SEQC2_freebayes/stats/bcftools",
                "snv/SEQC2_freebayes/stats/bcftools/SEQC2_freebayes.freebayes.bcftools_stats.txt",
                "snv/SEQC2_mutect2",
                "snv/SEQC2_mutect2/benchmarks",
                "snv/SEQC2_mutect2/benchmarks/rtgtools",
                "snv/SEQC2_mutect2/benchmarks/rtgtools/SEQC2_mutect2.SEQC2.mutect2.fn.vcf.gz",
                "snv/SEQC2_mutect2/benchmarks/rtgtools/SEQC2_mutect2.SEQC2.mutect2.fn.vcf.gz.tbi",
                "snv/SEQC2_mutect2/benchmarks/rtgtools/SEQC2_mutect2.SEQC2.mutect2.fp.vcf.gz",
                "snv/SEQC2_mutect2/benchmarks/rtgtools/SEQC2_mutect2.SEQC2.mutect2.fp.vcf.gz.tbi",
                "snv/SEQC2_mutect2/benchmarks/rtgtools/SEQC2_mutect2.SEQC2.mutect2.non_snp_roc.tsv.gz",
                "snv/SEQC2_mutect2/benchmarks/rtgtools/SEQC2_mutect2.SEQC2.mutect2.phasing.txt",
                "snv/SEQC2_mutect2/benchmarks/rtgtools/SEQC2_mutect2.SEQC2.mutect2.snp_roc.tsv.gz",
                "snv/SEQC2_mutect2/benchmarks/rtgtools/SEQC2_mutect2.SEQC2.mutect2.summary.txt",
                "snv/SEQC2_mutect2/benchmarks/rtgtools/SEQC2_mutect2.SEQC2.mutect2.tp-baseline.vcf.gz",
                "snv/SEQC2_mutect2/benchmarks/rtgtools/SEQC2_mutect2.SEQC2.mutect2.tp-baseline.vcf.gz.tbi",
                "snv/SEQC2_mutect2/benchmarks/rtgtools/SEQC2_mutect2.SEQC2.mutect2.tp.vcf.gz",
                "snv/SEQC2_mutect2/benchmarks/rtgtools/SEQC2_mutect2.SEQC2.mutect2.tp.vcf.gz.tbi",
                "snv/SEQC2_mutect2/benchmarks/rtgtools/SEQC2_mutect2.SEQC2.mutect2.weighted_roc.tsv.gz",
                "snv/SEQC2_mutect2/benchmarks/sompy",
                "snv/SEQC2_mutect2/benchmarks/sompy/SEQC2_mutect2.SEQC2.mutect2.features.csv",
                "snv/SEQC2_mutect2/benchmarks/sompy/SEQC2_mutect2.SEQC2.mutect2.metrics.json",
                "snv/SEQC2_mutect2/benchmarks/sompy/SEQC2_mutect2.SEQC2.mutect2.stats.csv",
                "snv/SEQC2_mutect2/preprocess",
                "snv/SEQC2_mutect2/preprocess/SEQC2_mutect2.vcf.gz",
                "snv/SEQC2_mutect2/preprocess/SEQC2_mutect2.vcf.gz.tbi",
                "snv/SEQC2_mutect2/stats",
                "snv/SEQC2_mutect2/stats/bcftools",
                "snv/SEQC2_mutect2/stats/bcftools/SEQC2_mutect2.mutect2.bcftools_stats.txt",
                "snv/SEQC2_strelka",
                "snv/SEQC2_strelka/benchmarks",
                "snv/SEQC2_strelka/benchmarks/rtgtools",
                "snv/SEQC2_strelka/benchmarks/rtgtools/SEQC2_strelka.SEQC2.strelka.fn.vcf.gz",
                "snv/SEQC2_strelka/benchmarks/rtgtools/SEQC2_strelka.SEQC2.strelka.fn.vcf.gz.tbi",
                "snv/SEQC2_strelka/benchmarks/rtgtools/SEQC2_strelka.SEQC2.strelka.fp.vcf.gz",
                "snv/SEQC2_strelka/benchmarks/rtgtools/SEQC2_strelka.SEQC2.strelka.fp.vcf.gz.tbi",
                "snv/SEQC2_strelka/benchmarks/rtgtools/SEQC2_strelka.SEQC2.strelka.non_snp_roc.tsv.gz",
                "snv/SEQC2_strelka/benchmarks/rtgtools/SEQC2_strelka.SEQC2.strelka.phasing.txt",
                "snv/SEQC2_strelka/benchmarks/rtgtools/SEQC2_strelka.SEQC2.strelka.snp_roc.tsv.gz",
                "snv/SEQC2_strelka/benchmarks/rtgtools/SEQC2_strelka.SEQC2.strelka.summary.txt",
                "snv/SEQC2_strelka/benchmarks/rtgtools/SEQC2_strelka.SEQC2.strelka.tp-baseline.vcf.gz",
                "snv/SEQC2_strelka/benchmarks/rtgtools/SEQC2_strelka.SEQC2.strelka.tp-baseline.vcf.gz.tbi",
                "snv/SEQC2_strelka/benchmarks/rtgtools/SEQC2_strelka.SEQC2.strelka.tp.vcf.gz",
                "snv/SEQC2_strelka/benchmarks/rtgtools/SEQC2_strelka.SEQC2.strelka.tp.vcf.gz.tbi",
                "snv/SEQC2_strelka/benchmarks/rtgtools/SEQC2_strelka.SEQC2.strelka.weighted_roc.tsv.gz",
                "snv/SEQC2_strelka/benchmarks/sompy",
                "snv/SEQC2_strelka/benchmarks/sompy/SEQC2_strelka.SEQC2.strelka.features.csv",
                "snv/SEQC2_strelka/benchmarks/sompy/SEQC2_strelka.SEQC2.strelka.metrics.json",
                "snv/SEQC2_strelka/benchmarks/sompy/SEQC2_strelka.SEQC2.strelka.stats.csv",
                "snv/SEQC2_strelka/preprocess",
                "snv/SEQC2_strelka/preprocess/SEQC2_strelka.vcf.gz",
                "snv/SEQC2_strelka/preprocess/SEQC2_strelka.vcf.gz.tbi",
                "snv/SEQC2_strelka/stats",
                "snv/SEQC2_strelka/stats/bcftools",
                "snv/SEQC2_strelka/stats/bcftools/SEQC2_strelka.strelka.bcftools_stats.txt",
                "snv/multiqc",
                "snv/multiqc/multiqc_data",
                "snv/multiqc/multiqc_plots",
                "snv/multiqc/multiqc_report.html",
                "snv/summary",
                "snv/summary/comparisons",
                "snv/summary/comparisons/rtgtools",
                "snv/summary/comparisons/rtgtools/rtgtools.FN.csv",
                "snv/summary/comparisons/rtgtools/rtgtools.FP.csv",
                "snv/summary/comparisons/rtgtools/rtgtools.TP_base.csv",
                "snv/summary/comparisons/rtgtools/rtgtools.TP_comp.csv",
                "snv/summary/comparisons/sompy",
                "snv/summary/comparisons/sompy/sompy.FN.summary.csv",
                "snv/summary/comparisons/sompy/sompy.FP.summary.csv",
                "snv/summary/comparisons/sompy/sompy.TP.summary.csv",
                "snv/summary/datavzrd",
                "snv/summary/datavzrd/rtgtools",
                "snv/summary/datavzrd/rtgtools/index.html",
                "snv/summary/datavzrd/rtgtools/network",
                "snv/summary/datavzrd/rtgtools/network/config.js",
                "snv/summary/datavzrd/rtgtools/network/data",
                "snv/summary/datavzrd/rtgtools/network/data/data_1.js",
                "snv/summary/datavzrd/rtgtools/network/functions.js",
                "snv/summary/datavzrd/rtgtools/network/heatmap.js",
                "snv/summary/datavzrd/rtgtools/network/index_1.html",
                "snv/summary/datavzrd/rtgtools/network/plots",
                "snv/summary/datavzrd/rtgtools/network/plots/plot_0.js",
                "snv/summary/datavzrd/rtgtools/static",
                "snv/summary/datavzrd/rtgtools/static/bootstrap-select.min.css",
                "snv/summary/datavzrd/rtgtools/static/bootstrap-table-fixed-columns.min.css",
                "snv/summary/datavzrd/rtgtools/static/bootstrap-table.min.css",
                "snv/summary/datavzrd/rtgtools/static/bootstrap.min.css",
                "snv/summary/datavzrd/rtgtools/static/bundle.js",
                "snv/summary/datavzrd/rtgtools/static/datavzrd.css",
                "snv/summary/datavzrd/sompy",
                "snv/summary/datavzrd/sompy/index.html",
                "snv/summary/datavzrd/sompy/network",
                "snv/summary/datavzrd/sompy/network/config.js",
                "snv/summary/datavzrd/sompy/network/data",
                "snv/summary/datavzrd/sompy/network/data/data_1.js",
                "snv/summary/datavzrd/sompy/network/functions.js",
                "snv/summary/datavzrd/sompy/network/heatmap.js",
                "snv/summary/datavzrd/sompy/network/index_1.html",
                "snv/summary/datavzrd/sompy/network/plots",
                "snv/summary/datavzrd/sompy/network/plots/plot_0.js",
                "snv/summary/datavzrd/sompy/static",
                "snv/summary/datavzrd/sompy/static/bootstrap-select.min.css",
                "snv/summary/datavzrd/sompy/static/bootstrap-table-fixed-columns.min.css",
                "snv/summary/datavzrd/sompy/static/bootstrap-table.min.css",
                "snv/summary/datavzrd/sompy/static/bootstrap.min.css",
                "snv/summary/datavzrd/sompy/static/bundle.js",
                "snv/summary/datavzrd/sompy/static/datavzrd.css",
                "snv/summary/datavzrd/versions.yml",
                "snv/summary/plots",
                "snv/summary/plots/rtgtools",
                "snv/summary/plots/rtgtools/metric_by_tool_rtgtools_mqc.png",
                "snv/summary/plots/rtgtools/variants_by_tool_rtgtools_mqc.png",
                "snv/summary/plots/sompy",
                "snv/summary/plots/sompy/metric_by_tool_sompy_mqc.png",
                "snv/summary/plots/sompy/variants_by_tool_sompy_mqc.png",
                "snv/summary/tables",
                "snv/summary/tables/rtgtools",
                "snv/summary/tables/rtgtools/rtgtools.regions.csv",
                "snv/summary/tables/rtgtools/rtgtools.summary.csv",
                "snv/summary/tables/sompy",
                "snv/summary/tables/sompy/sompy.regions.csv",
                "snv/summary/tables/sompy/sompy.summary.csv"
            ],
            [
                "genome.sdf:md5,d41d8cd98f00b204e9800998ecf8427e",
                "SEQC2.bcftools_stats.txt:md5,d41d8cd98f00b204e9800998ecf8427e",
                "SEQC2_freebayes.SEQC2.freebayes.phasing.txt:md5,d41d8cd98f00b204e9800998ecf8427e",
                "SEQC2_freebayes.SEQC2.freebayes.summary.txt:md5,d41d8cd98f00b204e9800998ecf8427e",
                "SEQC2_freebayes.freebayes.bcftools_stats.txt:md5,d41d8cd98f00b204e9800998ecf8427e",
                "SEQC2_mutect2.SEQC2.mutect2.phasing.txt:md5,d41d8cd98f00b204e9800998ecf8427e",
                "SEQC2_mutect2.SEQC2.mutect2.summary.txt:md5,d41d8cd98f00b204e9800998ecf8427e",
                "SEQC2_mutect2.mutect2.bcftools_stats.txt:md5,d41d8cd98f00b204e9800998ecf8427e",
                "SEQC2_strelka.SEQC2.strelka.phasing.txt:md5,d41d8cd98f00b204e9800998ecf8427e",
                "SEQC2_strelka.SEQC2.strelka.summary.txt:md5,d41d8cd98f00b204e9800998ecf8427e",
                "SEQC2_strelka.strelka.bcftools_stats.txt:md5,d41d8cd98f00b204e9800998ecf8427e"
            ]
        ],
        "meta": {
            "nf-test": "0.9.2",
            "nextflow": "25.04.4"
        },
        "timestamp": "2025-06-17T09:32:47.527841549"
    },
    "Params: --analysis 'somatic' --variant_type 'snv' --method 'sompy'": {
        "content": [
            79,
            null,
            [
                "pipeline_info",
                "pipeline_info/nf_core_variantbenchmarking_software_mqc_versions.yml",
                "references",
                "references/rtgtools",
                "references/rtgtools/genome.sdf",
                "references/rtgtools/genome.sdf/done",
                "references/rtgtools/genome.sdf/format.log",
                "references/rtgtools/genome.sdf/mainIndex",
                "references/rtgtools/genome.sdf/nameIndex0",
                "references/rtgtools/genome.sdf/namedata0",
                "references/rtgtools/genome.sdf/namepointer0",
                "references/rtgtools/genome.sdf/progress",
                "references/rtgtools/genome.sdf/reference.txt",
                "references/rtgtools/genome.sdf/seqdata0",
                "references/rtgtools/genome.sdf/seqdata1",
                "references/rtgtools/genome.sdf/seqdata2",
                "references/rtgtools/genome.sdf/seqdata3",
                "references/rtgtools/genome.sdf/seqpointer0",
                "references/rtgtools/genome.sdf/seqpointer1",
                "references/rtgtools/genome.sdf/seqpointer2",
                "references/rtgtools/genome.sdf/seqpointer3",
                "references/rtgtools/genome.sdf/sequenceIndex0",
                "references/rtgtools/genome.sdf/suffixIndex0",
                "references/rtgtools/genome.sdf/suffixdata0",
                "references/rtgtools/genome.sdf/suffixpointer0",
                "references/rtgtools/genome.sdf/summary.txt",
                "snv",
                "snv/SEQC2",
                "snv/SEQC2/preprocess",
                "snv/SEQC2/preprocess/SEQC2.vcf.gz",
                "snv/SEQC2/preprocess/SEQC2.vcf.gz.tbi",
                "snv/SEQC2/stats",
                "snv/SEQC2/stats/bcftools",
                "snv/SEQC2/stats/bcftools/SEQC2.bcftools_stats.txt",
                "snv/SEQC2_freebayes",
                "snv/SEQC2_freebayes/benchmarks",
                "snv/SEQC2_freebayes/benchmarks/rtgtools",
                "snv/SEQC2_freebayes/benchmarks/rtgtools/SEQC2_freebayes.SEQC2.freebayes.fn.vcf.gz",
                "snv/SEQC2_freebayes/benchmarks/rtgtools/SEQC2_freebayes.SEQC2.freebayes.fn.vcf.gz.tbi",
                "snv/SEQC2_freebayes/benchmarks/rtgtools/SEQC2_freebayes.SEQC2.freebayes.fp.vcf.gz",
                "snv/SEQC2_freebayes/benchmarks/rtgtools/SEQC2_freebayes.SEQC2.freebayes.fp.vcf.gz.tbi",
                "snv/SEQC2_freebayes/benchmarks/rtgtools/SEQC2_freebayes.SEQC2.freebayes.non_snp_roc.tsv.gz",
                "snv/SEQC2_freebayes/benchmarks/rtgtools/SEQC2_freebayes.SEQC2.freebayes.phasing.txt",
                "snv/SEQC2_freebayes/benchmarks/rtgtools/SEQC2_freebayes.SEQC2.freebayes.snp_roc.tsv.gz",
                "snv/SEQC2_freebayes/benchmarks/rtgtools/SEQC2_freebayes.SEQC2.freebayes.summary.txt",
                "snv/SEQC2_freebayes/benchmarks/rtgtools/SEQC2_freebayes.SEQC2.freebayes.tp-baseline.vcf.gz",
                "snv/SEQC2_freebayes/benchmarks/rtgtools/SEQC2_freebayes.SEQC2.freebayes.tp-baseline.vcf.gz.tbi",
                "snv/SEQC2_freebayes/benchmarks/rtgtools/SEQC2_freebayes.SEQC2.freebayes.tp.vcf.gz",
                "snv/SEQC2_freebayes/benchmarks/rtgtools/SEQC2_freebayes.SEQC2.freebayes.tp.vcf.gz.tbi",
                "snv/SEQC2_freebayes/benchmarks/rtgtools/SEQC2_freebayes.SEQC2.freebayes.weighted_roc.tsv.gz",
                "snv/SEQC2_freebayes/benchmarks/sompy",
                "snv/SEQC2_freebayes/benchmarks/sompy/SEQC2_freebayes.SEQC2.freebayes.features.csv",
                "snv/SEQC2_freebayes/benchmarks/sompy/SEQC2_freebayes.SEQC2.freebayes.metrics.json",
                "snv/SEQC2_freebayes/benchmarks/sompy/SEQC2_freebayes.SEQC2.freebayes.stats.csv",
                "snv/SEQC2_freebayes/preprocess",
                "snv/SEQC2_freebayes/preprocess/SEQC2_freebayes.vcf.gz",
                "snv/SEQC2_freebayes/preprocess/SEQC2_freebayes.vcf.gz.tbi",
                "snv/SEQC2_freebayes/stats",
                "snv/SEQC2_freebayes/stats/bcftools",
                "snv/SEQC2_freebayes/stats/bcftools/SEQC2_freebayes.freebayes.bcftools_stats.txt",
                "snv/SEQC2_mutect2",
                "snv/SEQC2_mutect2/benchmarks",
                "snv/SEQC2_mutect2/benchmarks/rtgtools",
                "snv/SEQC2_mutect2/benchmarks/rtgtools/SEQC2_mutect2.SEQC2.mutect2.fn.vcf.gz",
                "snv/SEQC2_mutect2/benchmarks/rtgtools/SEQC2_mutect2.SEQC2.mutect2.fn.vcf.gz.tbi",
                "snv/SEQC2_mutect2/benchmarks/rtgtools/SEQC2_mutect2.SEQC2.mutect2.fp.vcf.gz",
                "snv/SEQC2_mutect2/benchmarks/rtgtools/SEQC2_mutect2.SEQC2.mutect2.fp.vcf.gz.tbi",
                "snv/SEQC2_mutect2/benchmarks/rtgtools/SEQC2_mutect2.SEQC2.mutect2.non_snp_roc.tsv.gz",
                "snv/SEQC2_mutect2/benchmarks/rtgtools/SEQC2_mutect2.SEQC2.mutect2.phasing.txt",
                "snv/SEQC2_mutect2/benchmarks/rtgtools/SEQC2_mutect2.SEQC2.mutect2.snp_roc.tsv.gz",
                "snv/SEQC2_mutect2/benchmarks/rtgtools/SEQC2_mutect2.SEQC2.mutect2.summary.txt",
                "snv/SEQC2_mutect2/benchmarks/rtgtools/SEQC2_mutect2.SEQC2.mutect2.tp-baseline.vcf.gz",
                "snv/SEQC2_mutect2/benchmarks/rtgtools/SEQC2_mutect2.SEQC2.mutect2.tp-baseline.vcf.gz.tbi",
                "snv/SEQC2_mutect2/benchmarks/rtgtools/SEQC2_mutect2.SEQC2.mutect2.tp.vcf.gz",
                "snv/SEQC2_mutect2/benchmarks/rtgtools/SEQC2_mutect2.SEQC2.mutect2.tp.vcf.gz.tbi",
                "snv/SEQC2_mutect2/benchmarks/rtgtools/SEQC2_mutect2.SEQC2.mutect2.weighted_roc.tsv.gz",
                "snv/SEQC2_mutect2/benchmarks/sompy",
                "snv/SEQC2_mutect2/benchmarks/sompy/SEQC2_mutect2.SEQC2.mutect2.features.csv",
                "snv/SEQC2_mutect2/benchmarks/sompy/SEQC2_mutect2.SEQC2.mutect2.metrics.json",
                "snv/SEQC2_mutect2/benchmarks/sompy/SEQC2_mutect2.SEQC2.mutect2.stats.csv",
                "snv/SEQC2_mutect2/preprocess",
                "snv/SEQC2_mutect2/preprocess/SEQC2_mutect2.vcf.gz",
                "snv/SEQC2_mutect2/preprocess/SEQC2_mutect2.vcf.gz.tbi",
                "snv/SEQC2_mutect2/stats",
                "snv/SEQC2_mutect2/stats/bcftools",
                "snv/SEQC2_mutect2/stats/bcftools/SEQC2_mutect2.mutect2.bcftools_stats.txt",
                "snv/SEQC2_strelka",
                "snv/SEQC2_strelka/benchmarks",
                "snv/SEQC2_strelka/benchmarks/rtgtools",
                "snv/SEQC2_strelka/benchmarks/rtgtools/SEQC2_strelka.SEQC2.strelka.fn.vcf.gz",
                "snv/SEQC2_strelka/benchmarks/rtgtools/SEQC2_strelka.SEQC2.strelka.fn.vcf.gz.tbi",
                "snv/SEQC2_strelka/benchmarks/rtgtools/SEQC2_strelka.SEQC2.strelka.fp.vcf.gz",
                "snv/SEQC2_strelka/benchmarks/rtgtools/SEQC2_strelka.SEQC2.strelka.fp.vcf.gz.tbi",
                "snv/SEQC2_strelka/benchmarks/rtgtools/SEQC2_strelka.SEQC2.strelka.non_snp_roc.tsv.gz",
                "snv/SEQC2_strelka/benchmarks/rtgtools/SEQC2_strelka.SEQC2.strelka.phasing.txt",
                "snv/SEQC2_strelka/benchmarks/rtgtools/SEQC2_strelka.SEQC2.strelka.snp_roc.tsv.gz",
                "snv/SEQC2_strelka/benchmarks/rtgtools/SEQC2_strelka.SEQC2.strelka.summary.txt",
                "snv/SEQC2_strelka/benchmarks/rtgtools/SEQC2_strelka.SEQC2.strelka.tp-baseline.vcf.gz",
                "snv/SEQC2_strelka/benchmarks/rtgtools/SEQC2_strelka.SEQC2.strelka.tp-baseline.vcf.gz.tbi",
                "snv/SEQC2_strelka/benchmarks/rtgtools/SEQC2_strelka.SEQC2.strelka.tp.vcf.gz",
                "snv/SEQC2_strelka/benchmarks/rtgtools/SEQC2_strelka.SEQC2.strelka.tp.vcf.gz.tbi",
                "snv/SEQC2_strelka/benchmarks/rtgtools/SEQC2_strelka.SEQC2.strelka.weighted_roc.tsv.gz",
                "snv/SEQC2_strelka/benchmarks/sompy",
                "snv/SEQC2_strelka/benchmarks/sompy/SEQC2_strelka.SEQC2.strelka.features.csv",
                "snv/SEQC2_strelka/benchmarks/sompy/SEQC2_strelka.SEQC2.strelka.metrics.json",
                "snv/SEQC2_strelka/benchmarks/sompy/SEQC2_strelka.SEQC2.strelka.stats.csv",
                "snv/SEQC2_strelka/preprocess",
                "snv/SEQC2_strelka/preprocess/SEQC2_strelka.vcf.gz",
                "snv/SEQC2_strelka/preprocess/SEQC2_strelka.vcf.gz.tbi",
                "snv/SEQC2_strelka/stats",
                "snv/SEQC2_strelka/stats/bcftools",
                "snv/SEQC2_strelka/stats/bcftools/SEQC2_strelka.strelka.bcftools_stats.txt",
                "snv/multiqc",
                "snv/multiqc/multiqc_data",
                "snv/multiqc/multiqc_data/bcftools-stats-subtypes.txt",
                "snv/multiqc/multiqc_data/bcftools_stats_indel-lengths.txt",
                "snv/multiqc/multiqc_data/bcftools_stats_variant_depths.txt",
                "snv/multiqc/multiqc_data/bcftools_stats_vqc_Count_Indels.txt",
                "snv/multiqc/multiqc_data/bcftools_stats_vqc_Count_SNP.txt",
                "snv/multiqc/multiqc_data/bcftools_stats_vqc_Count_Transitions.txt",
                "snv/multiqc/multiqc_data/bcftools_stats_vqc_Count_Transversions.txt",
                "snv/multiqc/multiqc_data/multiqc.log",
                "snv/multiqc/multiqc_data/multiqc_bcftools_stats.txt",
                "snv/multiqc/multiqc_data/multiqc_citations.txt",
                "snv/multiqc/multiqc_data/multiqc_data.json",
                "snv/multiqc/multiqc_data/multiqc_general_stats.txt",
                "snv/multiqc/multiqc_data/multiqc_software_versions.txt",
                "snv/multiqc/multiqc_data/multiqc_sources.txt",
                "snv/multiqc/multiqc_plots",
                "snv/multiqc/multiqc_plots/pdf",
                "snv/multiqc/multiqc_plots/pdf/bcftools-stats-subtypes-cnt.pdf",
                "snv/multiqc/multiqc_plots/pdf/bcftools-stats-subtypes-pct.pdf",
                "snv/multiqc/multiqc_plots/pdf/bcftools_stats_indel-lengths.pdf",
                "snv/multiqc/multiqc_plots/pdf/bcftools_stats_variant_depths.pdf",
                "snv/multiqc/multiqc_plots/pdf/bcftools_stats_vqc_Count_Indels.pdf",
                "snv/multiqc/multiqc_plots/pdf/bcftools_stats_vqc_Count_SNP.pdf",
                "snv/multiqc/multiqc_plots/pdf/bcftools_stats_vqc_Count_Transitions.pdf",
                "snv/multiqc/multiqc_plots/pdf/bcftools_stats_vqc_Count_Transversions.pdf",
                "snv/multiqc/multiqc_plots/pdf/general_stats_table.pdf",
                "snv/multiqc/multiqc_plots/png",
                "snv/multiqc/multiqc_plots/png/bcftools-stats-subtypes-cnt.png",
                "snv/multiqc/multiqc_plots/png/bcftools-stats-subtypes-pct.png",
                "snv/multiqc/multiqc_plots/png/bcftools_stats_indel-lengths.png",
                "snv/multiqc/multiqc_plots/png/bcftools_stats_variant_depths.png",
                "snv/multiqc/multiqc_plots/png/bcftools_stats_vqc_Count_Indels.png",
                "snv/multiqc/multiqc_plots/png/bcftools_stats_vqc_Count_SNP.png",
                "snv/multiqc/multiqc_plots/png/bcftools_stats_vqc_Count_Transitions.png",
                "snv/multiqc/multiqc_plots/png/bcftools_stats_vqc_Count_Transversions.png",
                "snv/multiqc/multiqc_plots/png/general_stats_table.png",
                "snv/multiqc/multiqc_plots/svg",
                "snv/multiqc/multiqc_plots/svg/bcftools-stats-subtypes-cnt.svg",
                "snv/multiqc/multiqc_plots/svg/bcftools-stats-subtypes-pct.svg",
                "snv/multiqc/multiqc_plots/svg/bcftools_stats_indel-lengths.svg",
                "snv/multiqc/multiqc_plots/svg/bcftools_stats_variant_depths.svg",
                "snv/multiqc/multiqc_plots/svg/bcftools_stats_vqc_Count_Indels.svg",
                "snv/multiqc/multiqc_plots/svg/bcftools_stats_vqc_Count_SNP.svg",
                "snv/multiqc/multiqc_plots/svg/bcftools_stats_vqc_Count_Transitions.svg",
                "snv/multiqc/multiqc_plots/svg/bcftools_stats_vqc_Count_Transversions.svg",
                "snv/multiqc/multiqc_plots/svg/general_stats_table.svg",
                "snv/multiqc/multiqc_report.html",
                "snv/summary",
                "snv/summary/comparisons",
                "snv/summary/comparisons/rtgtools",
                "snv/summary/comparisons/rtgtools/rtgtools.FN.csv",
                "snv/summary/comparisons/rtgtools/rtgtools.FP.csv",
                "snv/summary/comparisons/rtgtools/rtgtools.TP_base.csv",
                "snv/summary/comparisons/rtgtools/rtgtools.TP_comp.csv",
                "snv/summary/comparisons/sompy",
                "snv/summary/comparisons/sompy/sompy.FN.summary.csv",
                "snv/summary/comparisons/sompy/sompy.FP.summary.csv",
                "snv/summary/comparisons/sompy/sompy.TP.summary.csv",
                "snv/summary/datavzrd",
                "snv/summary/datavzrd/rtgtools",
                "snv/summary/datavzrd/rtgtools/index.html",
                "snv/summary/datavzrd/rtgtools/static",
                "snv/summary/datavzrd/rtgtools/static/bootstrap-select.min.css",
                "snv/summary/datavzrd/rtgtools/static/bootstrap-table-fixed-columns.min.css",
                "snv/summary/datavzrd/rtgtools/static/bootstrap-table.min.css",
                "snv/summary/datavzrd/rtgtools/static/bootstrap.min.css",
                "snv/summary/datavzrd/rtgtools/static/bundle.js",
                "snv/summary/datavzrd/rtgtools/static/datavzrd.css",
                "snv/summary/datavzrd/rtgtools/test",
                "snv/summary/datavzrd/rtgtools/test/config.js",
                "snv/summary/datavzrd/rtgtools/test/data",
                "snv/summary/datavzrd/rtgtools/test/data/data_1.js",
                "snv/summary/datavzrd/rtgtools/test/functions.js",
                "snv/summary/datavzrd/rtgtools/test/heatmap.js",
                "snv/summary/datavzrd/rtgtools/test/index_1.html",
                "snv/summary/datavzrd/rtgtools/test/plots",
                "snv/summary/datavzrd/rtgtools/test/plots/plot_0.js",
                "snv/summary/datavzrd/rtgtools/test/plots/plot_1.js",
                "snv/summary/datavzrd/rtgtools/test/plots/plot_2.js",
                "snv/summary/datavzrd/rtgtools/test/plots/plot_3.js",
                "snv/summary/datavzrd/rtgtools/test/plots/plot_4.js",
                "snv/summary/datavzrd/rtgtools/test/plots/plot_5.js",
                "snv/summary/datavzrd/rtgtools/test/plots/plot_6.js",
                "snv/summary/datavzrd/rtgtools/test/plots/plot_7.js",
                "snv/summary/datavzrd/rtgtools/test/plots/plot_8.js",
                "snv/summary/datavzrd/rtgtools/test/plots/plot_9.js",
                "snv/summary/datavzrd/sompy",
                "snv/summary/datavzrd/sompy/index.html",
                "snv/summary/datavzrd/sompy/static",
                "snv/summary/datavzrd/sompy/static/bootstrap-select.min.css",
                "snv/summary/datavzrd/sompy/static/bootstrap-table-fixed-columns.min.css",
                "snv/summary/datavzrd/sompy/static/bootstrap-table.min.css",
                "snv/summary/datavzrd/sompy/static/bootstrap.min.css",
                "snv/summary/datavzrd/sompy/static/bundle.js",
                "snv/summary/datavzrd/sompy/static/datavzrd.css",
                "snv/summary/datavzrd/sompy/test",
                "snv/summary/datavzrd/sompy/test/config.js",
                "snv/summary/datavzrd/sompy/test/data",
                "snv/summary/datavzrd/sompy/test/data/data_1.js",
                "snv/summary/datavzrd/sompy/test/functions.js",
                "snv/summary/datavzrd/sompy/test/heatmap.js",
                "snv/summary/datavzrd/sompy/test/index_1.html",
                "snv/summary/datavzrd/sompy/test/plots",
                "snv/summary/datavzrd/sompy/test/plots/plot_0.js",
                "snv/summary/datavzrd/sompy/test/plots/plot_1.js",
                "snv/summary/datavzrd/sompy/test/plots/plot_10.js",
                "snv/summary/datavzrd/sompy/test/plots/plot_11.js",
                "snv/summary/datavzrd/sompy/test/plots/plot_12.js",
                "snv/summary/datavzrd/sompy/test/plots/plot_13.js",
                "snv/summary/datavzrd/sompy/test/plots/plot_14.js",
                "snv/summary/datavzrd/sompy/test/plots/plot_15.js",
                "snv/summary/datavzrd/sompy/test/plots/plot_16.js",
                "snv/summary/datavzrd/sompy/test/plots/plot_17.js",
                "snv/summary/datavzrd/sompy/test/plots/plot_18.js",
                "snv/summary/datavzrd/sompy/test/plots/plot_19.js",
                "snv/summary/datavzrd/sompy/test/plots/plot_2.js",
                "snv/summary/datavzrd/sompy/test/plots/plot_3.js",
                "snv/summary/datavzrd/sompy/test/plots/plot_4.js",
                "snv/summary/datavzrd/sompy/test/plots/plot_5.js",
                "snv/summary/datavzrd/sompy/test/plots/plot_6.js",
                "snv/summary/datavzrd/sompy/test/plots/plot_7.js",
                "snv/summary/datavzrd/sompy/test/plots/plot_8.js",
                "snv/summary/datavzrd/sompy/test/plots/plot_9.js",
                "snv/summary/datavzrd/versions.yml",
                "snv/summary/plots",
                "snv/summary/plots/rtgtools",
                "snv/summary/plots/rtgtools/f1_by_tool_rtgtools_mqc.png",
                "snv/summary/plots/rtgtools/pr_recall_by_tool_rtgtools_mqc.png",
                "snv/summary/plots/rtgtools/variants_by_tool_rtgtools_mqc.png",
                "snv/summary/plots/sompy",
                "snv/summary/plots/sompy/f1_by_tool_sompy_mqc.png",
                "snv/summary/plots/sompy/pr_recall_by_tool_sompy_mqc.png",
                "snv/summary/plots/sompy/variants_by_tool_sompy_mqc.png",
                "snv/summary/tables",
                "snv/summary/tables/rtgtools",
                "snv/summary/tables/rtgtools/rtgtools.summary.csv",
                "snv/summary/tables/sompy",
                "snv/summary/tables/sompy/sompy.regions.csv",
                "snv/summary/tables/sompy/sompy.summary.csv"
            ],
            [
                "nameIndex0:md5,720ad6dfad3d1ee07a3a2bc3ed953395",
                "namedata0:md5,758c4a60948aed6c6a4c78323aa73ab3",
                "namepointer0:md5,319f9f665b338f0e218677e036637e94",
                "reference.txt:md5,c9f7ef637449eb0f006d90080a130e30",
                "seqdata0:md5,ea8728adf43db158305ba188de66e838",
                "seqdata1:md5,d3470516d52b20e9477323d051846c3f",
                "seqdata2:md5,1fd1a98f39b966aac0b696b122a1c6d5",
                "seqdata3:md5,49ba3e2d1b4ada1d7ed2c29079833491",
                "seqpointer0:md5,77ad13d617e120eadad10bdec41cc00f",
                "seqpointer1:md5,fce3fdba9b237ec51f3c356086d0f8b9",
                "seqpointer2:md5,3d99bc0313f17f491a0a2903d6585b14",
                "seqpointer3:md5,2a69114e099aa0752e78f417cc8fe7bb",
                "sequenceIndex0:md5,18c7d37abf02d389fda5d9945b16b614",
                "suffixIndex0:md5,b7bb2ba061ab54c0bf07c0a941d0277a",
                "suffixdata0:md5,f2876dd730673cd49c4de191001f634e",
                "suffixpointer0:md5,468281ffb10d7dd934289af762a03781",
                "SEQC2.bcftools_stats.txt:md5,b54ef62c30c850827bbc5ac1b0557988",
                "SEQC2_freebayes.SEQC2.freebayes.phasing.txt:md5,38920536b8c3e241e873c07ba61762e6",
                "SEQC2_freebayes.SEQC2.freebayes.summary.txt:md5,f2197ea4880bb81cb5bad21aa3e4e493",
                "SEQC2_freebayes.freebayes.bcftools_stats.txt:md5,755ab4214cac06e35bf02e0cd25f6a0b",
                "SEQC2_mutect2.SEQC2.mutect2.phasing.txt:md5,38920536b8c3e241e873c07ba61762e6",
                "SEQC2_mutect2.SEQC2.mutect2.summary.txt:md5,7a3fe0bd6bfbbc7fc78f37babbf10a83",
                "SEQC2_mutect2.mutect2.bcftools_stats.txt:md5,50c7a986792c906ecac862457103636e",
                "SEQC2_strelka.SEQC2.strelka.phasing.txt:md5,38920536b8c3e241e873c07ba61762e6",
                "SEQC2_strelka.SEQC2.strelka.summary.txt:md5,7a3fe0bd6bfbbc7fc78f37babbf10a83",
                "SEQC2_strelka.strelka.bcftools_stats.txt:md5,7c318290c6e4d5cb34084ab0d6e85f92"
            ]
        ],
        "meta": {
            "nf-test": "0.9.2",
            "nextflow": "25.04.4"
        },
        "timestamp": "2025-06-17T09:30:29.847947969"
    }
}