{
    "filter variants with survivor": {
        "content": [
            [
                [
                    {
                        "id": "test"
                    },
                    "simulated_sv.filter.vcf.gz",
                    "VcfFile [chromosomes=[chr21], sampleCount=1, variantCount=136, phased=false, phasedAutodetect=false]",
                    "d694afb9e7ca8d8b25462bf6896448e5",
                    "simulated_sv.filter.vcf.gz.tbi"
                ]
            ],
            {
                
            }
        ],
        "timestamp": "2026-03-24T14:49:00.269505861",
        "meta": {
            "nf-test": "0.9.4",
            "nextflow": "25.10.4"
        }
    },
    "filter variants with bcftools": {
        "content": [
            [
                [
                    {
                        "id": "test"
                    },
                    "test.filter.vcf.gz",
                    "VcfFile [chromosomes=[MT192765.1], sampleCount=1, variantCount=3, phased=false, phasedAutodetect=false]",
                    "a40391b9ab9f7acc35234e1c4512365d",
                    "test.filter.vcf.gz.tbi"
                ]
            ],
            {
                
            }
        ],
        "timestamp": "2026-03-24T14:48:26.074837254",
        "meta": {
            "nf-test": "0.9.4",
            "nextflow": "25.10.4"
        }
    },
    "filter variants stub": {
        "content": [
            {
                "0": [
                    [
                        {
                            "id": "test"
                        },
                        "test.filter.vcf.gz:md5,68b329da9893e34099c7d8ad5cb9c940",
                        "test.filter.vcf.gz.tbi:md5,d41d8cd98f00b204e9800998ecf8427e"
                    ]
                ],
                "vcf_ch": [
                    [
                        {
                            "id": "test"
                        },
                        "test.filter.vcf.gz:md5,68b329da9893e34099c7d8ad5cb9c940",
                        "test.filter.vcf.gz.tbi:md5,d41d8cd98f00b204e9800998ecf8427e"
                    ]
                ]
            }
        ],
        "timestamp": "2026-03-19T12:21:43.204641525",
        "meta": {
            "nf-test": "0.9.4",
            "nextflow": "25.10.4"
        }
    }
}