{
    "Standard sompy features split": {
        "content": [
            {
                "0": [
                    [
                        {
                            "id": "test_sompy"
                        },
                        "test_sompy.truth.null.TP_comp.csv:md5,fc9c5a6ec4b6f72b72b27bda93ff2c08"
                    ]
                ],
                "1": [
                    [
                        {
                            "id": "test_sompy"
                        },
                        "test_sompy.truth.null.FP.csv:md5,67fbf259a55374e113030eb50abe0fc0"
                    ]
                ],
                "2": [
                    [
                        {
                            "id": "test_sompy"
                        },
                        "test_sompy.truth.null.FN.csv:md5,4004c0ce49f93b4608820d69aedabf51"
                    ]
                ],
                "3": [
                    [
                        "SOMPY_FEATURES_SPLIT",
                        "python",
                        "3.13.0"
                    ]
                ],
                "FN": [
                    [
                        {
                            "id": "test_sompy"
                        },
                        "test_sompy.truth.null.FN.csv:md5,4004c0ce49f93b4608820d69aedabf51"
                    ]
                ],
                "FP": [
                    [
                        {
                            "id": "test_sompy"
                        },
                        "test_sompy.truth.null.FP.csv:md5,67fbf259a55374e113030eb50abe0fc0"
                    ]
                ],
                "TP": [
                    [
                        {
                            "id": "test_sompy"
                        },
                        "test_sompy.truth.null.TP_comp.csv:md5,fc9c5a6ec4b6f72b72b27bda93ff2c08"
                    ]
                ],
                "versions_python": [
                    [
                        "SOMPY_FEATURES_SPLIT",
                        "python",
                        "3.13.0"
                    ]
                ]
            }
        ],
        "timestamp": "2026-03-23T10:51:31.454320517",
        "meta": {
            "nf-test": "0.9.4",
            "nextflow": "25.10.4"
        }
    },
    "Standard sompy features split stub": {
        "content": [
            {
                "0": [
                    [
                        {
                            "id": "test_stub"
                        },
                        "test_stub.truth.null.TP_comp.csv:md5,d41d8cd98f00b204e9800998ecf8427e"
                    ]
                ],
                "1": [
                    [
                        {
                            "id": "test_stub"
                        },
                        "test_stub.truth.null.FP.csv:md5,d41d8cd98f00b204e9800998ecf8427e"
                    ]
                ],
                "2": [
                    [
                        {
                            "id": "test_stub"
                        },
                        "test_stub.truth.null.FN.csv:md5,d41d8cd98f00b204e9800998ecf8427e"
                    ]
                ],
                "3": [
                    [
                        "SOMPY_FEATURES_SPLIT",
                        "python",
                        "3.13.0"
                    ]
                ],
                "FN": [
                    [
                        {
                            "id": "test_stub"
                        },
                        "test_stub.truth.null.FN.csv:md5,d41d8cd98f00b204e9800998ecf8427e"
                    ]
                ],
                "FP": [
                    [
                        {
                            "id": "test_stub"
                        },
                        "test_stub.truth.null.FP.csv:md5,d41d8cd98f00b204e9800998ecf8427e"
                    ]
                ],
                "TP": [
                    [
                        {
                            "id": "test_stub"
                        },
                        "test_stub.truth.null.TP_comp.csv:md5,d41d8cd98f00b204e9800998ecf8427e"
                    ]
                ],
                "versions_python": [
                    [
                        "SOMPY_FEATURES_SPLIT",
                        "python",
                        "3.13.0"
                    ]
                ]
            }
        ],
        "timestamp": "2026-03-23T10:51:42.34208242",
        "meta": {
            "nf-test": "0.9.4",
            "nextflow": "25.10.4"
        }
    }
}