{
    "Standard SV length plot - stub": {
        "content": [
            [
                [
                    "PLOTS_SVLEN_DIST",
                    "python",
                    "3.12.14"
                ]
            ]
        ],
        "timestamp": "2026-09-18T15:00:58.759434616",
        "meta": {
            "nf-test": "0.9.5",
            "nextflow": "26.04.1"
        }
    },
    "Standard SV length plot - VCF": {
        "content": [
            [
                [
                    "PLOTS_SVLEN_DIST",
                    "python",
                    "3.12.14"
                ]
            ]
        ],
        "timestamp": "2026-09-18T15:00:47.851442738",
        "meta": {
            "nf-test": "0.9.5",
            "nextflow": "26.04.1"
        }
    }
}